Command line invocation:
    /Applications/Xcode.app/Contents/Developer/usr/bin/xcodebuild -project SlingApp.xcodeproj -scheme SlingApp -destination "platform=iOS Simulator,name=iPhone 16" build

Resolve Package Graph


Resolved source packages:
  GoogleAppMeasurement: https://github.com/google/GoogleAppMeasurement.git @ 10.25.0
  SwiftProtobuf: https://github.com/apple/swift-protobuf.git @ 1.30.0
  GoogleDataTransport: https://github.com/google/GoogleDataTransport.git @ 9.4.0
  gRPC: https://github.com/google/grpc-binary.git @ 1.62.2
  abseil: https://github.com/google/abseil-cpp-binary.git @ 1.2024011602.0
  nanopb: https://github.com/firebase/nanopb.git @ 2.30910.0
  Firebase: https://github.com/firebase/firebase-ios-sdk @ 10.25.0
  GTMSessionFetcher: https://github.com/google/gtm-session-fetcher.git @ 3.5.0
  leveldb: https://github.com/firebase/leveldb.git @ 1.22.5
  InteropForGoogle: https://github.com/google/interop-ios-for-google-sdks.git @ 100.0.0
  AppCheck: https://github.com/google/app-check.git @ 10.19.2
  Promises: https://github.com/google/promises.git @ 2.4.0
  GoogleUtilities: https://github.com/google/GoogleUtilities.git @ 7.13.3

--- xcodebuild: WARNING: Using the first of multiple matching destinations:
{ platform:iOS Simulator, arch:arm64, id:3B119C69-A2B6-4E6A-A320-65ADE8C00FAE, OS:18.5, name:iPhone 16 }
{ platform:iOS Simulator, arch:x86_64, id:3B119C69-A2B6-4E6A-A320-65ADE8C00FAE, OS:18.5, name:iPhone 16 }
ComputePackagePrebuildTargetDependencyGraph

Prepare packages

CreateBuildRequest

SendProjectDescription

CreateBuildOperation

ComputeTargetDependencyGraph
note: Building targets in dependency order
note: Target dependency graph (79 targets)
    Target 'SlingApp' in project 'SlingApp'
        ➜ Explicit dependency on target 'FirebaseAnalytics' in project 'Firebase'
        ➜ Explicit dependency on target 'FirebaseAuth' in project 'Firebase'
        ➜ Explicit dependency on target 'FirebaseDatabase' in project 'Firebase'
        ➜ Explicit dependency on target 'FirebaseFirestoreSwift' in project 'Firebase'
        ➜ Explicit dependency on target 'FirebaseFirestore' in project 'Firebase'
    Target 'FirebaseFirestore' in project 'Firebase'
        ➜ Explicit dependency on target 'FirebaseFirestoreTarget' in project 'Firebase'
        ➜ Explicit dependency on target 'FirebaseFirestoreInternalWrapper' in project 'Firebase'
        ➜ Explicit dependency on target 'FirebaseAppCheckInterop' in project 'Firebase'
        ➜ Explicit dependency on target 'Firebase' in project 'Firebase'
        ➜ Explicit dependency on target 'FirebaseCoreInternal' in project 'Firebase'
        ➜ Explicit dependency on target 'FirebaseCore' in project 'Firebase'
        ➜ Explicit dependency on target 'FirebaseCoreExtension' in project 'Firebase'
        ➜ Explicit dependency on target 'FirebaseSharedSwift' in project 'Firebase'
        ➜ Explicit dependency on target 'FirebaseFirestore' in project 'Firebase'
        ➜ Explicit dependency on target 'GULNSData' in project 'GoogleUtilities'
        ➜ Explicit dependency on target 'GULEnvironment' in project 'GoogleUtilities'
        ➜ Explicit dependency on target 'GULLogger' in project 'GoogleUtilities'
        ➜ Explicit dependency on target 'abseil' in project 'abseil'
        ➜ Explicit dependency on target 'gRPC-C++' in project 'gRPC'
        ➜ Explicit dependency on target 'nanopb' in project 'nanopb'
        ➜ Explicit dependency on target 'leveldb' in project 'leveldb'
    Target 'FirebaseFirestoreSwift' in project 'Firebase'
        ➜ Explicit dependency on target 'FirebaseFirestoreSwiftTarget' in project 'Firebase'
        ➜ Explicit dependency on target 'FirebaseFirestoreInternalWrapper' in project 'Firebase'
        ➜ Explicit dependency on target 'FirebaseAppCheckInterop' in project 'Firebase'
        ➜ Explicit dependency on target 'Firebase' in project 'Firebase'
        ➜ Explicit dependency on target 'FirebaseCoreInternal' in project 'Firebase'
        ➜ Explicit dependency on target 'FirebaseCore' in project 'Firebase'
        ➜ Explicit dependency on target 'FirebaseCoreExtension' in project 'Firebase'
        ➜ Explicit dependency on target 'FirebaseSharedSwift' in project 'Firebase'
        ➜ Explicit dependency on target 'FirebaseFirestore' in project 'Firebase'
        ➜ Explicit dependency on target 'FirebaseFirestoreTarget' in project 'Firebase'
        ➜ Explicit dependency on target 'FirebaseFirestoreSwift' in project 'Firebase'
        ➜ Explicit dependency on target 'GULNSData' in project 'GoogleUtilities'
        ➜ Explicit dependency on target 'GULEnvironment' in project 'GoogleUtilities'
        ➜ Explicit dependency on target 'GULLogger' in project 'GoogleUtilities'
        ➜ Explicit dependency on target 'abseil' in project 'abseil'
        ➜ Explicit dependency on target 'gRPC-C++' in project 'gRPC'
        ➜ Explicit dependency on target 'nanopb' in project 'nanopb'
        ➜ Explicit dependency on target 'leveldb' in project 'leveldb'
    Target 'FirebaseFirestoreSwiftTarget' in project 'Firebase'
        ➜ Explicit dependency on target 'FirebaseFirestoreInternalWrapper' in project 'Firebase'
        ➜ Explicit dependency on target 'FirebaseAppCheckInterop' in project 'Firebase'
        ➜ Explicit dependency on target 'Firebase' in project 'Firebase'
        ➜ Explicit dependency on target 'FirebaseCoreInternal' in project 'Firebase'
        ➜ Explicit dependency on target 'FirebaseCore' in project 'Firebase'
        ➜ Explicit dependency on target 'FirebaseCoreExtension' in project 'Firebase'
        ➜ Explicit dependency on target 'FirebaseSharedSwift' in project 'Firebase'
        ➜ Explicit dependency on target 'FirebaseFirestore' in project 'Firebase'
        ➜ Explicit dependency on target 'FirebaseFirestoreTarget' in project 'Firebase'
        ➜ Explicit dependency on target 'FirebaseFirestoreSwift' in project 'Firebase'
        ➜ Explicit dependency on target 'GULNSData' in project 'GoogleUtilities'
        ➜ Explicit dependency on target 'GULEnvironment' in project 'GoogleUtilities'
        ➜ Explicit dependency on target 'GULLogger' in project 'GoogleUtilities'
        ➜ Explicit dependency on target 'abseil' in project 'abseil'
        ➜ Explicit dependency on target 'gRPC-C++' in project 'gRPC'
        ➜ Explicit dependency on target 'nanopb' in project 'nanopb'
        ➜ Explicit dependency on target 'leveldb' in project 'leveldb'
    Target 'FirebaseFirestoreSwift' in project 'Firebase'
        ➜ Explicit dependency on target 'FirebaseFirestoreInternalWrapper' in project 'Firebase'
        ➜ Explicit dependency on target 'FirebaseAppCheckInterop' in project 'Firebase'
        ➜ Explicit dependency on target 'Firebase' in project 'Firebase'
        ➜ Explicit dependency on target 'FirebaseCoreInternal' in project 'Firebase'
        ➜ Explicit dependency on target 'FirebaseCore' in project 'Firebase'
        ➜ Explicit dependency on target 'FirebaseCoreExtension' in project 'Firebase'
        ➜ Explicit dependency on target 'FirebaseSharedSwift' in project 'Firebase'
        ➜ Explicit dependency on target 'FirebaseFirestore' in project 'Firebase'
        ➜ Explicit dependency on target 'FirebaseFirestoreTarget' in project 'Firebase'
        ➜ Explicit dependency on target 'GULNSData' in project 'GoogleUtilities'
        ➜ Explicit dependency on target 'GULEnvironment' in project 'GoogleUtilities'
        ➜ Explicit dependency on target 'GULLogger' in project 'GoogleUtilities'
        ➜ Explicit dependency on target 'abseil' in project 'abseil'
        ➜ Explicit dependency on target 'gRPC-C++' in project 'gRPC'
        ➜ Explicit dependency on target 'nanopb' in project 'nanopb'
        ➜ Explicit dependency on target 'leveldb' in project 'leveldb'
    Target 'FirebaseFirestoreTarget' in project 'Firebase'
        ➜ Explicit dependency on target 'FirebaseFirestoreInternalWrapper' in project 'Firebase'
        ➜ Explicit dependency on target 'FirebaseAppCheckInterop' in project 'Firebase'
        ➜ Explicit dependency on target 'Firebase' in project 'Firebase'
        ➜ Explicit dependency on target 'FirebaseCoreInternal' in project 'Firebase'
        ➜ Explicit dependency on target 'FirebaseCore' in project 'Firebase'
        ➜ Explicit dependency on target 'FirebaseCoreExtension' in project 'Firebase'
        ➜ Explicit dependency on target 'FirebaseSharedSwift' in project 'Firebase'
        ➜ Explicit dependency on target 'FirebaseFirestore' in project 'Firebase'
        ➜ Explicit dependency on target 'GULNSData' in project 'GoogleUtilities'
        ➜ Explicit dependency on target 'GULEnvironment' in project 'GoogleUtilities'
        ➜ Explicit dependency on target 'GULLogger' in project 'GoogleUtilities'
        ➜ Explicit dependency on target 'abseil' in project 'abseil'
        ➜ Explicit dependency on target 'gRPC-C++' in project 'gRPC'
        ➜ Explicit dependency on target 'nanopb' in project 'nanopb'
        ➜ Explicit dependency on target 'leveldb' in project 'leveldb'
    Target 'FirebaseFirestore' in project 'Firebase'
        ➜ Explicit dependency on target 'Firebase_FirebaseFirestore' in project 'Firebase'
        ➜ Explicit dependency on target 'FirebaseFirestoreInternalWrapper' in project 'Firebase'
        ➜ Explicit dependency on target 'FirebaseAppCheckInterop' in project 'Firebase'
        ➜ Explicit dependency on target 'Firebase' in project 'Firebase'
        ➜ Explicit dependency on target 'FirebaseCoreInternal' in project 'Firebase'
        ➜ Explicit dependency on target 'FirebaseCore' in project 'Firebase'
        ➜ Explicit dependency on target 'FirebaseCoreExtension' in project 'Firebase'
        ➜ Explicit dependency on target 'FirebaseSharedSwift' in project 'Firebase'
        ➜ Explicit dependency on target 'GULNSData' in project 'GoogleUtilities'
        ➜ Explicit dependency on target 'GULEnvironment' in project 'GoogleUtilities'
        ➜ Explicit dependency on target 'GULLogger' in project 'GoogleUtilities'
        ➜ Explicit dependency on target 'abseil' in project 'abseil'
        ➜ Explicit dependency on target 'gRPC-C++' in project 'gRPC'
        ➜ Explicit dependency on target 'nanopb' in project 'nanopb'
        ➜ Explicit dependency on target 'leveldb' in project 'leveldb'
    Target 'gRPC-C++' in project 'gRPC'
        ➜ Explicit dependency on target 'grpcppWrapper' in project 'gRPC'
        ➜ Explicit dependency on target 'gRPC_grpcppWrapper' in project 'gRPC'
        ➜ Explicit dependency on target 'grpcWrapper' in project 'gRPC'
        ➜ Explicit dependency on target 'opensslWrapper' in project 'gRPC'
        ➜ Explicit dependency on target 'abseil' in project 'abseil'
    Target 'grpcppWrapper' in project 'gRPC'
        ➜ Explicit dependency on target 'gRPC_grpcppWrapper' in project 'gRPC'
        ➜ Explicit dependency on target 'grpcWrapper' in project 'gRPC'
        ➜ Explicit dependency on target 'opensslWrapper' in project 'gRPC'
        ➜ Explicit dependency on target 'abseil' in project 'abseil'
    Target 'opensslWrapper' in project 'gRPC'
        ➜ Explicit dependency on target 'gRPC_opensslWrapper' in project 'gRPC'
    Target 'gRPC_opensslWrapper' in project 'gRPC' (no dependencies)
    Target 'grpcWrapper' in project 'gRPC'
        ➜ Explicit dependency on target 'gRPC_grpcWrapper' in project 'gRPC'
    Target 'gRPC_grpcWrapper' in project 'gRPC' (no dependencies)
    Target 'gRPC_grpcppWrapper' in project 'gRPC' (no dependencies)
    Target 'abseil' in project 'abseil'
        ➜ Explicit dependency on target 'abslWrapper' in project 'abseil'
        ➜ Explicit dependency on target 'abseil_abslWrapper' in project 'abseil'
    Target 'abslWrapper' in project 'abseil'
        ➜ Explicit dependency on target 'abseil_abslWrapper' in project 'abseil'
    Target 'abseil_abslWrapper' in project 'abseil' (no dependencies)
    Target 'Firebase_FirebaseFirestore' in project 'Firebase' (no dependencies)
    Target 'FirebaseCoreExtension' in project 'Firebase'
        ➜ Explicit dependency on target 'Firebase_FirebaseCoreExtension' in project 'Firebase'
    Target 'Firebase_FirebaseCoreExtension' in project 'Firebase' (no dependencies)
    Target 'FirebaseFirestoreInternalWrapper' in project 'Firebase' (no dependencies)
    Target 'FirebaseDatabase' in project 'Firebase'
        ➜ Explicit dependency on target 'FirebaseDatabase' in project 'Firebase'
        ➜ Explicit dependency on target 'FirebaseAppCheckInterop' in project 'Firebase'
        ➜ Explicit dependency on target 'Firebase' in project 'Firebase'
        ➜ Explicit dependency on target 'FirebaseCoreInternal' in project 'Firebase'
        ➜ Explicit dependency on target 'FirebaseCore' in project 'Firebase'
        ➜ Explicit dependency on target 'FirebaseDatabaseInternal' in project 'Firebase'
        ➜ Explicit dependency on target 'FirebaseSharedSwift' in project 'Firebase'
        ➜ Explicit dependency on target 'GULNSData' in project 'GoogleUtilities'
        ➜ Explicit dependency on target 'GULEnvironment' in project 'GoogleUtilities'
        ➜ Explicit dependency on target 'GULLogger' in project 'GoogleUtilities'
        ➜ Explicit dependency on target 'leveldb' in project 'leveldb'
        ➜ Explicit dependency on target 'GULUserDefaults' in project 'GoogleUtilities'
    Target 'FirebaseDatabase' in project 'Firebase'
        ➜ Explicit dependency on target 'FirebaseAppCheckInterop' in project 'Firebase'
        ➜ Explicit dependency on target 'Firebase' in project 'Firebase'
        ➜ Explicit dependency on target 'FirebaseCoreInternal' in project 'Firebase'
        ➜ Explicit dependency on target 'FirebaseCore' in project 'Firebase'
        ➜ Explicit dependency on target 'FirebaseDatabaseInternal' in project 'Firebase'
        ➜ Explicit dependency on target 'FirebaseSharedSwift' in project 'Firebase'
        ➜ Explicit dependency on target 'GULNSData' in project 'GoogleUtilities'
        ➜ Explicit dependency on target 'GULEnvironment' in project 'GoogleUtilities'
        ➜ Explicit dependency on target 'GULLogger' in project 'GoogleUtilities'
        ➜ Explicit dependency on target 'leveldb' in project 'leveldb'
        ➜ Explicit dependency on target 'GULUserDefaults' in project 'GoogleUtilities'
    Target 'FirebaseSharedSwift' in project 'Firebase' (no dependencies)
    Target 'FirebaseDatabaseInternal' in project 'Firebase'
        ➜ Explicit dependency on target 'FirebaseAppCheckInterop' in project 'Firebase'
        ➜ Explicit dependency on target 'Firebase' in project 'Firebase'
        ➜ Explicit dependency on target 'FirebaseCoreInternal' in project 'Firebase'
        ➜ Explicit dependency on target 'FirebaseCore' in project 'Firebase'
        ➜ Explicit dependency on target 'GULNSData' in project 'GoogleUtilities'
        ➜ Explicit dependency on target 'GULEnvironment' in project 'GoogleUtilities'
        ➜ Explicit dependency on target 'GULLogger' in project 'GoogleUtilities'
        ➜ Explicit dependency on target 'leveldb' in project 'leveldb'
        ➜ Explicit dependency on target 'GULUserDefaults' in project 'GoogleUtilities'
    Target 'leveldb' in project 'leveldb'
        ➜ Explicit dependency on target 'leveldb' in project 'leveldb'
        ➜ Explicit dependency on target 'leveldb_leveldb' in project 'leveldb'
    Target 'leveldb' in project 'leveldb'
        ➜ Explicit dependency on target 'leveldb_leveldb' in project 'leveldb'
    Target 'leveldb_leveldb' in project 'leveldb' (no dependencies)
    Target 'FirebaseAuth' in project 'Firebase'
        ➜ Explicit dependency on target 'FirebaseAuth' in project 'Firebase'
        ➜ Explicit dependency on target 'Firebase_FirebaseAuth' in project 'Firebase'
        ➜ Explicit dependency on target 'FirebaseAppCheckInterop' in project 'Firebase'
        ➜ Explicit dependency on target 'Firebase' in project 'Firebase'
        ➜ Explicit dependency on target 'FirebaseCoreInternal' in project 'Firebase'
        ➜ Explicit dependency on target 'FirebaseCore' in project 'Firebase'
        ➜ Explicit dependency on target 'GULNSData' in project 'GoogleUtilities'
        ➜ Explicit dependency on target 'GULEnvironment' in project 'GoogleUtilities'
        ➜ Explicit dependency on target 'GULLogger' in project 'GoogleUtilities'
        ➜ Explicit dependency on target 'GULAppDelegateSwizzler' in project 'GoogleUtilities'
        ➜ Explicit dependency on target 'GTMSessionFetcherCore' in project 'GTMSessionFetcher'
        ➜ Explicit dependency on target 'RecaptchaInterop' in project 'InteropForGoogle'
    Target 'FirebaseAuth' in project 'Firebase'
        ➜ Explicit dependency on target 'Firebase_FirebaseAuth' in project 'Firebase'
        ➜ Explicit dependency on target 'FirebaseAppCheckInterop' in project 'Firebase'
        ➜ Explicit dependency on target 'Firebase' in project 'Firebase'
        ➜ Explicit dependency on target 'FirebaseCoreInternal' in project 'Firebase'
        ➜ Explicit dependency on target 'FirebaseCore' in project 'Firebase'
        ➜ Explicit dependency on target 'GULNSData' in project 'GoogleUtilities'
        ➜ Explicit dependency on target 'GULEnvironment' in project 'GoogleUtilities'
        ➜ Explicit dependency on target 'GULLogger' in project 'GoogleUtilities'
        ➜ Explicit dependency on target 'GULAppDelegateSwizzler' in project 'GoogleUtilities'
        ➜ Explicit dependency on target 'GTMSessionFetcherCore' in project 'GTMSessionFetcher'
        ➜ Explicit dependency on target 'RecaptchaInterop' in project 'InteropForGoogle'
    Target 'RecaptchaInterop' in project 'InteropForGoogle'
        ➜ Explicit dependency on target 'RecaptchaInterop' in project 'InteropForGoogle'
    Target 'RecaptchaInterop' in project 'InteropForGoogle' (no dependencies)
    Target 'GTMSessionFetcherCore' in project 'GTMSessionFetcher'
        ➜ Explicit dependency on target 'GTMSessionFetcherCore' in project 'GTMSessionFetcher'
        ➜ Explicit dependency on target 'GTMSessionFetcher_GTMSessionFetcherCore' in project 'GTMSessionFetcher'
    Target 'GTMSessionFetcherCore' in project 'GTMSessionFetcher'
        ➜ Explicit dependency on target 'GTMSessionFetcher_GTMSessionFetcherCore' in project 'GTMSessionFetcher'
    Target 'GTMSessionFetcher_GTMSessionFetcherCore' in project 'GTMSessionFetcher' (no dependencies)
    Target 'FirebaseAppCheckInterop' in project 'Firebase' (no dependencies)
    Target 'Firebase_FirebaseAuth' in project 'Firebase' (no dependencies)
    Target 'FirebaseAnalytics' in project 'Firebase'
        ➜ Explicit dependency on target 'FirebaseAnalyticsTarget' in project 'Firebase'
        ➜ Explicit dependency on target 'Firebase' in project 'Firebase'
        ➜ Explicit dependency on target 'FirebaseCoreInternal' in project 'Firebase'
        ➜ Explicit dependency on target 'FirebaseCore' in project 'Firebase'
        ➜ Explicit dependency on target 'FirebaseInstallations' in project 'Firebase'
        ➜ Explicit dependency on target 'FirebaseAnalyticsWrapper' in project 'Firebase'
        ➜ Explicit dependency on target 'GULNSData' in project 'GoogleUtilities'
        ➜ Explicit dependency on target 'GULEnvironment' in project 'GoogleUtilities'
        ➜ Explicit dependency on target 'GULLogger' in project 'GoogleUtilities'
        ➜ Explicit dependency on target 'FBLPromises' in project 'Promises'
        ➜ Explicit dependency on target 'GULUserDefaults' in project 'GoogleUtilities'
        ➜ Explicit dependency on target 'GoogleAppMeasurement' in project 'GoogleAppMeasurement'
        ➜ Explicit dependency on target 'GULAppDelegateSwizzler' in project 'GoogleUtilities'
        ➜ Explicit dependency on target 'GULMethodSwizzler' in project 'GoogleUtilities'
        ➜ Explicit dependency on target 'GULNetwork' in project 'GoogleUtilities'
        ➜ Explicit dependency on target 'nanopb' in project 'nanopb'
    Target 'FirebaseAnalyticsTarget' in project 'Firebase'
        ➜ Explicit dependency on target 'Firebase' in project 'Firebase'
        ➜ Explicit dependency on target 'FirebaseCoreInternal' in project 'Firebase'
        ➜ Explicit dependency on target 'FirebaseCore' in project 'Firebase'
        ➜ Explicit dependency on target 'FirebaseInstallations' in project 'Firebase'
        ➜ Explicit dependency on target 'FirebaseAnalyticsWrapper' in project 'Firebase'
        ➜ Explicit dependency on target 'GULNSData' in project 'GoogleUtilities'
        ➜ Explicit dependency on target 'GULEnvironment' in project 'GoogleUtilities'
        ➜ Explicit dependency on target 'GULLogger' in project 'GoogleUtilities'
        ➜ Explicit dependency on target 'FBLPromises' in project 'Promises'
        ➜ Explicit dependency on target 'GULUserDefaults' in project 'GoogleUtilities'
        ➜ Explicit dependency on target 'GoogleAppMeasurement' in project 'GoogleAppMeasurement'
        ➜ Explicit dependency on target 'GULAppDelegateSwizzler' in project 'GoogleUtilities'
        ➜ Explicit dependency on target 'GULMethodSwizzler' in project 'GoogleUtilities'
        ➜ Explicit dependency on target 'GULNetwork' in project 'GoogleUtilities'
        ➜ Explicit dependency on target 'nanopb' in project 'nanopb'
    Target 'FirebaseAnalyticsWrapper' in project 'Firebase'
        ➜ Explicit dependency on target 'Firebase' in project 'Firebase'
        ➜ Explicit dependency on target 'FirebaseCoreInternal' in project 'Firebase'
        ➜ Explicit dependency on target 'FirebaseCore' in project 'Firebase'
        ➜ Explicit dependency on target 'FirebaseInstallations' in project 'Firebase'
        ➜ Explicit dependency on target 'GULNSData' in project 'GoogleUtilities'
        ➜ Explicit dependency on target 'GULEnvironment' in project 'GoogleUtilities'
        ➜ Explicit dependency on target 'GULLogger' in project 'GoogleUtilities'
        ➜ Explicit dependency on target 'FBLPromises' in project 'Promises'
        ➜ Explicit dependency on target 'GULUserDefaults' in project 'GoogleUtilities'
        ➜ Explicit dependency on target 'GoogleAppMeasurement' in project 'GoogleAppMeasurement'
        ➜ Explicit dependency on target 'GULAppDelegateSwizzler' in project 'GoogleUtilities'
        ➜ Explicit dependency on target 'GULMethodSwizzler' in project 'GoogleUtilities'
        ➜ Explicit dependency on target 'GULNetwork' in project 'GoogleUtilities'
        ➜ Explicit dependency on target 'nanopb' in project 'nanopb'
    Target 'GoogleAppMeasurement' in project 'GoogleAppMeasurement'
        ➜ Explicit dependency on target 'GoogleAppMeasurementTarget' in project 'GoogleAppMeasurement'
        ➜ Explicit dependency on target 'GULAppDelegateSwizzler' in project 'GoogleUtilities'
        ➜ Explicit dependency on target 'GULMethodSwizzler' in project 'GoogleUtilities'
        ➜ Explicit dependency on target 'GULNSData' in project 'GoogleUtilities'
        ➜ Explicit dependency on target 'GULNetwork' in project 'GoogleUtilities'
        ➜ Explicit dependency on target 'nanopb' in project 'nanopb'
    Target 'GoogleAppMeasurementTarget' in project 'GoogleAppMeasurement'
        ➜ Explicit dependency on target 'GULAppDelegateSwizzler' in project 'GoogleUtilities'
        ➜ Explicit dependency on target 'GULMethodSwizzler' in project 'GoogleUtilities'
        ➜ Explicit dependency on target 'GULNSData' in project 'GoogleUtilities'
        ➜ Explicit dependency on target 'GULNetwork' in project 'GoogleUtilities'
        ➜ Explicit dependency on target 'nanopb' in project 'nanopb'
    Target 'nanopb' in project 'nanopb'
        ➜ Explicit dependency on target 'nanopb' in project 'nanopb'
        ➜ Explicit dependency on target 'nanopb_nanopb' in project 'nanopb'
    Target 'nanopb' in project 'nanopb'
        ➜ Explicit dependency on target 'nanopb_nanopb' in project 'nanopb'
    Target 'nanopb_nanopb' in project 'nanopb' (no dependencies)
    Target 'GULNetwork' in project 'GoogleUtilities'
        ➜ Explicit dependency on target 'GoogleUtilities-Network' in project 'GoogleUtilities'
        ➜ Explicit dependency on target 'GoogleUtilities_GoogleUtilities-Network' in project 'GoogleUtilities'
        ➜ Explicit dependency on target 'third-party-IsAppEncrypted' in project 'GoogleUtilities'
        ➜ Explicit dependency on target 'GoogleUtilities-Environment' in project 'GoogleUtilities'
        ➜ Explicit dependency on target 'GoogleUtilities-Logger' in project 'GoogleUtilities'
        ➜ Explicit dependency on target 'GoogleUtilities-NSData' in project 'GoogleUtilities'
        ➜ Explicit dependency on target 'GoogleUtilities-Reachability' in project 'GoogleUtilities'
        ➜ Explicit dependency on target 'FBLPromises' in project 'Promises'
    Target 'GULMethodSwizzler' in project 'GoogleUtilities'
        ➜ Explicit dependency on target 'GoogleUtilities-MethodSwizzler' in project 'GoogleUtilities'
        ➜ Explicit dependency on target 'GoogleUtilities_GoogleUtilities-MethodSwizzler' in project 'GoogleUtilities'
        ➜ Explicit dependency on target 'third-party-IsAppEncrypted' in project 'GoogleUtilities'
        ➜ Explicit dependency on target 'GoogleUtilities-Environment' in project 'GoogleUtilities'
        ➜ Explicit dependency on target 'GoogleUtilities-Logger' in project 'GoogleUtilities'
        ➜ Explicit dependency on target 'FBLPromises' in project 'Promises'
    Target 'GoogleUtilities-MethodSwizzler' in project 'GoogleUtilities'
        ➜ Explicit dependency on target 'GoogleUtilities_GoogleUtilities-MethodSwizzler' in project 'GoogleUtilities'
        ➜ Explicit dependency on target 'third-party-IsAppEncrypted' in project 'GoogleUtilities'
        ➜ Explicit dependency on target 'GoogleUtilities-Environment' in project 'GoogleUtilities'
        ➜ Explicit dependency on target 'GoogleUtilities-Logger' in project 'GoogleUtilities'
        ➜ Explicit dependency on target 'FBLPromises' in project 'Promises'
    Target 'GoogleUtilities_GoogleUtilities-MethodSwizzler' in project 'GoogleUtilities' (no dependencies)
    Target 'GULAppDelegateSwizzler' in project 'GoogleUtilities'
        ➜ Explicit dependency on target 'GoogleUtilities-AppDelegateSwizzler' in project 'GoogleUtilities'
        ➜ Explicit dependency on target 'GoogleUtilities_GoogleUtilities-AppDelegateSwizzler' in project 'GoogleUtilities'
        ➜ Explicit dependency on target 'third-party-IsAppEncrypted' in project 'GoogleUtilities'
        ➜ Explicit dependency on target 'GoogleUtilities-Environment' in project 'GoogleUtilities'
        ➜ Explicit dependency on target 'GoogleUtilities-Logger' in project 'GoogleUtilities'
        ➜ Explicit dependency on target 'GoogleUtilities-NSData' in project 'GoogleUtilities'
        ➜ Explicit dependency on target 'GoogleUtilities-Reachability' in project 'GoogleUtilities'
        ➜ Explicit dependency on target 'GoogleUtilities-Network' in project 'GoogleUtilities'
        ➜ Explicit dependency on target 'FBLPromises' in project 'Promises'
    Target 'GoogleUtilities-AppDelegateSwizzler' in project 'GoogleUtilities'
        ➜ Explicit dependency on target 'GoogleUtilities_GoogleUtilities-AppDelegateSwizzler' in project 'GoogleUtilities'
        ➜ Explicit dependency on target 'third-party-IsAppEncrypted' in project 'GoogleUtilities'
        ➜ Explicit dependency on target 'GoogleUtilities-Environment' in project 'GoogleUtilities'
        ➜ Explicit dependency on target 'GoogleUtilities-Logger' in project 'GoogleUtilities'
        ➜ Explicit dependency on target 'GoogleUtilities-NSData' in project 'GoogleUtilities'
        ➜ Explicit dependency on target 'GoogleUtilities-Reachability' in project 'GoogleUtilities'
        ➜ Explicit dependency on target 'GoogleUtilities-Network' in project 'GoogleUtilities'
        ➜ Explicit dependency on target 'FBLPromises' in project 'Promises'
    Target 'GoogleUtilities-Network' in project 'GoogleUtilities'
        ➜ Explicit dependency on target 'GoogleUtilities_GoogleUtilities-Network' in project 'GoogleUtilities'
        ➜ Explicit dependency on target 'third-party-IsAppEncrypted' in project 'GoogleUtilities'
        ➜ Explicit dependency on target 'GoogleUtilities-Environment' in project 'GoogleUtilities'
        ➜ Explicit dependency on target 'GoogleUtilities-Logger' in project 'GoogleUtilities'
        ➜ Explicit dependency on target 'GoogleUtilities-NSData' in project 'GoogleUtilities'
        ➜ Explicit dependency on target 'GoogleUtilities-Reachability' in project 'GoogleUtilities'
        ➜ Explicit dependency on target 'FBLPromises' in project 'Promises'
    Target 'GoogleUtilities_GoogleUtilities-Network' in project 'GoogleUtilities' (no dependencies)
    Target 'GoogleUtilities-Reachability' in project 'GoogleUtilities'
        ➜ Explicit dependency on target 'GoogleUtilities_GoogleUtilities-Reachability' in project 'GoogleUtilities'
        ➜ Explicit dependency on target 'third-party-IsAppEncrypted' in project 'GoogleUtilities'
        ➜ Explicit dependency on target 'GoogleUtilities-Environment' in project 'GoogleUtilities'
        ➜ Explicit dependency on target 'GoogleUtilities-Logger' in project 'GoogleUtilities'
        ➜ Explicit dependency on target 'FBLPromises' in project 'Promises'
    Target 'GoogleUtilities_GoogleUtilities-Reachability' in project 'GoogleUtilities' (no dependencies)
    Target 'GoogleUtilities_GoogleUtilities-AppDelegateSwizzler' in project 'GoogleUtilities' (no dependencies)
    Target 'FirebaseInstallations' in project 'Firebase'
        ➜ Explicit dependency on target 'Firebase_FirebaseInstallations' in project 'Firebase'
        ➜ Explicit dependency on target 'Firebase' in project 'Firebase'
        ➜ Explicit dependency on target 'FirebaseCoreInternal' in project 'Firebase'
        ➜ Explicit dependency on target 'FirebaseCore' in project 'Firebase'
        ➜ Explicit dependency on target 'GULNSData' in project 'GoogleUtilities'
        ➜ Explicit dependency on target 'GULEnvironment' in project 'GoogleUtilities'
        ➜ Explicit dependency on target 'GULLogger' in project 'GoogleUtilities'
        ➜ Explicit dependency on target 'FBLPromises' in project 'Promises'
        ➜ Explicit dependency on target 'GULUserDefaults' in project 'GoogleUtilities'
    Target 'GULUserDefaults' in project 'GoogleUtilities'
        ➜ Explicit dependency on target 'GoogleUtilities-UserDefaults' in project 'GoogleUtilities'
        ➜ Explicit dependency on target 'GoogleUtilities_GoogleUtilities-UserDefaults' in project 'GoogleUtilities'
        ➜ Explicit dependency on target 'third-party-IsAppEncrypted' in project 'GoogleUtilities'
        ➜ Explicit dependency on target 'GoogleUtilities-Environment' in project 'GoogleUtilities'
        ➜ Explicit dependency on target 'GoogleUtilities-Logger' in project 'GoogleUtilities'
        ➜ Explicit dependency on target 'FBLPromises' in project 'Promises'
    Target 'GoogleUtilities-UserDefaults' in project 'GoogleUtilities'
        ➜ Explicit dependency on target 'GoogleUtilities_GoogleUtilities-UserDefaults' in project 'GoogleUtilities'
        ➜ Explicit dependency on target 'third-party-IsAppEncrypted' in project 'GoogleUtilities'
        ➜ Explicit dependency on target 'GoogleUtilities-Environment' in project 'GoogleUtilities'
        ➜ Explicit dependency on target 'GoogleUtilities-Logger' in project 'GoogleUtilities'
        ➜ Explicit dependency on target 'FBLPromises' in project 'Promises'
    Target 'GoogleUtilities_GoogleUtilities-UserDefaults' in project 'GoogleUtilities' (no dependencies)
    Target 'Firebase_FirebaseInstallations' in project 'Firebase' (no dependencies)
    Target 'FirebaseCore' in project 'Firebase'
        ➜ Explicit dependency on target 'Firebase_FirebaseCore' in project 'Firebase'
        ➜ Explicit dependency on target 'Firebase' in project 'Firebase'
        ➜ Explicit dependency on target 'FirebaseCoreInternal' in project 'Firebase'
        ➜ Explicit dependency on target 'GULNSData' in project 'GoogleUtilities'
        ➜ Explicit dependency on target 'GULEnvironment' in project 'GoogleUtilities'
        ➜ Explicit dependency on target 'GULLogger' in project 'GoogleUtilities'
    Target 'GULLogger' in project 'GoogleUtilities'
        ➜ Explicit dependency on target 'GoogleUtilities-Logger' in project 'GoogleUtilities'
        ➜ Explicit dependency on target 'GoogleUtilities_GoogleUtilities-Logger' in project 'GoogleUtilities'
        ➜ Explicit dependency on target 'third-party-IsAppEncrypted' in project 'GoogleUtilities'
        ➜ Explicit dependency on target 'GoogleUtilities-Environment' in project 'GoogleUtilities'
        ➜ Explicit dependency on target 'FBLPromises' in project 'Promises'
    Target 'GoogleUtilities-Logger' in project 'GoogleUtilities'
        ➜ Explicit dependency on target 'GoogleUtilities_GoogleUtilities-Logger' in project 'GoogleUtilities'
        ➜ Explicit dependency on target 'third-party-IsAppEncrypted' in project 'GoogleUtilities'
        ➜ Explicit dependency on target 'GoogleUtilities-Environment' in project 'GoogleUtilities'
        ➜ Explicit dependency on target 'FBLPromises' in project 'Promises'
    Target 'GoogleUtilities_GoogleUtilities-Logger' in project 'GoogleUtilities' (no dependencies)
    Target 'GULEnvironment' in project 'GoogleUtilities'
        ➜ Explicit dependency on target 'GoogleUtilities-Environment' in project 'GoogleUtilities'
        ➜ Explicit dependency on target 'GoogleUtilities_GoogleUtilities-Environment' in project 'GoogleUtilities'
        ➜ Explicit dependency on target 'third-party-IsAppEncrypted' in project 'GoogleUtilities'
        ➜ Explicit dependency on target 'FBLPromises' in project 'Promises'
    Target 'GoogleUtilities-Environment' in project 'GoogleUtilities'
        ➜ Explicit dependency on target 'GoogleUtilities_GoogleUtilities-Environment' in project 'GoogleUtilities'
        ➜ Explicit dependency on target 'third-party-IsAppEncrypted' in project 'GoogleUtilities'
        ➜ Explicit dependency on target 'FBLPromises' in project 'Promises'
    Target 'FBLPromises' in project 'Promises'
        ➜ Explicit dependency on target 'FBLPromises' in project 'Promises'
        ➜ Explicit dependency on target 'Promises_FBLPromises' in project 'Promises'
    Target 'FBLPromises' in project 'Promises'
        ➜ Explicit dependency on target 'Promises_FBLPromises' in project 'Promises'
    Target 'Promises_FBLPromises' in project 'Promises' (no dependencies)
    Target 'third-party-IsAppEncrypted' in project 'GoogleUtilities' (no dependencies)
    Target 'GoogleUtilities_GoogleUtilities-Environment' in project 'GoogleUtilities' (no dependencies)
    Target 'Firebase_FirebaseCore' in project 'Firebase' (no dependencies)
    Target 'FirebaseCoreInternal' in project 'Firebase'
        ➜ Explicit dependency on target 'Firebase_FirebaseCoreInternal' in project 'Firebase'
        ➜ Explicit dependency on target 'GULNSData' in project 'GoogleUtilities'
    Target 'GULNSData' in project 'GoogleUtilities'
        ➜ Explicit dependency on target 'GoogleUtilities-NSData' in project 'GoogleUtilities'
        ➜ Explicit dependency on target 'GoogleUtilities_GoogleUtilities-NSData' in project 'GoogleUtilities'
    Target 'GoogleUtilities-NSData' in project 'GoogleUtilities'
        ➜ Explicit dependency on target 'GoogleUtilities_GoogleUtilities-NSData' in project 'GoogleUtilities'
    Target 'GoogleUtilities_GoogleUtilities-NSData' in project 'GoogleUtilities' (no dependencies)
    Target 'Firebase_FirebaseCoreInternal' in project 'Firebase' (no dependencies)
    Target 'Firebase' in project 'Firebase' (no dependencies)

GatherProvisioningInputs

CreateBuildDescription

ExecuteExternalTool /Applications/Xcode.app/Contents/Developer/Toolchains/XcodeDefault.xctoolchain/usr/bin/clang -v -E -dM -arch arm64 -isysroot /Applications/Xcode.app/Contents/Developer/Platforms/iPhoneSimulator.platform/Developer/SDKs/iPhoneSimulator18.5.sdk -x objective-c -c /dev/null

ExecuteExternalTool /Applications/Xcode.app/Contents/Developer/Toolchains/XcodeDefault.xctoolchain/usr/bin/swiftc --version

ExecuteExternalTool /Applications/Xcode.app/Contents/Developer/usr/bin/momc --dry-run --action generate --swift-version 5.0 --sdkroot /Applications/Xcode.app/Contents/Developer/Platforms/iPhoneSimulator.platform/Developer/SDKs/iPhoneSimulator18.5.sdk --iphonesimulator-deployment-target 18.5 --module SlingApp /Users/carsonjcohen/Desktop/SlingApp/SlingApp/SlingAppModel.xcdatamodeld /Users/carsonjcohen/Library/Developer/Xcode/DerivedData/SlingApp-cqkoehzkjdxezmftyzgnqnqqnkvj/Build/Intermediates.noindex/SlingApp.build/Debug-iphonesimulator/SlingApp.build/DerivedSources/CoreDataGenerated/SlingAppModel

ExecuteExternalTool /Applications/Xcode.app/Contents/Developer/Toolchains/XcodeDefault.xctoolchain/usr/bin/clang -v -E -dM -isysroot /Applications/Xcode.app/Contents/Developer/Platforms/iPhoneSimulator.platform/Developer/SDKs/iPhoneSimulator18.5.sdk -x c -c /dev/null

ExecuteExternalTool /Applications/Xcode.app/Contents/Developer/usr/bin/actool --print-asset-tag-combinations --output-format xml1 /Users/carsonjcohen/Desktop/SlingApp/SlingApp/Assets.xcassets

ExecuteExternalTool /Applications/Xcode.app/Contents/Developer/usr/bin/actool --version --output-format xml1

ExecuteExternalTool /Applications/Xcode.app/Contents/Developer/Toolchains/XcodeDefault.xctoolchain/usr/bin/ld -version_details

ExecuteExternalTool /Applications/Xcode.app/Contents/Developer/Toolchains/XcodeDefault.xctoolchain/usr/bin/clang -v -E -dM -arch arm64 -isysroot /Applications/Xcode.app/Contents/Developer/Platforms/iPhoneSimulator.platform/Developer/SDKs/iPhoneSimulator18.5.sdk -x c -c /dev/null

ExecuteExternalTool /Applications/Xcode.app/Contents/Developer/Toolchains/XcodeDefault.xctoolchain/usr/bin/clang -v -E -dM -arch arm64 -isysroot /Applications/Xcode.app/Contents/Developer/Platforms/iPhoneSimulator.platform/Developer/SDKs/iPhoneSimulator18.5.sdk -x c++ -c /dev/null

ExecuteExternalTool /Applications/Xcode.app/Contents/Developer/Toolchains/XcodeDefault.xctoolchain/usr/bin/clang -v -E -dM -arch arm64 -isysroot /Applications/Xcode.app/Contents/Developer/Platforms/iPhoneSimulator.platform/Developer/SDKs/iPhoneSimulator18.5.sdk -x objective-c++ -c /dev/null

Build description signature: c62614bdd63757f56434dc26a4df11b4
Build description path: /Users/carsonjcohen/Library/Developer/Xcode/DerivedData/SlingApp-cqkoehzkjdxezmftyzgnqnqqnkvj/Build/Intermediates.noindex/XCBuildData/c62614bdd63757f56434dc26a4df11b4.xcbuilddata
ClangStatCache /Applications/Xcode.app/Contents/Developer/Toolchains/XcodeDefault.xctoolchain/usr/bin/clang-stat-cache /Applications/Xcode.app/Contents/Developer/Platforms/iPhoneSimulator.platform/Developer/SDKs/iPhoneSimulator18.5.sdk /Users/carsonjcohen/Library/Developer/Xcode/DerivedData/SDKStatCaches.noindex/iphonesimulator18.5-22F76-d5fc8ad4295d2ef488fb7d0f804ce0c4.sdkstatcache
    cd /Users/carsonjcohen/Desktop/SlingApp/SlingApp.xcodeproj
    /Applications/Xcode.app/Contents/Developer/Toolchains/XcodeDefault.xctoolchain/usr/bin/clang-stat-cache /Applications/Xcode.app/Contents/Developer/Platforms/iPhoneSimulator.platform/Developer/SDKs/iPhoneSimulator18.5.sdk -o /Users/carsonjcohen/Library/Developer/Xcode/DerivedData/SDKStatCaches.noindex/iphonesimulator18.5-22F76-d5fc8ad4295d2ef488fb7d0f804ce0c4.sdkstatcache

ProcessInfoPlistFile /Users/carsonjcohen/Library/Developer/Xcode/DerivedData/SlingApp-cqkoehzkjdxezmftyzgnqnqqnkvj/Build/Products/Debug-iphonesimulator/abseil_abslWrapper.bundle/Info.plist /Users/carsonjcohen/Library/Developer/Xcode/DerivedData/SlingApp-cqkoehzkjdxezmftyzgnqnqqnkvj/Build/Intermediates.noindex/abseil.build/Debug-iphonesimulator/abseil_abslWrapper.build/empty-abseil_abslWrapper.plist (in target 'abseil_abslWrapper' from project 'abseil')
    cd /Users/carsonjcohen/Library/Developer/Xcode/DerivedData/SlingApp-cqkoehzkjdxezmftyzgnqnqqnkvj/SourcePackages/checkouts/abseil-cpp-binary
    builtin-infoPlistUtility /Users/carsonjcohen/Library/Developer/Xcode/DerivedData/SlingApp-cqkoehzkjdxezmftyzgnqnqqnkvj/Build/Intermediates.noindex/abseil.build/Debug-iphonesimulator/abseil_abslWrapper.build/empty-abseil_abslWrapper.plist -producttype com.apple.product-type.bundle -expandbuildsettings -format binary -platform iphonesimulator -o /Users/carsonjcohen/Library/Developer/Xcode/DerivedData/SlingApp-cqkoehzkjdxezmftyzgnqnqqnkvj/Build/Products/Debug-iphonesimulator/abseil_abslWrapper.bundle/Info.plist

ProcessInfoPlistFile /Users/carsonjcohen/Library/Developer/Xcode/DerivedData/SlingApp-cqkoehzkjdxezmftyzgnqnqqnkvj/Build/Products/Debug-iphonesimulator/GoogleUtilities_GoogleUtilities-NSData.bundle/Info.plist /Users/carsonjcohen/Library/Developer/Xcode/DerivedData/SlingApp-cqkoehzkjdxezmftyzgnqnqqnkvj/Build/Intermediates.noindex/GoogleUtilities.build/Debug-iphonesimulator/GoogleUtilities_GoogleUtilities-NSData.build/empty-GoogleUtilities_GoogleUtilities-NSData.plist (in target 'GoogleUtilities_GoogleUtilities-NSData' from project 'GoogleUtilities')
    cd /Users/carsonjcohen/Library/Developer/Xcode/DerivedData/SlingApp-cqkoehzkjdxezmftyzgnqnqqnkvj/SourcePackages/checkouts/GoogleUtilities
    builtin-infoPlistUtility /Users/carsonjcohen/Library/Developer/Xcode/DerivedData/SlingApp-cqkoehzkjdxezmftyzgnqnqqnkvj/Build/Intermediates.noindex/GoogleUtilities.build/Debug-iphonesimulator/GoogleUtilities_GoogleUtilities-NSData.build/empty-GoogleUtilities_GoogleUtilities-NSData.plist -producttype com.apple.product-type.bundle -expandbuildsettings -format binary -platform iphonesimulator -o /Users/carsonjcohen/Library/Developer/Xcode/DerivedData/SlingApp-cqkoehzkjdxezmftyzgnqnqqnkvj/Build/Products/Debug-iphonesimulator/GoogleUtilities_GoogleUtilities-NSData.bundle/Info.plist

ProcessInfoPlistFile /Users/carsonjcohen/Library/Developer/Xcode/DerivedData/SlingApp-cqkoehzkjdxezmftyzgnqnqqnkvj/Build/Products/Debug-iphonesimulator/GoogleUtilities_GoogleUtilities-Network.bundle/Info.plist /Users/carsonjcohen/Library/Developer/Xcode/DerivedData/SlingApp-cqkoehzkjdxezmftyzgnqnqqnkvj/Build/Intermediates.noindex/GoogleUtilities.build/Debug-iphonesimulator/GoogleUtilities_GoogleUtilities-Network.build/empty-GoogleUtilities_GoogleUtilities-Network.plist (in target 'GoogleUtilities_GoogleUtilities-Network' from project 'GoogleUtilities')
    cd /Users/carsonjcohen/Library/Developer/Xcode/DerivedData/SlingApp-cqkoehzkjdxezmftyzgnqnqqnkvj/SourcePackages/checkouts/GoogleUtilities
    builtin-infoPlistUtility /Users/carsonjcohen/Library/Developer/Xcode/DerivedData/SlingApp-cqkoehzkjdxezmftyzgnqnqqnkvj/Build/Intermediates.noindex/GoogleUtilities.build/Debug-iphonesimulator/GoogleUtilities_GoogleUtilities-Network.build/empty-GoogleUtilities_GoogleUtilities-Network.plist -producttype com.apple.product-type.bundle -expandbuildsettings -format binary -platform iphonesimulator -o /Users/carsonjcohen/Library/Developer/Xcode/DerivedData/SlingApp-cqkoehzkjdxezmftyzgnqnqqnkvj/Build/Products/Debug-iphonesimulator/GoogleUtilities_GoogleUtilities-Network.bundle/Info.plist

ProcessInfoPlistFile /Users/carsonjcohen/Library/Developer/Xcode/DerivedData/SlingApp-cqkoehzkjdxezmftyzgnqnqqnkvj/Build/Products/Debug-iphonesimulator/nanopb_nanopb.bundle/Info.plist /Users/carsonjcohen/Library/Developer/Xcode/DerivedData/SlingApp-cqkoehzkjdxezmftyzgnqnqqnkvj/Build/Intermediates.noindex/nanopb.build/Debug-iphonesimulator/nanopb_nanopb.build/empty-nanopb_nanopb.plist (in target 'nanopb_nanopb' from project 'nanopb')
    cd /Users/carsonjcohen/Library/Developer/Xcode/DerivedData/SlingApp-cqkoehzkjdxezmftyzgnqnqqnkvj/SourcePackages/checkouts/nanopb
    builtin-infoPlistUtility /Users/carsonjcohen/Library/Developer/Xcode/DerivedData/SlingApp-cqkoehzkjdxezmftyzgnqnqqnkvj/Build/Intermediates.noindex/nanopb.build/Debug-iphonesimulator/nanopb_nanopb.build/empty-nanopb_nanopb.plist -producttype com.apple.product-type.bundle -expandbuildsettings -format binary -platform iphonesimulator -o /Users/carsonjcohen/Library/Developer/Xcode/DerivedData/SlingApp-cqkoehzkjdxezmftyzgnqnqqnkvj/Build/Products/Debug-iphonesimulator/nanopb_nanopb.bundle/Info.plist

ProcessInfoPlistFile /Users/carsonjcohen/Library/Developer/Xcode/DerivedData/SlingApp-cqkoehzkjdxezmftyzgnqnqqnkvj/Build/Products/Debug-iphonesimulator/leveldb_leveldb.bundle/Info.plist /Users/carsonjcohen/Library/Developer/Xcode/DerivedData/SlingApp-cqkoehzkjdxezmftyzgnqnqqnkvj/Build/Intermediates.noindex/leveldb.build/Debug-iphonesimulator/leveldb_leveldb.build/empty-leveldb_leveldb.plist (in target 'leveldb_leveldb' from project 'leveldb')
    cd /Users/carsonjcohen/Library/Developer/Xcode/DerivedData/SlingApp-cqkoehzkjdxezmftyzgnqnqqnkvj/SourcePackages/checkouts/leveldb
    builtin-infoPlistUtility /Users/carsonjcohen/Library/Developer/Xcode/DerivedData/SlingApp-cqkoehzkjdxezmftyzgnqnqqnkvj/Build/Intermediates.noindex/leveldb.build/Debug-iphonesimulator/leveldb_leveldb.build/empty-leveldb_leveldb.plist -producttype com.apple.product-type.bundle -expandbuildsettings -format binary -platform iphonesimulator -o /Users/carsonjcohen/Library/Developer/Xcode/DerivedData/SlingApp-cqkoehzkjdxezmftyzgnqnqqnkvj/Build/Products/Debug-iphonesimulator/leveldb_leveldb.bundle/Info.plist

ProcessInfoPlistFile /Users/carsonjcohen/Library/Developer/Xcode/DerivedData/SlingApp-cqkoehzkjdxezmftyzgnqnqqnkvj/Build/Products/Debug-iphonesimulator/gRPC_grpcWrapper.bundle/Info.plist /Users/carsonjcohen/Library/Developer/Xcode/DerivedData/SlingApp-cqkoehzkjdxezmftyzgnqnqqnkvj/Build/Intermediates.noindex/gRPC.build/Debug-iphonesimulator/gRPC_grpcWrapper.build/empty-gRPC_grpcWrapper.plist (in target 'gRPC_grpcWrapper' from project 'gRPC')
    cd /Users/carsonjcohen/Library/Developer/Xcode/DerivedData/SlingApp-cqkoehzkjdxezmftyzgnqnqqnkvj/SourcePackages/checkouts/grpc-binary
    builtin-infoPlistUtility /Users/carsonjcohen/Library/Developer/Xcode/DerivedData/SlingApp-cqkoehzkjdxezmftyzgnqnqqnkvj/Build/Intermediates.noindex/gRPC.build/Debug-iphonesimulator/gRPC_grpcWrapper.build/empty-gRPC_grpcWrapper.plist -producttype com.apple.product-type.bundle -expandbuildsettings -format binary -platform iphonesimulator -o /Users/carsonjcohen/Library/Developer/Xcode/DerivedData/SlingApp-cqkoehzkjdxezmftyzgnqnqqnkvj/Build/Products/Debug-iphonesimulator/gRPC_grpcWrapper.bundle/Info.plist

ProcessInfoPlistFile /Users/carsonjcohen/Library/Developer/Xcode/DerivedData/SlingApp-cqkoehzkjdxezmftyzgnqnqqnkvj/Build/Products/Debug-iphonesimulator/gRPC_grpcppWrapper.bundle/Info.plist /Users/carsonjcohen/Library/Developer/Xcode/DerivedData/SlingApp-cqkoehzkjdxezmftyzgnqnqqnkvj/Build/Intermediates.noindex/gRPC.build/Debug-iphonesimulator/gRPC_grpcppWrapper.build/empty-gRPC_grpcppWrapper.plist (in target 'gRPC_grpcppWrapper' from project 'gRPC')
    cd /Users/carsonjcohen/Library/Developer/Xcode/DerivedData/SlingApp-cqkoehzkjdxezmftyzgnqnqqnkvj/SourcePackages/checkouts/grpc-binary
    builtin-infoPlistUtility /Users/carsonjcohen/Library/Developer/Xcode/DerivedData/SlingApp-cqkoehzkjdxezmftyzgnqnqqnkvj/Build/Intermediates.noindex/gRPC.build/Debug-iphonesimulator/gRPC_grpcppWrapper.build/empty-gRPC_grpcppWrapper.plist -producttype com.apple.product-type.bundle -expandbuildsettings -format binary -platform iphonesimulator -o /Users/carsonjcohen/Library/Developer/Xcode/DerivedData/SlingApp-cqkoehzkjdxezmftyzgnqnqqnkvj/Build/Products/Debug-iphonesimulator/gRPC_grpcppWrapper.bundle/Info.plist

ProcessInfoPlistFile /Users/carsonjcohen/Library/Developer/Xcode/DerivedData/SlingApp-cqkoehzkjdxezmftyzgnqnqqnkvj/Build/Products/Debug-iphonesimulator/Promises_FBLPromises.bundle/Info.plist /Users/carsonjcohen/Library/Developer/Xcode/DerivedData/SlingApp-cqkoehzkjdxezmftyzgnqnqqnkvj/Build/Intermediates.noindex/Promises.build/Debug-iphonesimulator/Promises_FBLPromises.build/empty-Promises_FBLPromises.plist (in target 'Promises_FBLPromises' from project 'Promises')
    cd /Users/carsonjcohen/Library/Developer/Xcode/DerivedData/SlingApp-cqkoehzkjdxezmftyzgnqnqqnkvj/SourcePackages/checkouts/promises
    builtin-infoPlistUtility /Users/carsonjcohen/Library/Developer/Xcode/DerivedData/SlingApp-cqkoehzkjdxezmftyzgnqnqqnkvj/Build/Intermediates.noindex/Promises.build/Debug-iphonesimulator/Promises_FBLPromises.build/empty-Promises_FBLPromises.plist -producttype com.apple.product-type.bundle -expandbuildsettings -format binary -platform iphonesimulator -o /Users/carsonjcohen/Library/Developer/Xcode/DerivedData/SlingApp-cqkoehzkjdxezmftyzgnqnqqnkvj/Build/Products/Debug-iphonesimulator/Promises_FBLPromises.bundle/Info.plist

ProcessInfoPlistFile /Users/carsonjcohen/Library/Developer/Xcode/DerivedData/SlingApp-cqkoehzkjdxezmftyzgnqnqqnkvj/Build/Products/Debug-iphonesimulator/GoogleUtilities_GoogleUtilities-UserDefaults.bundle/Info.plist /Users/carsonjcohen/Library/Developer/Xcode/DerivedData/SlingApp-cqkoehzkjdxezmftyzgnqnqqnkvj/Build/Intermediates.noindex/GoogleUtilities.build/Debug-iphonesimulator/GoogleUtilities_GoogleUtilities-UserDefaults.build/empty-GoogleUtilities_GoogleUtilities-UserDefaults.plist (in target 'GoogleUtilities_GoogleUtilities-UserDefaults' from project 'GoogleUtilities')
    cd /Users/carsonjcohen/Library/Developer/Xcode/DerivedData/SlingApp-cqkoehzkjdxezmftyzgnqnqqnkvj/SourcePackages/checkouts/GoogleUtilities
    builtin-infoPlistUtility /Users/carsonjcohen/Library/Developer/Xcode/DerivedData/SlingApp-cqkoehzkjdxezmftyzgnqnqqnkvj/Build/Intermediates.noindex/GoogleUtilities.build/Debug-iphonesimulator/GoogleUtilities_GoogleUtilities-UserDefaults.build/empty-GoogleUtilities_GoogleUtilities-UserDefaults.plist -producttype com.apple.product-type.bundle -expandbuildsettings -format binary -platform iphonesimulator -o /Users/carsonjcohen/Library/Developer/Xcode/DerivedData/SlingApp-cqkoehzkjdxezmftyzgnqnqqnkvj/Build/Products/Debug-iphonesimulator/GoogleUtilities_GoogleUtilities-UserDefaults.bundle/Info.plist

ProcessInfoPlistFile /Users/carsonjcohen/Library/Developer/Xcode/DerivedData/SlingApp-cqkoehzkjdxezmftyzgnqnqqnkvj/Build/Products/Debug-iphonesimulator/gRPC_opensslWrapper.bundle/Info.plist /Users/carsonjcohen/Library/Developer/Xcode/DerivedData/SlingApp-cqkoehzkjdxezmftyzgnqnqqnkvj/Build/Intermediates.noindex/gRPC.build/Debug-iphonesimulator/gRPC_opensslWrapper.build/empty-gRPC_opensslWrapper.plist (in target 'gRPC_opensslWrapper' from project 'gRPC')
    cd /Users/carsonjcohen/Library/Developer/Xcode/DerivedData/SlingApp-cqkoehzkjdxezmftyzgnqnqqnkvj/SourcePackages/checkouts/grpc-binary
    builtin-infoPlistUtility /Users/carsonjcohen/Library/Developer/Xcode/DerivedData/SlingApp-cqkoehzkjdxezmftyzgnqnqqnkvj/Build/Intermediates.noindex/gRPC.build/Debug-iphonesimulator/gRPC_opensslWrapper.build/empty-gRPC_opensslWrapper.plist -producttype com.apple.product-type.bundle -expandbuildsettings -format binary -platform iphonesimulator -o /Users/carsonjcohen/Library/Developer/Xcode/DerivedData/SlingApp-cqkoehzkjdxezmftyzgnqnqqnkvj/Build/Products/Debug-iphonesimulator/gRPC_opensslWrapper.bundle/Info.plist

ProcessInfoPlistFile /Users/carsonjcohen/Library/Developer/Xcode/DerivedData/SlingApp-cqkoehzkjdxezmftyzgnqnqqnkvj/Build/Products/Debug-iphonesimulator/GoogleUtilities_GoogleUtilities-Reachability.bundle/Info.plist /Users/carsonjcohen/Library/Developer/Xcode/DerivedData/SlingApp-cqkoehzkjdxezmftyzgnqnqqnkvj/Build/Intermediates.noindex/GoogleUtilities.build/Debug-iphonesimulator/GoogleUtilities_GoogleUtilities-Reachability.build/empty-GoogleUtilities_GoogleUtilities-Reachability.plist (in target 'GoogleUtilities_GoogleUtilities-Reachability' from project 'GoogleUtilities')
    cd /Users/carsonjcohen/Library/Developer/Xcode/DerivedData/SlingApp-cqkoehzkjdxezmftyzgnqnqqnkvj/SourcePackages/checkouts/GoogleUtilities
    builtin-infoPlistUtility /Users/carsonjcohen/Library/Developer/Xcode/DerivedData/SlingApp-cqkoehzkjdxezmftyzgnqnqqnkvj/Build/Intermediates.noindex/GoogleUtilities.build/Debug-iphonesimulator/GoogleUtilities_GoogleUtilities-Reachability.build/empty-GoogleUtilities_GoogleUtilities-Reachability.plist -producttype com.apple.product-type.bundle -expandbuildsettings -format binary -platform iphonesimulator -o /Users/carsonjcohen/Library/Developer/Xcode/DerivedData/SlingApp-cqkoehzkjdxezmftyzgnqnqqnkvj/Build/Products/Debug-iphonesimulator/GoogleUtilities_GoogleUtilities-Reachability.bundle/Info.plist

ProcessInfoPlistFile /Users/carsonjcohen/Library/Developer/Xcode/DerivedData/SlingApp-cqkoehzkjdxezmftyzgnqnqqnkvj/Build/Products/Debug-iphonesimulator/GoogleUtilities_GoogleUtilities-MethodSwizzler.bundle/Info.plist /Users/carsonjcohen/Library/Developer/Xcode/DerivedData/SlingApp-cqkoehzkjdxezmftyzgnqnqqnkvj/Build/Intermediates.noindex/GoogleUtilities.build/Debug-iphonesimulator/GoogleUtilities_GoogleUtilities-MethodSwizzler.build/empty-GoogleUtilities_GoogleUtilities-MethodSwizzler.plist (in target 'GoogleUtilities_GoogleUtilities-MethodSwizzler' from project 'GoogleUtilities')
    cd /Users/carsonjcohen/Library/Developer/Xcode/DerivedData/SlingApp-cqkoehzkjdxezmftyzgnqnqqnkvj/SourcePackages/checkouts/GoogleUtilities
    builtin-infoPlistUtility /Users/carsonjcohen/Library/Developer/Xcode/DerivedData/SlingApp-cqkoehzkjdxezmftyzgnqnqqnkvj/Build/Intermediates.noindex/GoogleUtilities.build/Debug-iphonesimulator/GoogleUtilities_GoogleUtilities-MethodSwizzler.build/empty-GoogleUtilities_GoogleUtilities-MethodSwizzler.plist -producttype com.apple.product-type.bundle -expandbuildsettings -format binary -platform iphonesimulator -o /Users/carsonjcohen/Library/Developer/Xcode/DerivedData/SlingApp-cqkoehzkjdxezmftyzgnqnqqnkvj/Build/Products/Debug-iphonesimulator/GoogleUtilities_GoogleUtilities-MethodSwizzler.bundle/Info.plist

ProcessInfoPlistFile /Users/carsonjcohen/Library/Developer/Xcode/DerivedData/SlingApp-cqkoehzkjdxezmftyzgnqnqqnkvj/Build/Products/Debug-iphonesimulator/GoogleUtilities_GoogleUtilities-Logger.bundle/Info.plist /Users/carsonjcohen/Library/Developer/Xcode/DerivedData/SlingApp-cqkoehzkjdxezmftyzgnqnqqnkvj/Build/Intermediates.noindex/GoogleUtilities.build/Debug-iphonesimulator/GoogleUtilities_GoogleUtilities-Logger.build/empty-GoogleUtilities_GoogleUtilities-Logger.plist (in target 'GoogleUtilities_GoogleUtilities-Logger' from project 'GoogleUtilities')
    cd /Users/carsonjcohen/Library/Developer/Xcode/DerivedData/SlingApp-cqkoehzkjdxezmftyzgnqnqqnkvj/SourcePackages/checkouts/GoogleUtilities
    builtin-infoPlistUtility /Users/carsonjcohen/Library/Developer/Xcode/DerivedData/SlingApp-cqkoehzkjdxezmftyzgnqnqqnkvj/Build/Intermediates.noindex/GoogleUtilities.build/Debug-iphonesimulator/GoogleUtilities_GoogleUtilities-Logger.build/empty-GoogleUtilities_GoogleUtilities-Logger.plist -producttype com.apple.product-type.bundle -expandbuildsettings -format binary -platform iphonesimulator -o /Users/carsonjcohen/Library/Developer/Xcode/DerivedData/SlingApp-cqkoehzkjdxezmftyzgnqnqqnkvj/Build/Products/Debug-iphonesimulator/GoogleUtilities_GoogleUtilities-Logger.bundle/Info.plist

ProcessInfoPlistFile /Users/carsonjcohen/Library/Developer/Xcode/DerivedData/SlingApp-cqkoehzkjdxezmftyzgnqnqqnkvj/Build/Products/Debug-iphonesimulator/GoogleUtilities_GoogleUtilities-Environment.bundle/Info.plist /Users/carsonjcohen/Library/Developer/Xcode/DerivedData/SlingApp-cqkoehzkjdxezmftyzgnqnqqnkvj/Build/Intermediates.noindex/GoogleUtilities.build/Debug-iphonesimulator/GoogleUtilities_GoogleUtilities-Environment.build/empty-GoogleUtilities_GoogleUtilities-Environment.plist (in target 'GoogleUtilities_GoogleUtilities-Environment' from project 'GoogleUtilities')
    cd /Users/carsonjcohen/Library/Developer/Xcode/DerivedData/SlingApp-cqkoehzkjdxezmftyzgnqnqqnkvj/SourcePackages/checkouts/GoogleUtilities
    builtin-infoPlistUtility /Users/carsonjcohen/Library/Developer/Xcode/DerivedData/SlingApp-cqkoehzkjdxezmftyzgnqnqqnkvj/Build/Intermediates.noindex/GoogleUtilities.build/Debug-iphonesimulator/GoogleUtilities_GoogleUtilities-Environment.build/empty-GoogleUtilities_GoogleUtilities-Environment.plist -producttype com.apple.product-type.bundle -expandbuildsettings -format binary -platform iphonesimulator -o /Users/carsonjcohen/Library/Developer/Xcode/DerivedData/SlingApp-cqkoehzkjdxezmftyzgnqnqqnkvj/Build/Products/Debug-iphonesimulator/GoogleUtilities_GoogleUtilities-Environment.bundle/Info.plist

ProcessInfoPlistFile /Users/carsonjcohen/Library/Developer/Xcode/DerivedData/SlingApp-cqkoehzkjdxezmftyzgnqnqqnkvj/Build/Products/Debug-iphonesimulator/GoogleUtilities_GoogleUtilities-AppDelegateSwizzler.bundle/Info.plist /Users/carsonjcohen/Library/Developer/Xcode/DerivedData/SlingApp-cqkoehzkjdxezmftyzgnqnqqnkvj/Build/Intermediates.noindex/GoogleUtilities.build/Debug-iphonesimulator/GoogleUtilities_GoogleUtilities-AppDelegateSwizzler.build/empty-GoogleUtilities_GoogleUtilities-AppDelegateSwizzler.plist (in target 'GoogleUtilities_GoogleUtilities-AppDelegateSwizzler' from project 'GoogleUtilities')
    cd /Users/carsonjcohen/Library/Developer/Xcode/DerivedData/SlingApp-cqkoehzkjdxezmftyzgnqnqqnkvj/SourcePackages/checkouts/GoogleUtilities
    builtin-infoPlistUtility /Users/carsonjcohen/Library/Developer/Xcode/DerivedData/SlingApp-cqkoehzkjdxezmftyzgnqnqqnkvj/Build/Intermediates.noindex/GoogleUtilities.build/Debug-iphonesimulator/GoogleUtilities_GoogleUtilities-AppDelegateSwizzler.build/empty-GoogleUtilities_GoogleUtilities-AppDelegateSwizzler.plist -producttype com.apple.product-type.bundle -expandbuildsettings -format binary -platform iphonesimulator -o /Users/carsonjcohen/Library/Developer/Xcode/DerivedData/SlingApp-cqkoehzkjdxezmftyzgnqnqqnkvj/Build/Products/Debug-iphonesimulator/GoogleUtilities_GoogleUtilities-AppDelegateSwizzler.bundle/Info.plist

ProcessInfoPlistFile /Users/carsonjcohen/Library/Developer/Xcode/DerivedData/SlingApp-cqkoehzkjdxezmftyzgnqnqqnkvj/Build/Products/Debug-iphonesimulator/GTMSessionFetcher_GTMSessionFetcherCore.bundle/Info.plist /Users/carsonjcohen/Library/Developer/Xcode/DerivedData/SlingApp-cqkoehzkjdxezmftyzgnqnqqnkvj/Build/Intermediates.noindex/GTMSessionFetcher.build/Debug-iphonesimulator/GTMSessionFetcher_GTMSessionFetcherCore.build/empty-GTMSessionFetcher_GTMSessionFetcherCore.plist (in target 'GTMSessionFetcher_GTMSessionFetcherCore' from project 'GTMSessionFetcher')
    cd /Users/carsonjcohen/Library/Developer/Xcode/DerivedData/SlingApp-cqkoehzkjdxezmftyzgnqnqqnkvj/SourcePackages/checkouts/gtm-session-fetcher
    builtin-infoPlistUtility /Users/carsonjcohen/Library/Developer/Xcode/DerivedData/SlingApp-cqkoehzkjdxezmftyzgnqnqqnkvj/Build/Intermediates.noindex/GTMSessionFetcher.build/Debug-iphonesimulator/GTMSessionFetcher_GTMSessionFetcherCore.build/empty-GTMSessionFetcher_GTMSessionFetcherCore.plist -producttype com.apple.product-type.bundle -expandbuildsettings -format binary -platform iphonesimulator -o /Users/carsonjcohen/Library/Developer/Xcode/DerivedData/SlingApp-cqkoehzkjdxezmftyzgnqnqqnkvj/Build/Products/Debug-iphonesimulator/GTMSessionFetcher_GTMSessionFetcherCore.bundle/Info.plist

ProcessInfoPlistFile /Users/carsonjcohen/Library/Developer/Xcode/DerivedData/SlingApp-cqkoehzkjdxezmftyzgnqnqqnkvj/Build/Products/Debug-iphonesimulator/Firebase_FirebaseInstallations.bundle/Info.plist /Users/carsonjcohen/Library/Developer/Xcode/DerivedData/SlingApp-cqkoehzkjdxezmftyzgnqnqqnkvj/Build/Intermediates.noindex/Firebase.build/Debug-iphonesimulator/Firebase_FirebaseInstallations.build/empty-Firebase_FirebaseInstallations.plist (in target 'Firebase_FirebaseInstallations' from project 'Firebase')
    cd /Users/carsonjcohen/Library/Developer/Xcode/DerivedData/SlingApp-cqkoehzkjdxezmftyzgnqnqqnkvj/SourcePackages/checkouts/firebase-ios-sdk
    builtin-infoPlistUtility /Users/carsonjcohen/Library/Developer/Xcode/DerivedData/SlingApp-cqkoehzkjdxezmftyzgnqnqqnkvj/Build/Intermediates.noindex/Firebase.build/Debug-iphonesimulator/Firebase_FirebaseInstallations.build/empty-Firebase_FirebaseInstallations.plist -producttype com.apple.product-type.bundle -expandbuildsettings -format binary -platform iphonesimulator -o /Users/carsonjcohen/Library/Developer/Xcode/DerivedData/SlingApp-cqkoehzkjdxezmftyzgnqnqqnkvj/Build/Products/Debug-iphonesimulator/Firebase_FirebaseInstallations.bundle/Info.plist

ProcessInfoPlistFile /Users/carsonjcohen/Library/Developer/Xcode/DerivedData/SlingApp-cqkoehzkjdxezmftyzgnqnqqnkvj/Build/Products/Debug-iphonesimulator/Firebase_FirebaseFirestore.bundle/Info.plist /Users/carsonjcohen/Library/Developer/Xcode/DerivedData/SlingApp-cqkoehzkjdxezmftyzgnqnqqnkvj/Build/Intermediates.noindex/Firebase.build/Debug-iphonesimulator/Firebase_FirebaseFirestore.build/empty-Firebase_FirebaseFirestore.plist (in target 'Firebase_FirebaseFirestore' from project 'Firebase')
    cd /Users/carsonjcohen/Library/Developer/Xcode/DerivedData/SlingApp-cqkoehzkjdxezmftyzgnqnqqnkvj/SourcePackages/checkouts/firebase-ios-sdk
    builtin-infoPlistUtility /Users/carsonjcohen/Library/Developer/Xcode/DerivedData/SlingApp-cqkoehzkjdxezmftyzgnqnqqnkvj/Build/Intermediates.noindex/Firebase.build/Debug-iphonesimulator/Firebase_FirebaseFirestore.build/empty-Firebase_FirebaseFirestore.plist -producttype com.apple.product-type.bundle -expandbuildsettings -format binary -platform iphonesimulator -o /Users/carsonjcohen/Library/Developer/Xcode/DerivedData/SlingApp-cqkoehzkjdxezmftyzgnqnqqnkvj/Build/Products/Debug-iphonesimulator/Firebase_FirebaseFirestore.bundle/Info.plist

ProcessInfoPlistFile /Users/carsonjcohen/Library/Developer/Xcode/DerivedData/SlingApp-cqkoehzkjdxezmftyzgnqnqqnkvj/Build/Products/Debug-iphonesimulator/Firebase_FirebaseCoreInternal.bundle/Info.plist /Users/carsonjcohen/Library/Developer/Xcode/DerivedData/SlingApp-cqkoehzkjdxezmftyzgnqnqqnkvj/Build/Intermediates.noindex/Firebase.build/Debug-iphonesimulator/Firebase_FirebaseCoreInternal.build/empty-Firebase_FirebaseCoreInternal.plist (in target 'Firebase_FirebaseCoreInternal' from project 'Firebase')
    cd /Users/carsonjcohen/Library/Developer/Xcode/DerivedData/SlingApp-cqkoehzkjdxezmftyzgnqnqqnkvj/SourcePackages/checkouts/firebase-ios-sdk
    builtin-infoPlistUtility /Users/carsonjcohen/Library/Developer/Xcode/DerivedData/SlingApp-cqkoehzkjdxezmftyzgnqnqqnkvj/Build/Intermediates.noindex/Firebase.build/Debug-iphonesimulator/Firebase_FirebaseCoreInternal.build/empty-Firebase_FirebaseCoreInternal.plist -producttype com.apple.product-type.bundle -expandbuildsettings -format binary -platform iphonesimulator -o /Users/carsonjcohen/Library/Developer/Xcode/DerivedData/SlingApp-cqkoehzkjdxezmftyzgnqnqqnkvj/Build/Products/Debug-iphonesimulator/Firebase_FirebaseCoreInternal.bundle/Info.plist

ProcessInfoPlistFile /Users/carsonjcohen/Library/Developer/Xcode/DerivedData/SlingApp-cqkoehzkjdxezmftyzgnqnqqnkvj/Build/Products/Debug-iphonesimulator/Firebase_FirebaseCoreExtension.bundle/Info.plist /Users/carsonjcohen/Library/Developer/Xcode/DerivedData/SlingApp-cqkoehzkjdxezmftyzgnqnqqnkvj/Build/Intermediates.noindex/Firebase.build/Debug-iphonesimulator/Firebase_FirebaseCoreExtension.build/empty-Firebase_FirebaseCoreExtension.plist (in target 'Firebase_FirebaseCoreExtension' from project 'Firebase')
    cd /Users/carsonjcohen/Library/Developer/Xcode/DerivedData/SlingApp-cqkoehzkjdxezmftyzgnqnqqnkvj/SourcePackages/checkouts/firebase-ios-sdk
    builtin-infoPlistUtility /Users/carsonjcohen/Library/Developer/Xcode/DerivedData/SlingApp-cqkoehzkjdxezmftyzgnqnqqnkvj/Build/Intermediates.noindex/Firebase.build/Debug-iphonesimulator/Firebase_FirebaseCoreExtension.build/empty-Firebase_FirebaseCoreExtension.plist -producttype com.apple.product-type.bundle -expandbuildsettings -format binary -platform iphonesimulator -o /Users/carsonjcohen/Library/Developer/Xcode/DerivedData/SlingApp-cqkoehzkjdxezmftyzgnqnqqnkvj/Build/Products/Debug-iphonesimulator/Firebase_FirebaseCoreExtension.bundle/Info.plist

ProcessInfoPlistFile /Users/carsonjcohen/Library/Developer/Xcode/DerivedData/SlingApp-cqkoehzkjdxezmftyzgnqnqqnkvj/Build/Products/Debug-iphonesimulator/Firebase_FirebaseCore.bundle/Info.plist /Users/carsonjcohen/Library/Developer/Xcode/DerivedData/SlingApp-cqkoehzkjdxezmftyzgnqnqqnkvj/Build/Intermediates.noindex/Firebase.build/Debug-iphonesimulator/Firebase_FirebaseCore.build/empty-Firebase_FirebaseCore.plist (in target 'Firebase_FirebaseCore' from project 'Firebase')
    cd /Users/carsonjcohen/Library/Developer/Xcode/DerivedData/SlingApp-cqkoehzkjdxezmftyzgnqnqqnkvj/SourcePackages/checkouts/firebase-ios-sdk
    builtin-infoPlistUtility /Users/carsonjcohen/Library/Developer/Xcode/DerivedData/SlingApp-cqkoehzkjdxezmftyzgnqnqqnkvj/Build/Intermediates.noindex/Firebase.build/Debug-iphonesimulator/Firebase_FirebaseCore.build/empty-Firebase_FirebaseCore.plist -producttype com.apple.product-type.bundle -expandbuildsettings -format binary -platform iphonesimulator -o /Users/carsonjcohen/Library/Developer/Xcode/DerivedData/SlingApp-cqkoehzkjdxezmftyzgnqnqqnkvj/Build/Products/Debug-iphonesimulator/Firebase_FirebaseCore.bundle/Info.plist

ProcessInfoPlistFile /Users/carsonjcohen/Library/Developer/Xcode/DerivedData/SlingApp-cqkoehzkjdxezmftyzgnqnqqnkvj/Build/Products/Debug-iphonesimulator/Firebase_FirebaseAuth.bundle/Info.plist /Users/carsonjcohen/Library/Developer/Xcode/DerivedData/SlingApp-cqkoehzkjdxezmftyzgnqnqqnkvj/Build/Intermediates.noindex/Firebase.build/Debug-iphonesimulator/Firebase_FirebaseAuth.build/empty-Firebase_FirebaseAuth.plist (in target 'Firebase_FirebaseAuth' from project 'Firebase')
    cd /Users/carsonjcohen/Library/Developer/Xcode/DerivedData/SlingApp-cqkoehzkjdxezmftyzgnqnqqnkvj/SourcePackages/checkouts/firebase-ios-sdk
    builtin-infoPlistUtility /Users/carsonjcohen/Library/Developer/Xcode/DerivedData/SlingApp-cqkoehzkjdxezmftyzgnqnqqnkvj/Build/Intermediates.noindex/Firebase.build/Debug-iphonesimulator/Firebase_FirebaseAuth.build/empty-Firebase_FirebaseAuth.plist -producttype com.apple.product-type.bundle -expandbuildsettings -format binary -platform iphonesimulator -o /Users/carsonjcohen/Library/Developer/Xcode/DerivedData/SlingApp-cqkoehzkjdxezmftyzgnqnqqnkvj/Build/Products/Debug-iphonesimulator/Firebase_FirebaseAuth.bundle/Info.plist

WriteAuxiliaryFile /Users/carsonjcohen/Library/Developer/Xcode/DerivedData/SlingApp-cqkoehzkjdxezmftyzgnqnqqnkvj/Build/Intermediates.noindex/SlingApp.build/Debug-iphonesimulator/SlingApp.build/Objects-normal/arm64/SlingApp.SwiftFileList (in target 'SlingApp' from project 'SlingApp')
    cd /Users/carsonjcohen/Desktop/SlingApp
    write-file /Users/carsonjcohen/Library/Developer/Xcode/DerivedData/SlingApp-cqkoehzkjdxezmftyzgnqnqqnkvj/Build/Intermediates.noindex/SlingApp.build/Debug-iphonesimulator/SlingApp.build/Objects-normal/arm64/SlingApp.SwiftFileList

WriteAuxiliaryFile /Users/carsonjcohen/Library/Developer/Xcode/DerivedData/SlingApp-cqkoehzkjdxezmftyzgnqnqqnkvj/Build/Intermediates.noindex/SlingApp.build/Debug-iphonesimulator/SlingApp.build/Objects-normal/arm64/SlingApp.LinkFileList (in target 'SlingApp' from project 'SlingApp')
    cd /Users/carsonjcohen/Desktop/SlingApp
    write-file /Users/carsonjcohen/Library/Developer/Xcode/DerivedData/SlingApp-cqkoehzkjdxezmftyzgnqnqqnkvj/Build/Intermediates.noindex/SlingApp.build/Debug-iphonesimulator/SlingApp.build/Objects-normal/arm64/SlingApp.LinkFileList

WriteAuxiliaryFile /Users/carsonjcohen/Library/Developer/Xcode/DerivedData/SlingApp-cqkoehzkjdxezmftyzgnqnqqnkvj/Build/Intermediates.noindex/SlingApp.build/Debug-iphonesimulator/SlingApp.build/Objects-normal/arm64/SlingApp.SwiftConstValuesFileList (in target 'SlingApp' from project 'SlingApp')
    cd /Users/carsonjcohen/Desktop/SlingApp
    write-file /Users/carsonjcohen/Library/Developer/Xcode/DerivedData/SlingApp-cqkoehzkjdxezmftyzgnqnqqnkvj/Build/Intermediates.noindex/SlingApp.build/Debug-iphonesimulator/SlingApp.build/Objects-normal/arm64/SlingApp.SwiftConstValuesFileList

Copy /Users/carsonjcohen/Library/Developer/Xcode/DerivedData/SlingApp-cqkoehzkjdxezmftyzgnqnqqnkvj/Build/Products/Debug-iphonesimulator/SlingApp.app/GoogleUtilities_GoogleUtilities-Logger.bundle /Users/carsonjcohen/Library/Developer/Xcode/DerivedData/SlingApp-cqkoehzkjdxezmftyzgnqnqqnkvj/Build/Products/Debug-iphonesimulator/GoogleUtilities_GoogleUtilities-Logger.bundle (in target 'SlingApp' from project 'SlingApp')
    cd /Users/carsonjcohen/Desktop/SlingApp
    builtin-copy -exclude .DS_Store -exclude CVS -exclude .svn -exclude .git -exclude .hg -resolve-src-symlinks /Users/carsonjcohen/Library/Developer/Xcode/DerivedData/SlingApp-cqkoehzkjdxezmftyzgnqnqqnkvj/Build/Products/Debug-iphonesimulator/GoogleUtilities_GoogleUtilities-Logger.bundle /Users/carsonjcohen/Library/Developer/Xcode/DerivedData/SlingApp-cqkoehzkjdxezmftyzgnqnqqnkvj/Build/Products/Debug-iphonesimulator/SlingApp.app

Copy /Users/carsonjcohen/Library/Developer/Xcode/DerivedData/SlingApp-cqkoehzkjdxezmftyzgnqnqqnkvj/Build/Products/Debug-iphonesimulator/SlingApp.app/GoogleUtilities_GoogleUtilities-MethodSwizzler.bundle /Users/carsonjcohen/Library/Developer/Xcode/DerivedData/SlingApp-cqkoehzkjdxezmftyzgnqnqqnkvj/Build/Products/Debug-iphonesimulator/GoogleUtilities_GoogleUtilities-MethodSwizzler.bundle (in target 'SlingApp' from project 'SlingApp')
    cd /Users/carsonjcohen/Desktop/SlingApp
    builtin-copy -exclude .DS_Store -exclude CVS -exclude .svn -exclude .git -exclude .hg -resolve-src-symlinks /Users/carsonjcohen/Library/Developer/Xcode/DerivedData/SlingApp-cqkoehzkjdxezmftyzgnqnqqnkvj/Build/Products/Debug-iphonesimulator/GoogleUtilities_GoogleUtilities-MethodSwizzler.bundle /Users/carsonjcohen/Library/Developer/Xcode/DerivedData/SlingApp-cqkoehzkjdxezmftyzgnqnqqnkvj/Build/Products/Debug-iphonesimulator/SlingApp.app

Copy /Users/carsonjcohen/Library/Developer/Xcode/DerivedData/SlingApp-cqkoehzkjdxezmftyzgnqnqqnkvj/Build/Products/Debug-iphonesimulator/SlingApp.app/GoogleUtilities_GoogleUtilities-Environment.bundle /Users/carsonjcohen/Library/Developer/Xcode/DerivedData/SlingApp-cqkoehzkjdxezmftyzgnqnqqnkvj/Build/Products/Debug-iphonesimulator/GoogleUtilities_GoogleUtilities-Environment.bundle (in target 'SlingApp' from project 'SlingApp')
    cd /Users/carsonjcohen/Desktop/SlingApp
    builtin-copy -exclude .DS_Store -exclude CVS -exclude .svn -exclude .git -exclude .hg -resolve-src-symlinks /Users/carsonjcohen/Library/Developer/Xcode/DerivedData/SlingApp-cqkoehzkjdxezmftyzgnqnqqnkvj/Build/Products/Debug-iphonesimulator/GoogleUtilities_GoogleUtilities-Environment.bundle /Users/carsonjcohen/Library/Developer/Xcode/DerivedData/SlingApp-cqkoehzkjdxezmftyzgnqnqqnkvj/Build/Products/Debug-iphonesimulator/SlingApp.app

Copy /Users/carsonjcohen/Library/Developer/Xcode/DerivedData/SlingApp-cqkoehzkjdxezmftyzgnqnqqnkvj/Build/Products/Debug-iphonesimulator/SlingApp.app/GoogleUtilities_GoogleUtilities-Reachability.bundle /Users/carsonjcohen/Library/Developer/Xcode/DerivedData/SlingApp-cqkoehzkjdxezmftyzgnqnqqnkvj/Build/Products/Debug-iphonesimulator/GoogleUtilities_GoogleUtilities-Reachability.bundle (in target 'SlingApp' from project 'SlingApp')
    cd /Users/carsonjcohen/Desktop/SlingApp
    builtin-copy -exclude .DS_Store -exclude CVS -exclude .svn -exclude .git -exclude .hg -resolve-src-symlinks /Users/carsonjcohen/Library/Developer/Xcode/DerivedData/SlingApp-cqkoehzkjdxezmftyzgnqnqqnkvj/Build/Products/Debug-iphonesimulator/GoogleUtilities_GoogleUtilities-Reachability.bundle /Users/carsonjcohen/Library/Developer/Xcode/DerivedData/SlingApp-cqkoehzkjdxezmftyzgnqnqqnkvj/Build/Products/Debug-iphonesimulator/SlingApp.app

Copy /Users/carsonjcohen/Library/Developer/Xcode/DerivedData/SlingApp-cqkoehzkjdxezmftyzgnqnqqnkvj/Build/Products/Debug-iphonesimulator/SlingApp.app/GoogleUtilities_GoogleUtilities-AppDelegateSwizzler.bundle /Users/carsonjcohen/Library/Developer/Xcode/DerivedData/SlingApp-cqkoehzkjdxezmftyzgnqnqqnkvj/Build/Products/Debug-iphonesimulator/GoogleUtilities_GoogleUtilities-AppDelegateSwizzler.bundle (in target 'SlingApp' from project 'SlingApp')
    cd /Users/carsonjcohen/Desktop/SlingApp
    builtin-copy -exclude .DS_Store -exclude CVS -exclude .svn -exclude .git -exclude .hg -resolve-src-symlinks /Users/carsonjcohen/Library/Developer/Xcode/DerivedData/SlingApp-cqkoehzkjdxezmftyzgnqnqqnkvj/Build/Products/Debug-iphonesimulator/GoogleUtilities_GoogleUtilities-AppDelegateSwizzler.bundle /Users/carsonjcohen/Library/Developer/Xcode/DerivedData/SlingApp-cqkoehzkjdxezmftyzgnqnqqnkvj/Build/Products/Debug-iphonesimulator/SlingApp.app

Copy /Users/carsonjcohen/Library/Developer/Xcode/DerivedData/SlingApp-cqkoehzkjdxezmftyzgnqnqqnkvj/Build/Products/Debug-iphonesimulator/SlingApp.app/GTMSessionFetcher_GTMSessionFetcherCore.bundle /Users/carsonjcohen/Library/Developer/Xcode/DerivedData/SlingApp-cqkoehzkjdxezmftyzgnqnqqnkvj/Build/Products/Debug-iphonesimulator/GTMSessionFetcher_GTMSessionFetcherCore.bundle (in target 'SlingApp' from project 'SlingApp')
    cd /Users/carsonjcohen/Desktop/SlingApp
    builtin-copy -exclude .DS_Store -exclude CVS -exclude .svn -exclude .git -exclude .hg -resolve-src-symlinks /Users/carsonjcohen/Library/Developer/Xcode/DerivedData/SlingApp-cqkoehzkjdxezmftyzgnqnqqnkvj/Build/Products/Debug-iphonesimulator/GTMSessionFetcher_GTMSessionFetcherCore.bundle /Users/carsonjcohen/Library/Developer/Xcode/DerivedData/SlingApp-cqkoehzkjdxezmftyzgnqnqqnkvj/Build/Products/Debug-iphonesimulator/SlingApp.app

Copy /Users/carsonjcohen/Library/Developer/Xcode/DerivedData/SlingApp-cqkoehzkjdxezmftyzgnqnqqnkvj/Build/Products/Debug-iphonesimulator/SlingApp.app/nanopb_nanopb.bundle /Users/carsonjcohen/Library/Developer/Xcode/DerivedData/SlingApp-cqkoehzkjdxezmftyzgnqnqqnkvj/Build/Products/Debug-iphonesimulator/nanopb_nanopb.bundle (in target 'SlingApp' from project 'SlingApp')
    cd /Users/carsonjcohen/Desktop/SlingApp
    builtin-copy -exclude .DS_Store -exclude CVS -exclude .svn -exclude .git -exclude .hg -resolve-src-symlinks /Users/carsonjcohen/Library/Developer/Xcode/DerivedData/SlingApp-cqkoehzkjdxezmftyzgnqnqqnkvj/Build/Products/Debug-iphonesimulator/nanopb_nanopb.bundle /Users/carsonjcohen/Library/Developer/Xcode/DerivedData/SlingApp-cqkoehzkjdxezmftyzgnqnqqnkvj/Build/Products/Debug-iphonesimulator/SlingApp.app

Copy /Users/carsonjcohen/Library/Developer/Xcode/DerivedData/SlingApp-cqkoehzkjdxezmftyzgnqnqqnkvj/Build/Products/Debug-iphonesimulator/SlingApp.app/leveldb_leveldb.bundle /Users/carsonjcohen/Library/Developer/Xcode/DerivedData/SlingApp-cqkoehzkjdxezmftyzgnqnqqnkvj/Build/Products/Debug-iphonesimulator/leveldb_leveldb.bundle (in target 'SlingApp' from project 'SlingApp')
    cd /Users/carsonjcohen/Desktop/SlingApp
    builtin-copy -exclude .DS_Store -exclude CVS -exclude .svn -exclude .git -exclude .hg -resolve-src-symlinks /Users/carsonjcohen/Library/Developer/Xcode/DerivedData/SlingApp-cqkoehzkjdxezmftyzgnqnqqnkvj/Build/Products/Debug-iphonesimulator/leveldb_leveldb.bundle /Users/carsonjcohen/Library/Developer/Xcode/DerivedData/SlingApp-cqkoehzkjdxezmftyzgnqnqqnkvj/Build/Products/Debug-iphonesimulator/SlingApp.app

Copy /Users/carsonjcohen/Library/Developer/Xcode/DerivedData/SlingApp-cqkoehzkjdxezmftyzgnqnqqnkvj/Build/Products/Debug-iphonesimulator/SlingApp.app/gRPC_opensslWrapper.bundle /Users/carsonjcohen/Library/Developer/Xcode/DerivedData/SlingApp-cqkoehzkjdxezmftyzgnqnqqnkvj/Build/Products/Debug-iphonesimulator/gRPC_opensslWrapper.bundle (in target 'SlingApp' from project 'SlingApp')
    cd /Users/carsonjcohen/Desktop/SlingApp
    builtin-copy -exclude .DS_Store -exclude CVS -exclude .svn -exclude .git -exclude .hg -resolve-src-symlinks /Users/carsonjcohen/Library/Developer/Xcode/DerivedData/SlingApp-cqkoehzkjdxezmftyzgnqnqqnkvj/Build/Products/Debug-iphonesimulator/gRPC_opensslWrapper.bundle /Users/carsonjcohen/Library/Developer/Xcode/DerivedData/SlingApp-cqkoehzkjdxezmftyzgnqnqqnkvj/Build/Products/Debug-iphonesimulator/SlingApp.app

Copy /Users/carsonjcohen/Library/Developer/Xcode/DerivedData/SlingApp-cqkoehzkjdxezmftyzgnqnqqnkvj/Build/Products/Debug-iphonesimulator/SlingApp.app/gRPC_grpcppWrapper.bundle /Users/carsonjcohen/Library/Developer/Xcode/DerivedData/SlingApp-cqkoehzkjdxezmftyzgnqnqqnkvj/Build/Products/Debug-iphonesimulator/gRPC_grpcppWrapper.bundle (in target 'SlingApp' from project 'SlingApp')
    cd /Users/carsonjcohen/Desktop/SlingApp
    builtin-copy -exclude .DS_Store -exclude CVS -exclude .svn -exclude .git -exclude .hg -resolve-src-symlinks /Users/carsonjcohen/Library/Developer/Xcode/DerivedData/SlingApp-cqkoehzkjdxezmftyzgnqnqqnkvj/Build/Products/Debug-iphonesimulator/gRPC_grpcppWrapper.bundle /Users/carsonjcohen/Library/Developer/Xcode/DerivedData/SlingApp-cqkoehzkjdxezmftyzgnqnqqnkvj/Build/Products/Debug-iphonesimulator/SlingApp.app

SwiftDriver SlingApp normal arm64 com.apple.xcode.tools.swift.compiler (in target 'SlingApp' from project 'SlingApp')
    cd /Users/carsonjcohen/Desktop/SlingApp
    builtin-SwiftDriver -- /Applications/Xcode.app/Contents/Developer/Toolchains/XcodeDefault.xctoolchain/usr/bin/swiftc -module-name SlingApp -Onone -enforce-exclusivity\=checked @/Users/carsonjcohen/Library/Developer/Xcode/DerivedData/SlingApp-cqkoehzkjdxezmftyzgnqnqqnkvj/Build/Intermediates.noindex/SlingApp.build/Debug-iphonesimulator/SlingApp.build/Objects-normal/arm64/SlingApp.SwiftFileList -DDEBUG -Xcc -fmodule-map-file\=/Users/carsonjcohen/Library/Developer/Xcode/DerivedData/SlingApp-cqkoehzkjdxezmftyzgnqnqqnkvj/Build/Intermediates.noindex/GeneratedModuleMaps-iphonesimulator/GoogleAppMeasurementTarget.modulemap -Xcc -fmodule-map-file\=/Users/carsonjcohen/Library/Developer/Xcode/DerivedData/SlingApp-cqkoehzkjdxezmftyzgnqnqqnkvj/Build/Intermediates.noindex/GeneratedModuleMaps-iphonesimulator/GoogleUtilities-MethodSwizzler.modulemap -Xcc -fmodule-map-file\=/Users/carsonjcohen/Library/Developer/Xcode/DerivedData/SlingApp-cqkoehzkjdxezmftyzgnqnqqnkvj/Build/Intermediates.noindex/GeneratedModuleMaps-iphonesimulator/FirebaseAnalyticsWrapper.modulemap -Xcc -fmodule-map-file\=/Users/carsonjcohen/Library/Developer/Xcode/DerivedData/SlingApp-cqkoehzkjdxezmftyzgnqnqqnkvj/Build/Intermediates.noindex/GeneratedModuleMaps-iphonesimulator/FirebaseInstallations.modulemap -Xcc -fmodule-map-file\=/Users/carsonjcohen/Library/Developer/Xcode/DerivedData/SlingApp-cqkoehzkjdxezmftyzgnqnqqnkvj/Build/Intermediates.noindex/GeneratedModuleMaps-iphonesimulator/FirebaseAnalyticsTarget.modulemap -Xcc -fmodule-map-file\=/Users/carsonjcohen/Library/Developer/Xcode/DerivedData/SlingApp-cqkoehzkjdxezmftyzgnqnqqnkvj/Build/Intermediates.noindex/GeneratedModuleMaps-iphonesimulator/GoogleUtilities-Network.modulemap -Xcc -fmodule-map-file\=/Users/carsonjcohen/Library/Developer/Xcode/DerivedData/SlingApp-cqkoehzkjdxezmftyzgnqnqqnkvj/Build/Intermediates.noindex/GeneratedModuleMaps-iphonesimulator/GoogleUtilities-Reachability.modulemap -Xcc -fmodule-map-file\=/Users/carsonjcohen/Library/Developer/Xcode/DerivedData/SlingApp-cqkoehzkjdxezmftyzgnqnqqnkvj/Build/Intermediates.noindex/GeneratedModuleMaps-iphonesimulator/GoogleUtilities-AppDelegateSwizzler.modulemap -Xcc -fmodule-map-file\=/Users/carsonjcohen/Library/Developer/Xcode/DerivedData/SlingApp-cqkoehzkjdxezmftyzgnqnqqnkvj/Build/Intermediates.noindex/GeneratedModuleMaps-iphonesimulator/GTMSessionFetcherCore.modulemap -Xcc -fmodule-map-file\=/Users/carsonjcohen/Library/Developer/Xcode/DerivedData/SlingApp-cqkoehzkjdxezmftyzgnqnqqnkvj/Build/Intermediates.noindex/GeneratedModuleMaps-iphonesimulator/RecaptchaInterop.modulemap -Xcc -fmodule-map-file\=/Users/carsonjcohen/Library/Developer/Xcode/DerivedData/SlingApp-cqkoehzkjdxezmftyzgnqnqqnkvj/Build/Intermediates.noindex/GeneratedModuleMaps-iphonesimulator/FirebaseAuth.modulemap -Xcc -fmodule-map-file\=/Users/carsonjcohen/Library/Developer/Xcode/DerivedData/SlingApp-cqkoehzkjdxezmftyzgnqnqqnkvj/Build/Intermediates.noindex/GeneratedModuleMaps-iphonesimulator/GoogleUtilities-UserDefaults.modulemap -Xcc -fmodule-map-file\=/Users/carsonjcohen/Library/Developer/Xcode/DerivedData/SlingApp-cqkoehzkjdxezmftyzgnqnqqnkvj/Build/Intermediates.noindex/GeneratedModuleMaps-iphonesimulator/FirebaseDatabaseInternal.modulemap -Xcc -fmodule-map-file\=/Users/carsonjcohen/Library/Developer/Xcode/DerivedData/SlingApp-cqkoehzkjdxezmftyzgnqnqqnkvj/Build/Intermediates.noindex/GeneratedModuleMaps-iphonesimulator/FirebaseFirestoreSwiftTarget.modulemap -Xcc -fmodule-map-file\=/Users/carsonjcohen/Library/Developer/Xcode/DerivedData/SlingApp-cqkoehzkjdxezmftyzgnqnqqnkvj/Build/Intermediates.noindex/GeneratedModuleMaps-iphonesimulator/GoogleUtilities-NSData.modulemap -Xcc -fmodule-map-file\=/Users/carsonjcohen/Library/Developer/Xcode/DerivedData/SlingApp-cqkoehzkjdxezmftyzgnqnqqnkvj/Build/Intermediates.noindex/GeneratedModuleMaps-iphonesimulator/GoogleUtilities-Environment.modulemap -Xcc -fmodule-map-file\=/Users/carsonjcohen/Library/Developer/Xcode/DerivedData/SlingApp-cqkoehzkjdxezmftyzgnqnqqnkvj/Build/Intermediates.noindex/GeneratedModuleMaps-iphonesimulator/third-party-IsAppEncrypted.modulemap -Xcc -fmodule-map-file\=/Users/carsonjcohen/Library/Developer/Xcode/DerivedData/SlingApp-cqkoehzkjdxezmftyzgnqnqqnkvj/Build/Intermediates.noindex/GeneratedModuleMaps-iphonesimulator/GoogleUtilities-Logger.modulemap -Xcc -fmodule-map-file\=/Users/carsonjcohen/Library/Developer/Xcode/DerivedData/SlingApp-cqkoehzkjdxezmftyzgnqnqqnkvj/Build/Intermediates.noindex/GeneratedModuleMaps-iphonesimulator/abslWrapper.modulemap -Xcc -fmodule-map-file\=/Users/carsonjcohen/Library/Developer/Xcode/DerivedData/SlingApp-cqkoehzkjdxezmftyzgnqnqqnkvj/Build/Intermediates.noindex/GeneratedModuleMaps-iphonesimulator/opensslWrapper.modulemap -Xcc -fmodule-map-file\=/Users/carsonjcohen/Library/Developer/Xcode/DerivedData/SlingApp-cqkoehzkjdxezmftyzgnqnqqnkvj/Build/Intermediates.noindex/GeneratedModuleMaps-iphonesimulator/grpcWrapper.modulemap -Xcc -fmodule-map-file\=/Users/carsonjcohen/Library/Developer/Xcode/DerivedData/SlingApp-cqkoehzkjdxezmftyzgnqnqqnkvj/Build/Intermediates.noindex/GeneratedModuleMaps-iphonesimulator/grpcppWrapper.modulemap -Xcc -fmodule-map-file\=/Users/carsonjcohen/Library/Developer/Xcode/DerivedData/SlingApp-cqkoehzkjdxezmftyzgnqnqqnkvj/Build/Intermediates.noindex/GeneratedModuleMaps-iphonesimulator/nanopb.modulemap -Xcc -fmodule-map-file\=/Users/carsonjcohen/Library/Developer/Xcode/DerivedData/SlingApp-cqkoehzkjdxezmftyzgnqnqqnkvj/Build/Intermediates.noindex/GeneratedModuleMaps-iphonesimulator/leveldb.modulemap -Xcc -fmodule-map-file\=/Users/carsonjcohen/Library/Developer/Xcode/DerivedData/SlingApp-cqkoehzkjdxezmftyzgnqnqqnkvj/Build/Intermediates.noindex/GeneratedModuleMaps-iphonesimulator/FirebaseCoreExtension.modulemap -Xcc -fmodule-map-file\=/Users/carsonjcohen/Library/Developer/Xcode/DerivedData/SlingApp-cqkoehzkjdxezmftyzgnqnqqnkvj/Build/Intermediates.noindex/GeneratedModuleMaps-iphonesimulator/FirebaseCore.modulemap -Xcc -fmodule-map-file\=/Users/carsonjcohen/Library/Developer/Xcode/DerivedData/SlingApp-cqkoehzkjdxezmftyzgnqnqqnkvj/Build/Intermediates.noindex/GeneratedModuleMaps-iphonesimulator/FirebaseAppCheckInterop.modulemap -Xcc -fmodule-map-file\=/Users/carsonjcohen/Library/Developer/Xcode/DerivedData/SlingApp-cqkoehzkjdxezmftyzgnqnqqnkvj/Build/Intermediates.noindex/GeneratedModuleMaps-iphonesimulator/FirebaseFirestoreInternalWrapper.modulemap -Xcc -fmodule-map-file\=/Users/carsonjcohen/Library/Developer/Xcode/DerivedData/SlingApp-cqkoehzkjdxezmftyzgnqnqqnkvj/Build/Intermediates.noindex/GeneratedModuleMaps-iphonesimulator/FirebaseFirestoreTarget.modulemap -enable-bare-slash-regex -enable-experimental-feature DebugDescriptionMacro -sdk /Applications/Xcode.app/Contents/Developer/Platforms/iPhoneSimulator.platform/Developer/SDKs/iPhoneSimulator18.5.sdk -target arm64-apple-ios18.5-simulator -g -module-cache-path /Users/carsonjcohen/Library/Developer/Xcode/DerivedData/ModuleCache.noindex -Xfrontend -serialize-debugging-options -profile-coverage-mapping -profile-generate -enable-testing -index-store-path /Users/carsonjcohen/Library/Developer/Xcode/DerivedData/SlingApp-cqkoehzkjdxezmftyzgnqnqqnkvj/Index.noindex/DataStore -swift-version 5 -I /Users/carsonjcohen/Library/Developer/Xcode/DerivedData/SlingApp-cqkoehzkjdxezmftyzgnqnqqnkvj/Build/Products/Debug-iphonesimulator -F /Users/carsonjcohen/Library/Developer/Xcode/DerivedData/SlingApp-cqkoehzkjdxezmftyzgnqnqqnkvj/Build/Products/Debug-iphonesimulator/PackageFrameworks -F /Users/carsonjcohen/Library/Developer/Xcode/DerivedData/SlingApp-cqkoehzkjdxezmftyzgnqnqqnkvj/Build/Products/Debug-iphonesimulator/PackageFrameworks -F /Users/carsonjcohen/Library/Developer/Xcode/DerivedData/SlingApp-cqkoehzkjdxezmftyzgnqnqqnkvj/Build/Products/Debug-iphonesimulator/PackageFrameworks -F /Users/carsonjcohen/Library/Developer/Xcode/DerivedData/SlingApp-cqkoehzkjdxezmftyzgnqnqqnkvj/Build/Products/Debug-iphonesimulator/PackageFrameworks -F /Users/carsonjcohen/Library/Developer/Xcode/DerivedData/SlingApp-cqkoehzkjdxezmftyzgnqnqqnkvj/Build/Products/Debug-iphonesimulator/PackageFrameworks -F /Users/carsonjcohen/Library/Developer/Xcode/DerivedData/SlingApp-cqkoehzkjdxezmftyzgnqnqqnkvj/Build/Products/Debug-iphonesimulator/PackageFrameworks -F /Users/carsonjcohen/Library/Developer/Xcode/DerivedData/SlingApp-cqkoehzkjdxezmftyzgnqnqqnkvj/Build/Products/Debug-iphonesimulator/PackageFrameworks -F /Users/carsonjcohen/Library/Developer/Xcode/DerivedData/SlingApp-cqkoehzkjdxezmftyzgnqnqqnkvj/Build/Products/Debug-iphonesimulator/PackageFrameworks -F /Users/carsonjcohen/Library/Developer/Xcode/DerivedData/SlingApp-cqkoehzkjdxezmftyzgnqnqqnkvj/Build/Products/Debug-iphonesimulator/PackageFrameworks -F /Users/carsonjcohen/Library/Developer/Xcode/DerivedData/SlingApp-cqkoehzkjdxezmftyzgnqnqqnkvj/Build/Products/Debug-iphonesimulator/PackageFrameworks -F /Users/carsonjcohen/Library/Developer/Xcode/DerivedData/SlingApp-cqkoehzkjdxezmftyzgnqnqqnkvj/Build/Products/Debug-iphonesimulator/PackageFrameworks -F /Users/carsonjcohen/Library/Developer/Xcode/DerivedData/SlingApp-cqkoehzkjdxezmftyzgnqnqqnkvj/Build/Products/Debug-iphonesimulator/PackageFrameworks -F /Users/carsonjcohen/Library/Developer/Xcode/DerivedData/SlingApp-cqkoehzkjdxezmftyzgnqnqqnkvj/Build/Products/Debug-iphonesimulator/PackageFrameworks -F /Users/carsonjcohen/Library/Developer/Xcode/DerivedData/SlingApp-cqkoehzkjdxezmftyzgnqnqqnkvj/Build/Products/Debug-iphonesimulator/PackageFrameworks -F /Users/carsonjcohen/Library/Developer/Xcode/DerivedData/SlingApp-cqkoehzkjdxezmftyzgnqnqqnkvj/Build/Products/Debug-iphonesimulator/PackageFrameworks -F /Users/carsonjcohen/Library/Developer/Xcode/DerivedData/SlingApp-cqkoehzkjdxezmftyzgnqnqqnkvj/Build/Products/Debug-iphonesimulator/PackageFrameworks -F /Users/carsonjcohen/Library/Developer/Xcode/DerivedData/SlingApp-cqkoehzkjdxezmftyzgnqnqqnkvj/Build/Products/Debug-iphonesimulator/PackageFrameworks -F /Users/carsonjcohen/Library/Developer/Xcode/DerivedData/SlingApp-cqkoehzkjdxezmftyzgnqnqqnkvj/Build/Products/Debug-iphonesimulator/PackageFrameworks -F /Users/carsonjcohen/Library/Developer/Xcode/DerivedData/SlingApp-cqkoehzkjdxezmftyzgnqnqqnkvj/Build/Products/Debug-iphonesimulator/PackageFrameworks -F /Users/carsonjcohen/Library/Developer/Xcode/DerivedData/SlingApp-cqkoehzkjdxezmftyzgnqnqqnkvj/Build/Products/Debug-iphonesimulator/PackageFrameworks -F /Users/carsonjcohen/Library/Developer/Xcode/DerivedData/SlingApp-cqkoehzkjdxezmftyzgnqnqqnkvj/Build/Products/Debug-iphonesimulator/PackageFrameworks -F /Users/carsonjcohen/Library/Developer/Xcode/DerivedData/SlingApp-cqkoehzkjdxezmftyzgnqnqqnkvj/Build/Products/Debug-iphonesimulator/PackageFrameworks -F /Users/carsonjcohen/Library/Developer/Xcode/DerivedData/SlingApp-cqkoehzkjdxezmftyzgnqnqqnkvj/Build/Products/Debug-iphonesimulator/PackageFrameworks -F /Users/carsonjcohen/Library/Developer/Xcode/DerivedData/SlingApp-cqkoehzkjdxezmftyzgnqnqqnkvj/Build/Products/Debug-iphonesimulator/PackageFrameworks -F /Users/carsonjcohen/Library/Developer/Xcode/DerivedData/SlingApp-cqkoehzkjdxezmftyzgnqnqqnkvj/Build/Products/Debug-iphonesimulator/PackageFrameworks -F /Users/carsonjcohen/Library/Developer/Xcode/DerivedData/SlingApp-cqkoehzkjdxezmftyzgnqnqqnkvj/Build/Products/Debug-iphonesimulator/PackageFrameworks -F /Users/carsonjcohen/Library/Developer/Xcode/DerivedData/SlingApp-cqkoehzkjdxezmftyzgnqnqqnkvj/Build/Products/Debug-iphonesimulator/PackageFrameworks -F /Users/carsonjcohen/Library/Developer/Xcode/DerivedData/SlingApp-cqkoehzkjdxezmftyzgnqnqqnkvj/Build/Products/Debug-iphonesimulator/PackageFrameworks -F /Users/carsonjcohen/Library/Developer/Xcode/DerivedData/SlingApp-cqkoehzkjdxezmftyzgnqnqqnkvj/Build/Products/Debug-iphonesimulator/PackageFrameworks -F /Users/carsonjcohen/Library/Developer/Xcode/DerivedData/SlingApp-cqkoehzkjdxezmftyzgnqnqqnkvj/Build/Products/Debug-iphonesimulator/PackageFrameworks -F /Users/carsonjcohen/Library/Developer/Xcode/DerivedData/SlingApp-cqkoehzkjdxezmftyzgnqnqqnkvj/Build/Products/Debug-iphonesimulator/PackageFrameworks -F /Users/carsonjcohen/Library/Developer/Xcode/DerivedData/SlingApp-cqkoehzkjdxezmftyzgnqnqqnkvj/Build/Products/Debug-iphonesimulator/PackageFrameworks -F /Users/carsonjcohen/Library/Developer/Xcode/DerivedData/SlingApp-cqkoehzkjdxezmftyzgnqnqqnkvj/Build/Products/Debug-iphonesimulator/PackageFrameworks -F /Users/carsonjcohen/Library/Developer/Xcode/DerivedData/SlingApp-cqkoehzkjdxezmftyzgnqnqqnkvj/Build/Products/Debug-iphonesimulator/PackageFrameworks -F /Users/carsonjcohen/Library/Developer/Xcode/DerivedData/SlingApp-cqkoehzkjdxezmftyzgnqnqqnkvj/Build/Products/Debug-iphonesimulator/PackageFrameworks -F /Users/carsonjcohen/Library/Developer/Xcode/DerivedData/SlingApp-cqkoehzkjdxezmftyzgnqnqqnkvj/Build/Products/Debug-iphonesimulator/PackageFrameworks -F /Users/carsonjcohen/Library/Developer/Xcode/DerivedData/SlingApp-cqkoehzkjdxezmftyzgnqnqqnkvj/Build/Products/Debug-iphonesimulator -emit-localized-strings -emit-localized-strings-path /Users/carsonjcohen/Library/Developer/Xcode/DerivedData/SlingApp-cqkoehzkjdxezmftyzgnqnqqnkvj/Build/Intermediates.noindex/SlingApp.build/Debug-iphonesimulator/SlingApp.build/Objects-normal/arm64 -c -j10 -enable-batch-mode -incremental -Xcc -ivfsstatcache -Xcc /Users/carsonjcohen/Library/Developer/Xcode/DerivedData/SDKStatCaches.noindex/iphonesimulator18.5-22F76-d5fc8ad4295d2ef488fb7d0f804ce0c4.sdkstatcache -output-file-map /Users/carsonjcohen/Library/Developer/Xcode/DerivedData/SlingApp-cqkoehzkjdxezmftyzgnqnqqnkvj/Build/Intermediates.noindex/SlingApp.build/Debug-iphonesimulator/SlingApp.build/Objects-normal/arm64/SlingApp-OutputFileMap.json -use-frontend-parseable-output -save-temps -no-color-diagnostics -serialize-diagnostics -emit-dependencies -emit-module -emit-module-path /Users/carsonjcohen/Library/Developer/Xcode/DerivedData/SlingApp-cqkoehzkjdxezmftyzgnqnqqnkvj/Build/Intermediates.noindex/SlingApp.build/Debug-iphonesimulator/SlingApp.build/Objects-normal/arm64/SlingApp.swiftmodule -validate-clang-modules-once -clang-build-session-file /Users/carsonjcohen/Library/Developer/Xcode/DerivedData/ModuleCache.noindex/Session.modulevalidation -Xcc -I/Users/carsonjcohen/Library/Developer/Xcode/DerivedData/SlingApp-cqkoehzkjdxezmftyzgnqnqqnkvj/Build/Intermediates.noindex/SlingApp.build/Debug-iphonesimulator/SlingApp.build/swift-overrides.hmap -emit-const-values -Xfrontend -const-gather-protocols-file -Xfrontend /Users/carsonjcohen/Library/Developer/Xcode/DerivedData/SlingApp-cqkoehzkjdxezmftyzgnqnqqnkvj/Build/Intermediates.noindex/SlingApp.build/Debug-iphonesimulator/SlingApp.build/Objects-normal/arm64/SlingApp_const_extract_protocols.json -Xcc -iquote -Xcc /Users/carsonjcohen/Library/Developer/Xcode/DerivedData/SlingApp-cqkoehzkjdxezmftyzgnqnqqnkvj/Build/Intermediates.noindex/SlingApp.build/Debug-iphonesimulator/SlingApp.build/SlingApp-generated-files.hmap -Xcc -I/Users/carsonjcohen/Library/Developer/Xcode/DerivedData/SlingApp-cqkoehzkjdxezmftyzgnqnqqnkvj/Build/Intermediates.noindex/SlingApp.build/Debug-iphonesimulator/SlingApp.build/SlingApp-own-target-headers.hmap -Xcc -I/Users/carsonjcohen/Library/Developer/Xcode/DerivedData/SlingApp-cqkoehzkjdxezmftyzgnqnqqnkvj/Build/Intermediates.noindex/SlingApp.build/Debug-iphonesimulator/SlingApp.build/SlingApp-all-non-framework-target-headers.hmap -Xcc -ivfsoverlay -Xcc /Users/carsonjcohen/Library/Developer/Xcode/DerivedData/SlingApp-cqkoehzkjdxezmftyzgnqnqqnkvj/Build/Intermediates.noindex/SlingApp.build/Debug-iphonesimulator/SlingApp-ff795fe456420a1f90e86b81728cb571-VFS-iphonesimulator/all-product-headers.yaml -Xcc -iquote -Xcc /Users/carsonjcohen/Library/Developer/Xcode/DerivedData/SlingApp-cqkoehzkjdxezmftyzgnqnqqnkvj/Build/Intermediates.noindex/SlingApp.build/Debug-iphonesimulator/SlingApp.build/SlingApp-project-headers.hmap -Xcc -I/Users/carsonjcohen/Library/Developer/Xcode/DerivedData/SlingApp-cqkoehzkjdxezmftyzgnqnqqnkvj/SourcePackages/checkouts/GoogleAppMeasurement/GoogleAppMeasurementWrapper/include -Xcc -I/Users/carsonjcohen/Library/Developer/Xcode/DerivedData/SlingApp-cqkoehzkjdxezmftyzgnqnqqnkvj/SourcePackages/checkouts/GoogleUtilities/GoogleUtilities/MethodSwizzler/Public -Xcc -I/Users/carsonjcohen/Library/Developer/Xcode/DerivedData/SlingApp-cqkoehzkjdxezmftyzgnqnqqnkvj/SourcePackages/checkouts/firebase-ios-sdk/FirebaseAnalyticsWrapper/include -Xcc -I/Users/carsonjcohen/Library/Developer/Xcode/DerivedData/SlingApp-cqkoehzkjdxezmftyzgnqnqqnkvj/SourcePackages/checkouts/firebase-ios-sdk/FirebaseInstallations/Source/Library/Public -Xcc -I/Users/carsonjcohen/Library/Developer/Xcode/DerivedData/SlingApp-cqkoehzkjdxezmftyzgnqnqqnkvj/SourcePackages/checkouts/firebase-ios-sdk/SwiftPM-PlatformExclude/FirebaseAnalyticsWrap/include -Xcc -I/Users/carsonjcohen/Library/Developer/Xcode/DerivedData/SlingApp-cqkoehzkjdxezmftyzgnqnqqnkvj/SourcePackages/checkouts/GoogleUtilities/GoogleUtilities/Network/Public -Xcc -I/Users/carsonjcohen/Library/Developer/Xcode/DerivedData/SlingApp-cqkoehzkjdxezmftyzgnqnqqnkvj/SourcePackages/checkouts/GoogleUtilities/GoogleUtilities/Reachability/Public -Xcc -I/Users/carsonjcohen/Library/Developer/Xcode/DerivedData/SlingApp-cqkoehzkjdxezmftyzgnqnqqnkvj/SourcePackages/checkouts/GoogleUtilities/GoogleUtilities/AppDelegateSwizzler/Public -Xcc -I/Users/carsonjcohen/Library/Developer/Xcode/DerivedData/SlingApp-cqkoehzkjdxezmftyzgnqnqqnkvj/SourcePackages/checkouts/gtm-session-fetcher/Sources/Core/Public -Xcc -I/Users/carsonjcohen/Library/Developer/Xcode/DerivedData/SlingApp-cqkoehzkjdxezmftyzgnqnqqnkvj/SourcePackages/checkouts/interop-ios-for-google-sdks/RecaptchaEnterprise/RecaptchaInterop/Public -Xcc -I/Users/carsonjcohen/Library/Developer/Xcode/DerivedData/SlingApp-cqkoehzkjdxezmftyzgnqnqqnkvj/SourcePackages/checkouts/firebase-ios-sdk/FirebaseAuth/Sources/Public -Xcc -I/Users/carsonjcohen/Library/Developer/Xcode/DerivedData/SlingApp-cqkoehzkjdxezmftyzgnqnqqnkvj/SourcePackages/checkouts/GoogleUtilities/GoogleUtilities/UserDefaults/Public -Xcc -I/Users/carsonjcohen/Library/Developer/Xcode/DerivedData/SlingApp-cqkoehzkjdxezmftyzgnqnqqnkvj/SourcePackages/checkouts/firebase-ios-sdk/FirebaseDatabase/Sources/Public -Xcc -I/Users/carsonjcohen/Library/Developer/Xcode/DerivedData/SlingApp-cqkoehzkjdxezmftyzgnqnqqnkvj/SourcePackages/checkouts/firebase-ios-sdk/SwiftPM-PlatformExclude/FirebaseFirestoreSwiftWrap/include -Xcc -I/Users/carsonjcohen/Library/Developer/Xcode/DerivedData/SlingApp-cqkoehzkjdxezmftyzgnqnqqnkvj/SourcePackages/checkouts/GoogleUtilities/GoogleUtilities/NSData+zlib/Public -Xcc -I/Users/carsonjcohen/Library/Developer/Xcode/DerivedData/SlingApp-cqkoehzkjdxezmftyzgnqnqqnkvj/SourcePackages/checkouts/promises/Sources/FBLPromises/include -Xcc -I/Users/carsonjcohen/Library/Developer/Xcode/DerivedData/SlingApp-cqkoehzkjdxezmftyzgnqnqqnkvj/SourcePackages/checkouts/GoogleUtilities/GoogleUtilities/Environment/Public -Xcc -I/Users/carsonjcohen/Library/Developer/Xcode/DerivedData/SlingApp-cqkoehzkjdxezmftyzgnqnqqnkvj/SourcePackages/checkouts/GoogleUtilities/third_party/IsAppEncrypted/Public -Xcc -I/Users/carsonjcohen/Library/Developer/Xcode/DerivedData/SlingApp-cqkoehzkjdxezmftyzgnqnqqnkvj/SourcePackages/checkouts/GoogleUtilities/GoogleUtilities/Logger/Public -Xcc -I/Users/carsonjcohen/Library/Developer/Xcode/DerivedData/SlingApp-cqkoehzkjdxezmftyzgnqnqqnkvj/SourcePackages/checkouts/abseil-cpp-binary/absl-Wrapper/include -Xcc -I/Users/carsonjcohen/Library/Developer/Xcode/DerivedData/SlingApp-cqkoehzkjdxezmftyzgnqnqqnkvj/SourcePackages/checkouts/grpc-binary/openssl-grpc-Wrapper/include -Xcc -I/Users/carsonjcohen/Library/Developer/Xcode/DerivedData/SlingApp-cqkoehzkjdxezmftyzgnqnqqnkvj/SourcePackages/checkouts/grpc-binary/grpc-Wrapper/include -Xcc -I/Users/carsonjcohen/Library/Developer/Xcode/DerivedData/SlingApp-cqkoehzkjdxezmftyzgnqnqqnkvj/SourcePackages/checkouts/grpc-binary/grpcpp-Wrapper/include -Xcc -I/Users/carsonjcohen/Library/Developer/Xcode/DerivedData/SlingApp-cqkoehzkjdxezmftyzgnqnqqnkvj/SourcePackages/checkouts/nanopb/spm_headers -Xcc -I/Users/carsonjcohen/Library/Developer/Xcode/DerivedData/SlingApp-cqkoehzkjdxezmftyzgnqnqqnkvj/SourcePackages/checkouts/leveldb/include -Xcc -I/Users/carsonjcohen/Library/Developer/Xcode/DerivedData/SlingApp-cqkoehzkjdxezmftyzgnqnqqnkvj/SourcePackages/checkouts/firebase-ios-sdk/FirebaseCore/Extension -Xcc -I/Users/carsonjcohen/Library/Developer/Xcode/DerivedData/SlingApp-cqkoehzkjdxezmftyzgnqnqqnkvj/SourcePackages/checkouts/firebase-ios-sdk/FirebaseCore/Sources/Public -Xcc -I/Users/carsonjcohen/Library/Developer/Xcode/DerivedData/SlingApp-cqkoehzkjdxezmftyzgnqnqqnkvj/SourcePackages/checkouts/firebase-ios-sdk/CoreOnly/Sources -Xcc -I/Users/carsonjcohen/Library/Developer/Xcode/DerivedData/SlingApp-cqkoehzkjdxezmftyzgnqnqqnkvj/SourcePackages/checkouts/firebase-ios-sdk/FirebaseAppCheck/Interop/Public -Xcc -I/Users/carsonjcohen/Library/Developer/Xcode/DerivedData/SlingApp-cqkoehzkjdxezmftyzgnqnqqnkvj/SourcePackages/checkouts/firebase-ios-sdk/FirebaseFirestoreInternal -Xcc -I/Users/carsonjcohen/Library/Developer/Xcode/DerivedData/SlingApp-cqkoehzkjdxezmftyzgnqnqqnkvj/SourcePackages/checkouts/firebase-ios-sdk/SwiftPM-PlatformExclude/FirebaseFirestoreWrap/include -Xcc -I/Users/carsonjcohen/Library/Developer/Xcode/DerivedData/SlingApp-cqkoehzkjdxezmftyzgnqnqqnkvj/Build/Products/Debug-iphonesimulator/include -Xcc -I/Users/carsonjcohen/Library/Developer/Xcode/DerivedData/SlingApp-cqkoehzkjdxezmftyzgnqnqqnkvj/Build/Intermediates.noindex/SlingApp.build/Debug-iphonesimulator/SlingApp.build/DerivedSources-normal/arm64 -Xcc -I/Users/carsonjcohen/Library/Developer/Xcode/DerivedData/SlingApp-cqkoehzkjdxezmftyzgnqnqqnkvj/Build/Intermediates.noindex/SlingApp.build/Debug-iphonesimulator/SlingApp.build/DerivedSources/arm64 -Xcc -I/Users/carsonjcohen/Library/Developer/Xcode/DerivedData/SlingApp-cqkoehzkjdxezmftyzgnqnqqnkvj/Build/Intermediates.noindex/SlingApp.build/Debug-iphonesimulator/SlingApp.build/DerivedSources -Xcc -DDEBUG\=1 -emit-objc-header -emit-objc-header-path /Users/carsonjcohen/Library/Developer/Xcode/DerivedData/SlingApp-cqkoehzkjdxezmftyzgnqnqqnkvj/Build/Intermediates.noindex/SlingApp.build/Debug-iphonesimulator/SlingApp.build/Objects-normal/arm64/SlingApp-Swift.h -working-directory /Users/carsonjcohen/Desktop/SlingApp -experimental-emit-module-separately -disable-cmo

Copy /Users/carsonjcohen/Library/Developer/Xcode/DerivedData/SlingApp-cqkoehzkjdxezmftyzgnqnqqnkvj/Build/Products/Debug-iphonesimulator/SlingApp.app/gRPC_grpcWrapper.bundle /Users/carsonjcohen/Library/Developer/Xcode/DerivedData/SlingApp-cqkoehzkjdxezmftyzgnqnqqnkvj/Build/Products/Debug-iphonesimulator/gRPC_grpcWrapper.bundle (in target 'SlingApp' from project 'SlingApp')
    cd /Users/carsonjcohen/Desktop/SlingApp
    builtin-copy -exclude .DS_Store -exclude CVS -exclude .svn -exclude .git -exclude .hg -resolve-src-symlinks /Users/carsonjcohen/Library/Developer/Xcode/DerivedData/SlingApp-cqkoehzkjdxezmftyzgnqnqqnkvj/Build/Products/Debug-iphonesimulator/gRPC_grpcWrapper.bundle /Users/carsonjcohen/Library/Developer/Xcode/DerivedData/SlingApp-cqkoehzkjdxezmftyzgnqnqqnkvj/Build/Products/Debug-iphonesimulator/SlingApp.app

Copy /Users/carsonjcohen/Library/Developer/Xcode/DerivedData/SlingApp-cqkoehzkjdxezmftyzgnqnqqnkvj/Build/Products/Debug-iphonesimulator/SlingApp.app/abseil_abslWrapper.bundle /Users/carsonjcohen/Library/Developer/Xcode/DerivedData/SlingApp-cqkoehzkjdxezmftyzgnqnqqnkvj/Build/Products/Debug-iphonesimulator/abseil_abslWrapper.bundle (in target 'SlingApp' from project 'SlingApp')
    cd /Users/carsonjcohen/Desktop/SlingApp
    builtin-copy -exclude .DS_Store -exclude CVS -exclude .svn -exclude .git -exclude .hg -resolve-src-symlinks /Users/carsonjcohen/Library/Developer/Xcode/DerivedData/SlingApp-cqkoehzkjdxezmftyzgnqnqqnkvj/Build/Products/Debug-iphonesimulator/abseil_abslWrapper.bundle /Users/carsonjcohen/Library/Developer/Xcode/DerivedData/SlingApp-cqkoehzkjdxezmftyzgnqnqqnkvj/Build/Products/Debug-iphonesimulator/SlingApp.app

Copy /Users/carsonjcohen/Library/Developer/Xcode/DerivedData/SlingApp-cqkoehzkjdxezmftyzgnqnqqnkvj/Build/Products/Debug-iphonesimulator/SlingApp.app/Promises_FBLPromises.bundle /Users/carsonjcohen/Library/Developer/Xcode/DerivedData/SlingApp-cqkoehzkjdxezmftyzgnqnqqnkvj/Build/Products/Debug-iphonesimulator/Promises_FBLPromises.bundle (in target 'SlingApp' from project 'SlingApp')
    cd /Users/carsonjcohen/Desktop/SlingApp
    builtin-copy -exclude .DS_Store -exclude CVS -exclude .svn -exclude .git -exclude .hg -resolve-src-symlinks /Users/carsonjcohen/Library/Developer/Xcode/DerivedData/SlingApp-cqkoehzkjdxezmftyzgnqnqqnkvj/Build/Products/Debug-iphonesimulator/Promises_FBLPromises.bundle /Users/carsonjcohen/Library/Developer/Xcode/DerivedData/SlingApp-cqkoehzkjdxezmftyzgnqnqqnkvj/Build/Products/Debug-iphonesimulator/SlingApp.app

Copy /Users/carsonjcohen/Library/Developer/Xcode/DerivedData/SlingApp-cqkoehzkjdxezmftyzgnqnqqnkvj/Build/Products/Debug-iphonesimulator/SlingApp.app/GoogleUtilities_GoogleUtilities-UserDefaults.bundle /Users/carsonjcohen/Library/Developer/Xcode/DerivedData/SlingApp-cqkoehzkjdxezmftyzgnqnqqnkvj/Build/Products/Debug-iphonesimulator/GoogleUtilities_GoogleUtilities-UserDefaults.bundle (in target 'SlingApp' from project 'SlingApp')
    cd /Users/carsonjcohen/Desktop/SlingApp
    builtin-copy -exclude .DS_Store -exclude CVS -exclude .svn -exclude .git -exclude .hg -resolve-src-symlinks /Users/carsonjcohen/Library/Developer/Xcode/DerivedData/SlingApp-cqkoehzkjdxezmftyzgnqnqqnkvj/Build/Products/Debug-iphonesimulator/GoogleUtilities_GoogleUtilities-UserDefaults.bundle /Users/carsonjcohen/Library/Developer/Xcode/DerivedData/SlingApp-cqkoehzkjdxezmftyzgnqnqqnkvj/Build/Products/Debug-iphonesimulator/SlingApp.app

Copy /Users/carsonjcohen/Library/Developer/Xcode/DerivedData/SlingApp-cqkoehzkjdxezmftyzgnqnqqnkvj/Build/Products/Debug-iphonesimulator/SlingApp.app/GoogleUtilities_GoogleUtilities-NSData.bundle /Users/carsonjcohen/Library/Developer/Xcode/DerivedData/SlingApp-cqkoehzkjdxezmftyzgnqnqqnkvj/Build/Products/Debug-iphonesimulator/GoogleUtilities_GoogleUtilities-NSData.bundle (in target 'SlingApp' from project 'SlingApp')
    cd /Users/carsonjcohen/Desktop/SlingApp
    builtin-copy -exclude .DS_Store -exclude CVS -exclude .svn -exclude .git -exclude .hg -resolve-src-symlinks /Users/carsonjcohen/Library/Developer/Xcode/DerivedData/SlingApp-cqkoehzkjdxezmftyzgnqnqqnkvj/Build/Products/Debug-iphonesimulator/GoogleUtilities_GoogleUtilities-NSData.bundle /Users/carsonjcohen/Library/Developer/Xcode/DerivedData/SlingApp-cqkoehzkjdxezmftyzgnqnqqnkvj/Build/Products/Debug-iphonesimulator/SlingApp.app

Copy /Users/carsonjcohen/Library/Developer/Xcode/DerivedData/SlingApp-cqkoehzkjdxezmftyzgnqnqqnkvj/Build/Products/Debug-iphonesimulator/SlingApp.app/GoogleUtilities_GoogleUtilities-Network.bundle /Users/carsonjcohen/Library/Developer/Xcode/DerivedData/SlingApp-cqkoehzkjdxezmftyzgnqnqqnkvj/Build/Products/Debug-iphonesimulator/GoogleUtilities_GoogleUtilities-Network.bundle (in target 'SlingApp' from project 'SlingApp')
    cd /Users/carsonjcohen/Desktop/SlingApp
    builtin-copy -exclude .DS_Store -exclude CVS -exclude .svn -exclude .git -exclude .hg -resolve-src-symlinks /Users/carsonjcohen/Library/Developer/Xcode/DerivedData/SlingApp-cqkoehzkjdxezmftyzgnqnqqnkvj/Build/Products/Debug-iphonesimulator/GoogleUtilities_GoogleUtilities-Network.bundle /Users/carsonjcohen/Library/Developer/Xcode/DerivedData/SlingApp-cqkoehzkjdxezmftyzgnqnqqnkvj/Build/Products/Debug-iphonesimulator/SlingApp.app

Copy /Users/carsonjcohen/Library/Developer/Xcode/DerivedData/SlingApp-cqkoehzkjdxezmftyzgnqnqqnkvj/Build/Products/Debug-iphonesimulator/SlingApp.app/Firebase_FirebaseInstallations.bundle /Users/carsonjcohen/Library/Developer/Xcode/DerivedData/SlingApp-cqkoehzkjdxezmftyzgnqnqqnkvj/Build/Products/Debug-iphonesimulator/Firebase_FirebaseInstallations.bundle (in target 'SlingApp' from project 'SlingApp')
    cd /Users/carsonjcohen/Desktop/SlingApp
    builtin-copy -exclude .DS_Store -exclude CVS -exclude .svn -exclude .git -exclude .hg -resolve-src-symlinks /Users/carsonjcohen/Library/Developer/Xcode/DerivedData/SlingApp-cqkoehzkjdxezmftyzgnqnqqnkvj/Build/Products/Debug-iphonesimulator/Firebase_FirebaseInstallations.bundle /Users/carsonjcohen/Library/Developer/Xcode/DerivedData/SlingApp-cqkoehzkjdxezmftyzgnqnqqnkvj/Build/Products/Debug-iphonesimulator/SlingApp.app

Copy /Users/carsonjcohen/Library/Developer/Xcode/DerivedData/SlingApp-cqkoehzkjdxezmftyzgnqnqqnkvj/Build/Products/Debug-iphonesimulator/SlingApp.app/Firebase_FirebaseFirestore.bundle /Users/carsonjcohen/Library/Developer/Xcode/DerivedData/SlingApp-cqkoehzkjdxezmftyzgnqnqqnkvj/Build/Products/Debug-iphonesimulator/Firebase_FirebaseFirestore.bundle (in target 'SlingApp' from project 'SlingApp')
    cd /Users/carsonjcohen/Desktop/SlingApp
    builtin-copy -exclude .DS_Store -exclude CVS -exclude .svn -exclude .git -exclude .hg -resolve-src-symlinks /Users/carsonjcohen/Library/Developer/Xcode/DerivedData/SlingApp-cqkoehzkjdxezmftyzgnqnqqnkvj/Build/Products/Debug-iphonesimulator/Firebase_FirebaseFirestore.bundle /Users/carsonjcohen/Library/Developer/Xcode/DerivedData/SlingApp-cqkoehzkjdxezmftyzgnqnqqnkvj/Build/Products/Debug-iphonesimulator/SlingApp.app

Copy /Users/carsonjcohen/Library/Developer/Xcode/DerivedData/SlingApp-cqkoehzkjdxezmftyzgnqnqqnkvj/Build/Products/Debug-iphonesimulator/SlingApp.app/Firebase_FirebaseCoreInternal.bundle /Users/carsonjcohen/Library/Developer/Xcode/DerivedData/SlingApp-cqkoehzkjdxezmftyzgnqnqqnkvj/Build/Products/Debug-iphonesimulator/Firebase_FirebaseCoreInternal.bundle (in target 'SlingApp' from project 'SlingApp')
    cd /Users/carsonjcohen/Desktop/SlingApp
    builtin-copy -exclude .DS_Store -exclude CVS -exclude .svn -exclude .git -exclude .hg -resolve-src-symlinks /Users/carsonjcohen/Library/Developer/Xcode/DerivedData/SlingApp-cqkoehzkjdxezmftyzgnqnqqnkvj/Build/Products/Debug-iphonesimulator/Firebase_FirebaseCoreInternal.bundle /Users/carsonjcohen/Library/Developer/Xcode/DerivedData/SlingApp-cqkoehzkjdxezmftyzgnqnqqnkvj/Build/Products/Debug-iphonesimulator/SlingApp.app

Copy /Users/carsonjcohen/Library/Developer/Xcode/DerivedData/SlingApp-cqkoehzkjdxezmftyzgnqnqqnkvj/Build/Products/Debug-iphonesimulator/SlingApp.app/Firebase_FirebaseCoreExtension.bundle /Users/carsonjcohen/Library/Developer/Xcode/DerivedData/SlingApp-cqkoehzkjdxezmftyzgnqnqqnkvj/Build/Products/Debug-iphonesimulator/Firebase_FirebaseCoreExtension.bundle (in target 'SlingApp' from project 'SlingApp')
    cd /Users/carsonjcohen/Desktop/SlingApp
    builtin-copy -exclude .DS_Store -exclude CVS -exclude .svn -exclude .git -exclude .hg -resolve-src-symlinks /Users/carsonjcohen/Library/Developer/Xcode/DerivedData/SlingApp-cqkoehzkjdxezmftyzgnqnqqnkvj/Build/Products/Debug-iphonesimulator/Firebase_FirebaseCoreExtension.bundle /Users/carsonjcohen/Library/Developer/Xcode/DerivedData/SlingApp-cqkoehzkjdxezmftyzgnqnqqnkvj/Build/Products/Debug-iphonesimulator/SlingApp.app

Copy /Users/carsonjcohen/Library/Developer/Xcode/DerivedData/SlingApp-cqkoehzkjdxezmftyzgnqnqqnkvj/Build/Products/Debug-iphonesimulator/SlingApp.app/Firebase_FirebaseCore.bundle /Users/carsonjcohen/Library/Developer/Xcode/DerivedData/SlingApp-cqkoehzkjdxezmftyzgnqnqqnkvj/Build/Products/Debug-iphonesimulator/Firebase_FirebaseCore.bundle (in target 'SlingApp' from project 'SlingApp')
    cd /Users/carsonjcohen/Desktop/SlingApp
    builtin-copy -exclude .DS_Store -exclude CVS -exclude .svn -exclude .git -exclude .hg -resolve-src-symlinks /Users/carsonjcohen/Library/Developer/Xcode/DerivedData/SlingApp-cqkoehzkjdxezmftyzgnqnqqnkvj/Build/Products/Debug-iphonesimulator/Firebase_FirebaseCore.bundle /Users/carsonjcohen/Library/Developer/Xcode/DerivedData/SlingApp-cqkoehzkjdxezmftyzgnqnqqnkvj/Build/Products/Debug-iphonesimulator/SlingApp.app

Copy /Users/carsonjcohen/Library/Developer/Xcode/DerivedData/SlingApp-cqkoehzkjdxezmftyzgnqnqqnkvj/Build/Products/Debug-iphonesimulator/SlingApp.app/Firebase_FirebaseAuth.bundle /Users/carsonjcohen/Library/Developer/Xcode/DerivedData/SlingApp-cqkoehzkjdxezmftyzgnqnqqnkvj/Build/Products/Debug-iphonesimulator/Firebase_FirebaseAuth.bundle (in target 'SlingApp' from project 'SlingApp')
    cd /Users/carsonjcohen/Desktop/SlingApp
    builtin-copy -exclude .DS_Store -exclude CVS -exclude .svn -exclude .git -exclude .hg -resolve-src-symlinks /Users/carsonjcohen/Library/Developer/Xcode/DerivedData/SlingApp-cqkoehzkjdxezmftyzgnqnqqnkvj/Build/Products/Debug-iphonesimulator/Firebase_FirebaseAuth.bundle /Users/carsonjcohen/Library/Developer/Xcode/DerivedData/SlingApp-cqkoehzkjdxezmftyzgnqnqqnkvj/Build/Products/Debug-iphonesimulator/SlingApp.app

ProcessInfoPlistFile /Users/carsonjcohen/Library/Developer/Xcode/DerivedData/SlingApp-cqkoehzkjdxezmftyzgnqnqqnkvj/Build/Products/Debug-iphonesimulator/SlingApp.app/Info.plist /Users/carsonjcohen/Library/Developer/Xcode/DerivedData/SlingApp-cqkoehzkjdxezmftyzgnqnqqnkvj/Build/Intermediates.noindex/SlingApp.build/Debug-iphonesimulator/SlingApp.build/empty-SlingApp.plist (in target 'SlingApp' from project 'SlingApp')
    cd /Users/carsonjcohen/Desktop/SlingApp
    builtin-infoPlistUtility /Users/carsonjcohen/Library/Developer/Xcode/DerivedData/SlingApp-cqkoehzkjdxezmftyzgnqnqqnkvj/Build/Intermediates.noindex/SlingApp.build/Debug-iphonesimulator/SlingApp.build/empty-SlingApp.plist -producttype com.apple.product-type.application -genpkginfo /Users/carsonjcohen/Library/Developer/Xcode/DerivedData/SlingApp-cqkoehzkjdxezmftyzgnqnqqnkvj/Build/Products/Debug-iphonesimulator/SlingApp.app/PkgInfo -expandbuildsettings -format binary -platform iphonesimulator -additionalcontentfile /Users/carsonjcohen/Library/Developer/Xcode/DerivedData/SlingApp-cqkoehzkjdxezmftyzgnqnqqnkvj/Build/Intermediates.noindex/SlingApp.build/Debug-iphonesimulator/SlingApp.build/assetcatalog_generated_info.plist -scanforprivacyfile /Users/carsonjcohen/Library/Developer/Xcode/DerivedData/SlingApp-cqkoehzkjdxezmftyzgnqnqqnkvj/Build/Products/Debug-iphonesimulator/SlingApp.app/Firebase_FirebaseAuth.bundle -scanforprivacyfile /Users/carsonjcohen/Library/Developer/Xcode/DerivedData/SlingApp-cqkoehzkjdxezmftyzgnqnqqnkvj/Build/Products/Debug-iphonesimulator/SlingApp.app/Firebase_FirebaseCore.bundle -scanforprivacyfile /Users/carsonjcohen/Library/Developer/Xcode/DerivedData/SlingApp-cqkoehzkjdxezmftyzgnqnqqnkvj/Build/Products/Debug-iphonesimulator/SlingApp.app/Firebase_FirebaseCoreExtension.bundle -scanforprivacyfile /Users/carsonjcohen/Library/Developer/Xcode/DerivedData/SlingApp-cqkoehzkjdxezmftyzgnqnqqnkvj/Build/Products/Debug-iphonesimulator/SlingApp.app/Firebase_FirebaseCoreInternal.bundle -scanforprivacyfile /Users/carsonjcohen/Library/Developer/Xcode/DerivedData/SlingApp-cqkoehzkjdxezmftyzgnqnqqnkvj/Build/Products/Debug-iphonesimulator/SlingApp.app/Firebase_FirebaseFirestore.bundle -scanforprivacyfile /Users/carsonjcohen/Library/Developer/Xcode/DerivedData/SlingApp-cqkoehzkjdxezmftyzgnqnqqnkvj/Build/Products/Debug-iphonesimulator/SlingApp.app/Firebase_FirebaseInstallations.bundle -scanforprivacyfile /Users/carsonjcohen/Library/Developer/Xcode/DerivedData/SlingApp-cqkoehzkjdxezmftyzgnqnqqnkvj/Build/Products/Debug-iphonesimulator/SlingApp.app/Frameworks/FirebaseAnalytics.framework -scanforprivacyfile /Users/carsonjcohen/Library/Developer/Xcode/DerivedData/SlingApp-cqkoehzkjdxezmftyzgnqnqqnkvj/Build/Products/Debug-iphonesimulator/SlingApp.app/Frameworks/FirebaseFirestoreInternal.framework -scanforprivacyfile /Users/carsonjcohen/Library/Developer/Xcode/DerivedData/SlingApp-cqkoehzkjdxezmftyzgnqnqqnkvj/Build/Products/Debug-iphonesimulator/SlingApp.app/Frameworks/GoogleAppMeasurement.framework -scanforprivacyfile /Users/carsonjcohen/Library/Developer/Xcode/DerivedData/SlingApp-cqkoehzkjdxezmftyzgnqnqqnkvj/Build/Products/Debug-iphonesimulator/SlingApp.app/Frameworks/GoogleAppMeasurementIdentitySupport.framework -scanforprivacyfile /Users/carsonjcohen/Library/Developer/Xcode/DerivedData/SlingApp-cqkoehzkjdxezmftyzgnqnqqnkvj/Build/Products/Debug-iphonesimulator/SlingApp.app/Frameworks/absl.framework -scanforprivacyfile /Users/carsonjcohen/Library/Developer/Xcode/DerivedData/SlingApp-cqkoehzkjdxezmftyzgnqnqqnkvj/Build/Products/Debug-iphonesimulator/SlingApp.app/Frameworks/grpc.framework -scanforprivacyfile /Users/carsonjcohen/Library/Developer/Xcode/DerivedData/SlingApp-cqkoehzkjdxezmftyzgnqnqqnkvj/Build/Products/Debug-iphonesimulator/SlingApp.app/Frameworks/grpcpp.framework -scanforprivacyfile /Users/carsonjcohen/Library/Developer/Xcode/DerivedData/SlingApp-cqkoehzkjdxezmftyzgnqnqqnkvj/Build/Products/Debug-iphonesimulator/SlingApp.app/Frameworks/openssl_grpc.framework -scanforprivacyfile /Users/carsonjcohen/Library/Developer/Xcode/DerivedData/SlingApp-cqkoehzkjdxezmftyzgnqnqqnkvj/Build/Products/Debug-iphonesimulator/SlingApp.app/GTMSessionFetcher_GTMSessionFetcherCore.bundle -scanforprivacyfile /Users/carsonjcohen/Library/Developer/Xcode/DerivedData/SlingApp-cqkoehzkjdxezmftyzgnqnqqnkvj/Build/Products/Debug-iphonesimulator/SlingApp.app/GoogleUtilities_GoogleUtilities-AppDelegateSwizzler.bundle -scanforprivacyfile /Users/carsonjcohen/Library/Developer/Xcode/DerivedData/SlingApp-cqkoehzkjdxezmftyzgnqnqqnkvj/Build/Products/Debug-iphonesimulator/SlingApp.app/GoogleUtilities_GoogleUtilities-Environment.bundle -scanforprivacyfile /Users/carsonjcohen/Library/Developer/Xcode/DerivedData/SlingApp-cqkoehzkjdxezmftyzgnqnqqnkvj/Build/Products/Debug-iphonesimulator/SlingApp.app/GoogleUtilities_GoogleUtilities-Logger.bundle -scanforprivacyfile /Users/carsonjcohen/Library/Developer/Xcode/DerivedData/SlingApp-cqkoehzkjdxezmftyzgnqnqqnkvj/Build/Products/Debug-iphonesimulator/SlingApp.app/GoogleUtilities_GoogleUtilities-MethodSwizzler.bundle -scanforprivacyfile /Users/carsonjcohen/Library/Developer/Xcode/DerivedData/SlingApp-cqkoehzkjdxezmftyzgnqnqqnkvj/Build/Products/Debug-iphonesimulator/SlingApp.app/GoogleUtilities_GoogleUtilities-NSData.bundle -scanforprivacyfile /Users/carsonjcohen/Library/Developer/Xcode/DerivedData/SlingApp-cqkoehzkjdxezmftyzgnqnqqnkvj/Build/Products/Debug-iphonesimulator/SlingApp.app/GoogleUtilities_GoogleUtilities-Network.bundle -scanforprivacyfile /Users/carsonjcohen/Library/Developer/Xcode/DerivedData/SlingApp-cqkoehzkjdxezmftyzgnqnqqnkvj/Build/Products/Debug-iphonesimulator/SlingApp.app/GoogleUtilities_GoogleUtilities-Reachability.bundle -scanforprivacyfile /Users/carsonjcohen/Library/Developer/Xcode/DerivedData/SlingApp-cqkoehzkjdxezmftyzgnqnqqnkvj/Build/Products/Debug-iphonesimulator/SlingApp.app/GoogleUtilities_GoogleUtilities-UserDefaults.bundle -scanforprivacyfile /Users/carsonjcohen/Library/Developer/Xcode/DerivedData/SlingApp-cqkoehzkjdxezmftyzgnqnqqnkvj/Build/Products/Debug-iphonesimulator/SlingApp.app/Promises_FBLPromises.bundle -scanforprivacyfile /Users/carsonjcohen/Library/Developer/Xcode/DerivedData/SlingApp-cqkoehzkjdxezmftyzgnqnqqnkvj/Build/Products/Debug-iphonesimulator/SlingApp.app/abseil_abslWrapper.bundle -scanforprivacyfile /Users/carsonjcohen/Library/Developer/Xcode/DerivedData/SlingApp-cqkoehzkjdxezmftyzgnqnqqnkvj/Build/Products/Debug-iphonesimulator/SlingApp.app/gRPC_grpcWrapper.bundle -scanforprivacyfile /Users/carsonjcohen/Library/Developer/Xcode/DerivedData/SlingApp-cqkoehzkjdxezmftyzgnqnqqnkvj/Build/Products/Debug-iphonesimulator/SlingApp.app/gRPC_grpcppWrapper.bundle -scanforprivacyfile /Users/carsonjcohen/Library/Developer/Xcode/DerivedData/SlingApp-cqkoehzkjdxezmftyzgnqnqqnkvj/Build/Products/Debug-iphonesimulator/SlingApp.app/gRPC_opensslWrapper.bundle -scanforprivacyfile /Users/carsonjcohen/Library/Developer/Xcode/DerivedData/SlingApp-cqkoehzkjdxezmftyzgnqnqqnkvj/Build/Products/Debug-iphonesimulator/SlingApp.app/leveldb_leveldb.bundle -scanforprivacyfile /Users/carsonjcohen/Library/Developer/Xcode/DerivedData/SlingApp-cqkoehzkjdxezmftyzgnqnqqnkvj/Build/Products/Debug-iphonesimulator/SlingApp.app/nanopb_nanopb.bundle -o /Users/carsonjcohen/Library/Developer/Xcode/DerivedData/SlingApp-cqkoehzkjdxezmftyzgnqnqqnkvj/Build/Products/Debug-iphonesimulator/SlingApp.app/Info.plist

SwiftCompile normal arm64 Compiling\ Views.swift /Users/carsonjcohen/Desktop/SlingApp/SlingApp/Views.swift (in target 'SlingApp' from project 'SlingApp')

SwiftCompile normal arm64 /Users/carsonjcohen/Desktop/SlingApp/SlingApp/Views.swift (in target 'SlingApp' from project 'SlingApp')
    cd /Users/carsonjcohen/Desktop/SlingApp
    
/Users/carsonjcohen/Desktop/SlingApp/SlingApp/Views.swift:712:30: error: value of type 'FirestoreBet' has no member 'user_bets'
        if let userBet = bet.user_bets.first(where: { $0.user_email == currentUserEmail }) {
                         ~~~ ^~~~~~~~~
/Users/carsonjcohen/Desktop/SlingApp/SlingApp/Views.swift:719:30: error: value of type 'FirestoreBet' has no member 'user_bets'
        if let userBet = bet.user_bets.first(where: { $0.user_email == currentUserEmail }) {
                         ~~~ ^~~~~~~~~
/Users/carsonjcohen/Desktop/SlingApp/SlingApp/Views.swift:726:30: error: value of type 'FirestoreBet' has no member 'user_bets'
        if let userBet = bet.user_bets.first(where: { $0.user_email == currentUserEmail }) {
                         ~~~ ^~~~~~~~~
/Users/carsonjcohen/Desktop/SlingApp/SlingApp/Views.swift:878:27: error: cannot find 'bet' in scope
        guard let betId = bet.id,
                          ^~~
/Users/carsonjcohen/Desktop/SlingApp/SlingApp/Views.swift:879:31: error: cannot find 'currentUserEmail' in scope
              let userEmail = currentUserEmail else { return }
                              ^~~~~~~~~~~~~~~~
/Users/carsonjcohen/Desktop/SlingApp/SlingApp/Views.swift:881:9: error: cannot find 'firestoreService' in scope
        firestoreService.fetchUserIndividualBets(betId: betId, userEmail: userEmail) { userBets in
        ^~~~~~~~~~~~~~~~
/Users/carsonjcohen/Desktop/SlingApp/SlingApp/Views.swift:883:17: error: cannot find 'self' in scope; did you mean to use it in a type or extension context?
                self.userBets = userBets
                ^~~~
/Users/carsonjcohen/Desktop/SlingApp/SlingApp/Views.swift:884:17: error: cannot find 'self' in scope; did you mean to use it in a type or extension context?
                self.hasUserParticipated = !userBets.isEmpty
                ^~~~
/Users/carsonjcohen/Desktop/SlingApp/SlingApp/Views.swift:890:27: error: cannot find 'bet' in scope
        guard let betId = bet.id else { return }
                          ^~~
/Users/carsonjcohen/Desktop/SlingApp/SlingApp/Views.swift:892:9: error: cannot find 'firestoreService' in scope
        firestoreService.fetchBetStatus(betId: betId) { hasBets, counts in
        ^~~~~~~~~~~~~~~~
/Users/carsonjcohen/Desktop/SlingApp/SlingApp/Views.swift:894:17: error: cannot find 'hasAnyBets' in scope
                hasAnyBets = hasBets
                ^~~~~~~~~~
/Users/carsonjcohen/Desktop/SlingApp/SlingApp/Views.swift:895:17: error: cannot find 'optionCounts' in scope
                optionCounts = counts
                ^~~~~~~~~~~~
/Users/carsonjcohen/Desktop/SlingApp/SlingApp/Views.swift:904:22: error: cannot find 'bet' in scope
                Text(bet.title)
                     ^~~
/Users/carsonjcohen/Desktop/SlingApp/SlingApp/Views.swift:913:29: error: cannot find 'communityName' in scope
                    Text("\(communityName) • by \(isCreator ? "You" : bet.creator_email)")
/Users/carsonjcohen/Desktop/SlingApp/SlingApp/Views.swift:913:53: error: cannot find 'isCreator' in scope
                    Text("\(communityName) • by \(isCreator ? "You" : bet.creator_email)")
/Users/carsonjcohen/Desktop/SlingApp/SlingApp/Views.swift:913:73: error: cannot find 'bet' in scope
                    Text("\(communityName) • by \(isCreator ? "You" : bet.creator_email)")
/Users/carsonjcohen/Desktop/SlingApp/SlingApp/Views.swift:920:37: error: cannot find 'formattedClosingDate' in scope
            Text("Betting closes: \(formattedClosingDate)")
                                    ^~~~~~~~~~~~~~~~~~~~
/Users/carsonjcohen/Desktop/SlingApp/SlingApp/Views.swift:931:26: error: cannot find 'userPick' in scope
                    Text(userPick)
                         ^~~~~~~~
/Users/carsonjcohen/Desktop/SlingApp/SlingApp/Views.swift:934:26: error: cannot find 'userOdds' in scope
                    Text(userOdds)
                         ^~~~~~~~
/Users/carsonjcohen/Desktop/SlingApp/SlingApp/Views.swift:946:53: error: cannot find 'userWager' in scope
                    Text("$\(String(format: "%.2f", userWager))")
                                                    ^~~~~~~~~
/Users/carsonjcohen/Desktop/SlingApp/SlingApp/Views.swift:952:16: error: cannot find 'isCreator' in scope
            if isCreator {
               ^~~~~~~~~
/Users/carsonjcohen/Desktop/SlingApp/SlingApp/Views.swift:957:25: error: cannot find 'showingCancelAlert' in scope
                        showingCancelAlert = true
                        ^~~~~~~~~~~~~~~~~~
/Users/carsonjcohen/Desktop/SlingApp/SlingApp/Views.swift:970:25: error: cannot find 'showingChooseWinnerSheet' in scope
                        showingChooseWinnerSheet = true
                        ^~~~~~~~~~~~~~~~~~~~~~~~
/Users/carsonjcohen/Desktop/SlingApp/SlingApp/Views.swift:983:20: error: cannot find 'bet' in scope
                if bet.status == "open" {
                   ^~~
/Users/carsonjcohen/Desktop/SlingApp/SlingApp/Views.swift:985:25: error: cannot find 'remindCreator' in scope
                        remindCreator()
                        ^~~~~~~~~~~~~
/Users/carsonjcohen/Desktop/SlingApp/SlingApp/Views.swift:1000:31: error: cannot find 'hasRemindedCreator' in scope
                    .disabled(hasRemindedCreator)
                              ^~~~~~~~~~~~~~~~~~
/Users/carsonjcohen/Desktop/SlingApp/SlingApp/Views.swift:1001:30: error: cannot find 'hasRemindedCreator' in scope
                    .opacity(hasRemindedCreator ? 0.5 : 1)
                             ^~~~~~~~~~~~~~~~~~
/Users/carsonjcohen/Desktop/SlingApp/SlingApp/Views.swift:1006:16: error: cannot find 'hasUserParticipated' in scope
            if hasUserParticipated {
               ^~~~~~~~~~~~~~~~~~~
/Users/carsonjcohen/Desktop/SlingApp/SlingApp/Views.swift:1008:29: error: cannot find 'userBets' in scope
                    ForEach(userBets) { userBet in
                            ^~~~~~~~
/Users/carsonjcohen/Desktop/SlingApp/SlingApp/Views.swift:1014:65: error: cannot find 'bet' in scope
                                Text("\(userBet.chosenOption) \(bet.odds[userBet.chosenOption] ?? "-110")")
                                                                ^~~
/Users/carsonjcohen/Desktop/SlingApp/SlingApp/Views.swift:1045:20: error: cannot find 'bet' in scope
                if bet.status.lowercased() == "open" {
                   ^~~
/Users/carsonjcohen/Desktop/SlingApp/SlingApp/Views.swift:1073:33: error: cannot find 'bet' in scope
                        Text("\(bet.options.count) choices")
                                ^~~
/Users/carsonjcohen/Desktop/SlingApp/SlingApp/Views.swift:1082:16: error: cannot find 'currentUserEmail' in scope
            if currentUserEmail == bet.creator_email {
               ^~~~~~~~~~~~~~~~
/Users/carsonjcohen/Desktop/SlingApp/SlingApp/Views.swift:1082:36: error: cannot find 'bet' in scope
            if currentUserEmail == bet.creator_email {
                                   ^~~
/Users/carsonjcohen/Desktop/SlingApp/SlingApp/Views.swift:1084:33: error: cannot find 'bet' in scope
                let isPastBet = bet.status.lowercased() == "settled" || bet.status.lowercased() == "closed" || bet.status.lowercased() == "cancelled"
                                ^~~
/Users/carsonjcohen/Desktop/SlingApp/SlingApp/Views.swift:1084:73: error: cannot find 'bet' in scope
                let isPastBet = bet.status.lowercased() == "settled" || bet.status.lowercased() == "closed" || bet.status.lowercased() == "cancelled"
                                                                        ^~~
/Users/carsonjcohen/Desktop/SlingApp/SlingApp/Views.swift:1084:112: error: cannot find 'bet' in scope
                let isPastBet = bet.status.lowercased() == "settled" || bet.status.lowercased() == "closed" || bet.status.lowercased() == "cancelled"
                                                                                                               ^~~
/Users/carsonjcohen/Desktop/SlingApp/SlingApp/Views.swift:1090:29: error: cannot find 'showingCancelAlert' in scope
                            showingCancelAlert = true
                            ^~~~~~~~~~~~~~~~~~
/Users/carsonjcohen/Desktop/SlingApp/SlingApp/Views.swift:1110:24: error: cannot find 'hasAnyBets' in scope
                    if hasAnyBets && optionCounts.keys.count > 1 && !isPastBet {
                       ^~~~~~~~~~
/Users/carsonjcohen/Desktop/SlingApp/SlingApp/Views.swift:1110:38: error: cannot find 'optionCounts' in scope
                    if hasAnyBets && optionCounts.keys.count > 1 && !isPastBet {
                                     ^~~~~~~~~~~~
/Users/carsonjcohen/Desktop/SlingApp/SlingApp/Views.swift:1113:29: error: cannot find 'showingChooseWinnerSheet' in scope
                            showingChooseWinnerSheet = true
                            ^~~~~~~~~~~~~~~~~~~~~~~~
/Users/carsonjcohen/Desktop/SlingApp/SlingApp/Views.swift:1131:29: error: cannot find 'showingPlaceBetSheet' in scope
                            showingPlaceBetSheet = true
                            ^~~~~~~~~~~~~~~~~~~~
/Users/carsonjcohen/Desktop/SlingApp/SlingApp/Views.swift:1164:33: error: cannot find 'bet' in scope
                let isPastBet = bet.status.lowercased() == "settled" || bet.status.lowercased() == "closed" || bet.status.lowercased() == "cancelled"
                                ^~~
/Users/carsonjcohen/Desktop/SlingApp/SlingApp/Views.swift:1164:73: error: cannot find 'bet' in scope
                let isPastBet = bet.status.lowercased() == "settled" || bet.status.lowercased() == "closed" || bet.status.lowercased() == "cancelled"
                                                                        ^~~
/Users/carsonjcohen/Desktop/SlingApp/SlingApp/Views.swift:1164:112: error: cannot find 'bet' in scope
                let isPastBet = bet.status.lowercased() == "settled" || bet.status.lowercased() == "closed" || bet.status.lowercased() == "cancelled"
                                                                                                               ^~~
/Users/carsonjcohen/Desktop/SlingApp/SlingApp/Views.swift:1169:25: error: cannot find 'showingPlaceBetSheet' in scope
                        showingPlaceBetSheet = true
                        ^~~~~~~~~~~~~~~~~~~~
/Users/carsonjcohen/Desktop/SlingApp/SlingApp/Views.swift:1172:47: error: cannot find 'hasUserParticipated' in scope
                            Image(systemName: hasUserParticipated ? "plus.circle" : "target")
                                              ^~~~~~~~~~~~~~~~~~~
/Users/carsonjcohen/Desktop/SlingApp/SlingApp/Views.swift:1174:34: error: cannot find 'hasUserParticipated' in scope
                            Text(hasUserParticipated ? "Place Another Bet" : "Place a Bet")
                                 ^~~~~~~~~~~~~~~~~~~
/Users/carsonjcohen/Desktop/SlingApp/SlingApp/Views.swift:1187:43: error: cannot find 'bet' in scope
                        guard let betId = bet.id else { return }
                                          ^~~
/Users/carsonjcohen/Desktop/SlingApp/SlingApp/Views.swift:1188:25: error: cannot find 'firestoreService' in scope
                        firestoreService.remindCreator(betId: betId) { success, error in
                        ^~~~~~~~~~~~~~~~
/Users/carsonjcohen/Desktop/SlingApp/SlingApp/Views.swift:1192:37: error: cannot find 'hasRemindedCreator' in scope
                                    hasRemindedCreator = true
                                    ^~~~~~~~~~~~~~~~~~
/Users/carsonjcohen/Desktop/SlingApp/SlingApp/Views.swift:1201:47: error: cannot find 'hasRemindedCreator' in scope
                            Image(systemName: hasRemindedCreator ? "checkmark.circle" : "bell")
                                              ^~~~~~~~~~~~~~~~~~
/Users/carsonjcohen/Desktop/SlingApp/SlingApp/Views.swift:1203:34: error: cannot find 'hasRemindedCreator' in scope
                            Text(hasRemindedCreator ? "reminded" : "Remind Creator")
                                 ^~~~~~~~~~~~~~~~~~
/Users/carsonjcohen/Desktop/SlingApp/SlingApp/Views.swift:1207:42: error: cannot find 'hasRemindedCreator' in scope
                        .foregroundColor(hasRemindedCreator ? .green : .blue)
                                         ^~~~~~~~~~~~~~~~~~
/Users/carsonjcohen/Desktop/SlingApp/SlingApp/Views.swift:1210:38: error: cannot find 'hasRemindedCreator' in scope
                        .background((hasRemindedCreator ? Color.green : Color.blue).opacity(0.1))
                                     ^~~~~~~~~~~~~~~~~~
/Users/carsonjcohen/Desktop/SlingApp/SlingApp/Views.swift:1213:31: error: cannot find 'hasRemindedCreator' in scope
                    .disabled(hasRemindedCreator)
                              ^~~~~~~~~~~~~~~~~~
/Users/carsonjcohen/Desktop/SlingApp/SlingApp/Views.swift:1221:46: error: cannot find '$showingCancelAlert' in scope
        .alert("Cancel Market", isPresented: $showingCancelAlert) {
                                             ^~~~~~~~~~~~~~~~~~~
/Users/carsonjcohen/Desktop/SlingApp/SlingApp/Views.swift:1224:35: error: cannot find 'bet' in scope
                guard let betId = bet.id else { return }
                                  ^~~
/Users/carsonjcohen/Desktop/SlingApp/SlingApp/Views.swift:1225:17: error: cannot find 'firestoreService' in scope
                firestoreService.cancelMarket(betId: betId) { success, error in
                ^~~~~~~~~~~~~~~~
/Users/carsonjcohen/Desktop/SlingApp/SlingApp/Views.swift:1234:29: error: cannot find '$showingPlaceBetSheet' in scope
        .sheet(isPresented: $showingPlaceBetSheet) {
                            ^~~~~~~~~~~~~~~~~~~~~
/Users/carsonjcohen/Desktop/SlingApp/SlingApp/Views.swift:1235:31: error: cannot find 'bet' in scope
            PlaceBetView(bet: bet, firestoreService: firestoreService)
                              ^~~
/Users/carsonjcohen/Desktop/SlingApp/SlingApp/Views.swift:1235:54: error: cannot find 'firestoreService' in scope
            PlaceBetView(bet: bet, firestoreService: firestoreService)
                                                     ^~~~~~~~~~~~~~~~
/Users/carsonjcohen/Desktop/SlingApp/SlingApp/Views.swift:1237:29: error: cannot find '$showingChooseWinnerSheet' in scope
        .sheet(isPresented: $showingChooseWinnerSheet) {
                            ^~~~~~~~~~~~~~~~~~~~~~~~~
/Users/carsonjcohen/Desktop/SlingApp/SlingApp/Views.swift:1238:35: error: cannot find 'bet' in scope
            ChooseWinnerView(bet: bet, firestoreService: firestoreService)
                                  ^~~
/Users/carsonjcohen/Desktop/SlingApp/SlingApp/Views.swift:1238:58: error: cannot find 'firestoreService' in scope
            ChooseWinnerView(bet: bet, firestoreService: firestoreService)
                                                         ^~~~~~~~~~~~~~~~
/Users/carsonjcohen/Desktop/SlingApp/SlingApp/Views.swift:2469:47: error: value of type 'CommunityMemberInfo' has no member 'isAdmin'
                                    if member.isAdmin {
                                       ~~~~~~ ^~~~~~~
/Users/carsonjcohen/Desktop/SlingApp/SlingApp/Views.swift:2994:78: warning: trailing closure in this context is confusable with the body of the statement; pass as a parenthesized argument to silence this warning
                    if hasLoadedBalances && memberBalances.values.allSatisfy { $0 == 0.0 } && userBalance == 0.0 {
                                                                            ~^
                                                                            (             )
/Users/carsonjcohen/Desktop/SlingApp/SlingApp/Views.swift:3229:29: error: value of type 'FirestoreTransaction' has no member 'other_user_email'
                transaction.other_user_email == member.email
                ~~~~~~~~~~~ ^~~~~~~~~~~~~~~~

Failed frontend command:
/Applications/Xcode.app/Contents/Developer/Toolchains/XcodeDefault.xctoolchain/usr/bin/swift-frontend -frontend -c /Users/carsonjcohen/Desktop/SlingApp/SlingApp/MainAppView.swift /Users/carsonjcohen/Desktop/SlingApp/SlingApp/FirestoreService.swift /Users/carsonjcohen/Desktop/SlingApp/SlingApp/Community.swift /Users/carsonjcohen/Desktop/SlingApp/SlingApp/AppDelegate.swift /Users/carsonjcohen/Desktop/SlingApp/SlingApp/SlingAppApp.swift -primary-file /Users/carsonjcohen/Desktop/SlingApp/SlingApp/Views.swift /Users/carsonjcohen/Desktop/SlingApp/SlingApp/ContentView.swift /Users/carsonjcohen/Library/Developer/Xcode/DerivedData/SlingApp-cqkoehzkjdxezmftyzgnqnqqnkvj/Build/Intermediates.noindex/SlingApp.build/Debug-iphonesimulator/SlingApp.build/DerivedSources/CoreDataGenerated/SlingAppModel/Community+CoreDataClass.swift /Users/carsonjcohen/Library/Developer/Xcode/DerivedData/SlingApp-cqkoehzkjdxezmftyzgnqnqqnkvj/Build/Intermediates.noindex/SlingApp.build/Debug-iphonesimulator/SlingApp.build/DerivedSources/CoreDataGenerated/SlingAppModel/Community+CoreDataProperties.swift /Users/carsonjcohen/Library/Developer/Xcode/DerivedData/SlingApp-cqkoehzkjdxezmftyzgnqnqqnkvj/Build/Intermediates.noindex/SlingApp.build/Debug-iphonesimulator/SlingApp.build/DerivedSources/CoreDataGenerated/SlingAppModel/SlingAppModel+CoreDataModel.swift /Users/carsonjcohen/Library/Developer/Xcode/DerivedData/SlingApp-cqkoehzkjdxezmftyzgnqnqqnkvj/Build/Intermediates.noindex/SlingApp.build/Debug-iphonesimulator/SlingApp.build/DerivedSources/GeneratedAssetSymbols.swift -emit-dependencies-path /Users/carsonjcohen/Library/Developer/Xcode/DerivedData/SlingApp-cqkoehzkjdxezmftyzgnqnqqnkvj/Build/Intermediates.noindex/SlingApp.build/Debug-iphonesimulator/SlingApp.build/Objects-normal/arm64/Views.d -emit-const-values-path /Users/carsonjcohen/Library/Developer/Xcode/DerivedData/SlingApp-cqkoehzkjdxezmftyzgnqnqqnkvj/Build/Intermediates.noindex/SlingApp.build/Debug-iphonesimulator/SlingApp.build/Objects-normal/arm64/Views.swiftconstvalues -emit-reference-dependencies-path /Users/carsonjcohen/Library/Developer/Xcode/DerivedData/SlingApp-cqkoehzkjdxezmftyzgnqnqqnkvj/Build/Intermediates.noindex/SlingApp.build/Debug-iphonesimulator/SlingApp.build/Objects-normal/arm64/Views.swiftdeps -serialize-diagnostics-path /Users/carsonjcohen/Library/Developer/Xcode/DerivedData/SlingApp-cqkoehzkjdxezmftyzgnqnqqnkvj/Build/Intermediates.noindex/SlingApp.build/Debug-iphonesimulator/SlingApp.build/Objects-normal/arm64/Views.dia -emit-localized-strings -emit-localized-strings-path /Users/carsonjcohen/Library/Developer/Xcode/DerivedData/SlingApp-cqkoehzkjdxezmftyzgnqnqqnkvj/Build/Intermediates.noindex/SlingApp.build/Debug-iphonesimulator/SlingApp.build/Objects-normal/arm64 -target arm64-apple-ios18.5-simulator -Xllvm -aarch64-use-tbi -enable-objc-interop -sdk /Applications/Xcode.app/Contents/Developer/Platforms/iPhoneSimulator.platform/Developer/SDKs/iPhoneSimulator18.5.sdk -I /Users/carsonjcohen/Library/Developer/Xcode/DerivedData/SlingApp-cqkoehzkjdxezmftyzgnqnqqnkvj/Build/Products/Debug-iphonesimulator -F /Users/carsonjcohen/Library/Developer/Xcode/DerivedData/SlingApp-cqkoehzkjdxezmftyzgnqnqqnkvj/Build/Products/Debug-iphonesimulator/PackageFrameworks -F /Users/carsonjcohen/Library/Developer/Xcode/DerivedData/SlingApp-cqkoehzkjdxezmftyzgnqnqqnkvj/Build/Products/Debug-iphonesimulator/PackageFrameworks -F /Users/carsonjcohen/Library/Developer/Xcode/DerivedData/SlingApp-cqkoehzkjdxezmftyzgnqnqqnkvj/Build/Products/Debug-iphonesimulator/PackageFrameworks -F /Users/carsonjcohen/Library/Developer/Xcode/DerivedData/SlingApp-cqkoehzkjdxezmftyzgnqnqqnkvj/Build/Products/Debug-iphonesimulator/PackageFrameworks -F /Users/carsonjcohen/Library/Developer/Xcode/DerivedData/SlingApp-cqkoehzkjdxezmftyzgnqnqqnkvj/Build/Products/Debug-iphonesimulator/PackageFrameworks -F /Users/carsonjcohen/Library/Developer/Xcode/DerivedData/SlingApp-cqkoehzkjdxezmftyzgnqnqqnkvj/Build/Products/Debug-iphonesimulator/PackageFrameworks -F /Users/carsonjcohen/Library/Developer/Xcode/DerivedData/SlingApp-cqkoehzkjdxezmftyzgnqnqqnkvj/Build/Products/Debug-iphonesimulator/PackageFrameworks -F /Users/carsonjcohen/Library/Developer/Xcode/DerivedData/SlingApp-cqkoehzkjdxezmftyzgnqnqqnkvj/Build/Products/Debug-iphonesimulator/PackageFrameworks -F /Users/carsonjcohen/Library/Developer/Xcode/DerivedData/SlingApp-cqkoehzkjdxezmftyzgnqnqqnkvj/Build/Products/Debug-iphonesimulator/PackageFrameworks -F /Users/carsonjcohen/Library/Developer/Xcode/DerivedData/SlingApp-cqkoehzkjdxezmftyzgnqnqqnkvj/Build/Products/Debug-iphonesimulator/PackageFrameworks -F /Users/carsonjcohen/Library/Developer/Xcode/DerivedData/SlingApp-cqkoehzkjdxezmftyzgnqnqqnkvj/Build/Products/Debug-iphonesimulator/PackageFrameworks -F /Users/carsonjcohen/Library/Developer/Xcode/DerivedData/SlingApp-cqkoehzkjdxezmftyzgnqnqqnkvj/Build/Products/Debug-iphonesimulator/PackageFrameworks -F /Users/carsonjcohen/Library/Developer/Xcode/DerivedData/SlingApp-cqkoehzkjdxezmftyzgnqnqqnkvj/Build/Products/Debug-iphonesimulator/PackageFrameworks -F /Users/carsonjcohen/Library/Developer/Xcode/DerivedData/SlingApp-cqkoehzkjdxezmftyzgnqnqqnkvj/Build/Products/Debug-iphonesimulator/PackageFrameworks -F /Users/carsonjcohen/Library/Developer/Xcode/DerivedData/SlingApp-cqkoehzkjdxezmftyzgnqnqqnkvj/Build/Products/Debug-iphonesimulator/PackageFrameworks -F /Users/carsonjcohen/Library/Developer/Xcode/DerivedData/SlingApp-cqkoehzkjdxezmftyzgnqnqqnkvj/Build/Products/Debug-iphonesimulator/PackageFrameworks -F /Users/carsonjcohen/Library/Developer/Xcode/DerivedData/SlingApp-cqkoehzkjdxezmftyzgnqnqqnkvj/Build/Products/Debug-iphonesimulator/PackageFrameworks -F /Users/carsonjcohen/Library/Developer/Xcode/DerivedData/SlingApp-cqkoehzkjdxezmftyzgnqnqqnkvj/Build/Products/Debug-iphonesimulator/PackageFrameworks -F /Users/carsonjcohen/Library/Developer/Xcode/DerivedData/SlingApp-cqkoehzkjdxezmftyzgnqnqqnkvj/Build/Products/Debug-iphonesimulator/PackageFrameworks -F /Users/carsonjcohen/Library/Developer/Xcode/DerivedData/SlingApp-cqkoehzkjdxezmftyzgnqnqqnkvj/Build/Products/Debug-iphonesimulator/PackageFrameworks -F /Users/carsonjcohen/Library/Developer/Xcode/DerivedData/SlingApp-cqkoehzkjdxezmftyzgnqnqqnkvj/Build/Products/Debug-iphonesimulator/PackageFrameworks -F /Users/carsonjcohen/Library/Developer/Xcode/DerivedData/SlingApp-cqkoehzkjdxezmftyzgnqnqqnkvj/Build/Products/Debug-iphonesimulator/PackageFrameworks -F /Users/carsonjcohen/Library/Developer/Xcode/DerivedData/SlingApp-cqkoehzkjdxezmftyzgnqnqqnkvj/Build/Products/Debug-iphonesimulator/PackageFrameworks -F /Users/carsonjcohen/Library/Developer/Xcode/DerivedData/SlingApp-cqkoehzkjdxezmftyzgnqnqqnkvj/Build/Products/Debug-iphonesimulator/PackageFrameworks -F /Users/carsonjcohen/Library/Developer/Xcode/DerivedData/SlingApp-cqkoehzkjdxezmftyzgnqnqqnkvj/Build/Products/Debug-iphonesimulator/PackageFrameworks -F /Users/carsonjcohen/Library/Developer/Xcode/DerivedData/SlingApp-cqkoehzkjdxezmftyzgnqnqqnkvj/Build/Products/Debug-iphonesimulator/PackageFrameworks -F /Users/carsonjcohen/Library/Developer/Xcode/DerivedData/SlingApp-cqkoehzkjdxezmftyzgnqnqqnkvj/Build/Products/Debug-iphonesimulator/PackageFrameworks -F /Users/carsonjcohen/Library/Developer/Xcode/DerivedData/SlingApp-cqkoehzkjdxezmftyzgnqnqqnkvj/Build/Products/Debug-iphonesimulator/PackageFrameworks -F /Users/carsonjcohen/Library/Developer/Xcode/DerivedData/SlingApp-cqkoehzkjdxezmftyzgnqnqqnkvj/Build/Products/Debug-iphonesimulator/PackageFrameworks -F /Users/carsonjcohen/Library/Developer/Xcode/DerivedData/SlingApp-cqkoehzkjdxezmftyzgnqnqqnkvj/Build/Products/Debug-iphonesimulator/PackageFrameworks -F /Users/carsonjcohen/Library/Developer/Xcode/DerivedData/SlingApp-cqkoehzkjdxezmftyzgnqnqqnkvj/Build/Products/Debug-iphonesimulator/PackageFrameworks -F /Users/carsonjcohen/Library/Developer/Xcode/DerivedData/SlingApp-cqkoehzkjdxezmftyzgnqnqqnkvj/Build/Products/Debug-iphonesimulator/PackageFrameworks -F /Users/carsonjcohen/Library/Developer/Xcode/DerivedData/SlingApp-cqkoehzkjdxezmftyzgnqnqqnkvj/Build/Products/Debug-iphonesimulator/PackageFrameworks -F /Users/carsonjcohen/Library/Developer/Xcode/DerivedData/SlingApp-cqkoehzkjdxezmftyzgnqnqqnkvj/Build/Products/Debug-iphonesimulator/PackageFrameworks -F /Users/carsonjcohen/Library/Developer/Xcode/DerivedData/SlingApp-cqkoehzkjdxezmftyzgnqnqqnkvj/Build/Products/Debug-iphonesimulator/PackageFrameworks -F /Users/carsonjcohen/Library/Developer/Xcode/DerivedData/SlingApp-cqkoehzkjdxezmftyzgnqnqqnkvj/Build/Products/Debug-iphonesimulator/PackageFrameworks -F /Users/carsonjcohen/Library/Developer/Xcode/DerivedData/SlingApp-cqkoehzkjdxezmftyzgnqnqqnkvj/Build/Products/Debug-iphonesimulator -no-color-diagnostics -enable-testing -g -debug-info-format\=dwarf -dwarf-version\=5 -module-cache-path /Users/carsonjcohen/Library/Developer/Xcode/DerivedData/ModuleCache.noindex -profile-generate -profile-coverage-mapping -swift-version 5 -enforce-exclusivity\=checked -Onone -D DEBUG -serialize-debugging-options -const-gather-protocols-file /Users/carsonjcohen/Library/Developer/Xcode/DerivedData/SlingApp-cqkoehzkjdxezmftyzgnqnqqnkvj/Build/Intermediates.noindex/SlingApp.build/Debug-iphonesimulator/SlingApp.build/Objects-normal/arm64/SlingApp_const_extract_protocols.json -enable-experimental-feature DebugDescriptionMacro -enable-bare-slash-regex -empty-abi-descriptor -validate-clang-modules-once -clang-build-session-file /Users/carsonjcohen/Library/Developer/Xcode/DerivedData/ModuleCache.noindex/Session.modulevalidation -Xcc -working-directory -Xcc /Users/carsonjcohen/Desktop/SlingApp -resource-dir /Applications/Xcode.app/Contents/Developer/Toolchains/XcodeDefault.xctoolchain/usr/lib/swift -enable-anonymous-context-mangled-names -file-compilation-dir /Users/carsonjcohen/Desktop/SlingApp -Xcc -fmodule-map-file\=/Users/carsonjcohen/Library/Developer/Xcode/DerivedData/SlingApp-cqkoehzkjdxezmftyzgnqnqqnkvj/Build/Intermediates.noindex/GeneratedModuleMaps-iphonesimulator/GoogleAppMeasurementTarget.modulemap -Xcc -fmodule-map-file\=/Users/carsonjcohen/Library/Developer/Xcode/DerivedData/SlingApp-cqkoehzkjdxezmftyzgnqnqqnkvj/Build/Intermediates.noindex/GeneratedModuleMaps-iphonesimulator/GoogleUtilities-MethodSwizzler.modulemap -Xcc -fmodule-map-file\=/Users/carsonjcohen/Library/Developer/Xcode/DerivedData/SlingApp-cqkoehzkjdxezmftyzgnqnqqnkvj/Build/Intermediates.noindex/GeneratedModuleMaps-iphonesimulator/FirebaseAnalyticsWrapper.modulemap -Xcc -fmodule-map-file\=/Users/carsonjcohen/Library/Developer/Xcode/DerivedData/SlingApp-cqkoehzkjdxezmftyzgnqnqqnkvj/Build/Intermediates.noindex/GeneratedModuleMaps-iphonesimulator/FirebaseInstallations.modulemap -Xcc -fmodule-map-file\=/Users/carsonjcohen/Library/Developer/Xcode/DerivedData/SlingApp-cqkoehzkjdxezmftyzgnqnqqnkvj/Build/Intermediates.noindex/GeneratedModuleMaps-iphonesimulator/FirebaseAnalyticsTarget.modulemap -Xcc -fmodule-map-file\=/Users/carsonjcohen/Library/Developer/Xcode/DerivedData/SlingApp-cqkoehzkjdxezmftyzgnqnqqnkvj/Build/Intermediates.noindex/GeneratedModuleMaps-iphonesimulator/GoogleUtilities-Network.modulemap -Xcc -fmodule-map-file\=/Users/carsonjcohen/Library/Developer/Xcode/DerivedData/SlingApp-cqkoehzkjdxezmftyzgnqnqqnkvj/Build/Intermediates.noindex/GeneratedModuleMaps-iphonesimulator/GoogleUtilities-Reachability.modulemap -Xcc -fmodule-map-file\=/Users/carsonjcohen/Library/Developer/Xcode/DerivedData/SlingApp-cqkoehzkjdxezmftyzgnqnqqnkvj/Build/Intermediates.noindex/GeneratedModuleMaps-iphonesimulator/GoogleUtilities-AppDelegateSwizzler.modulemap -Xcc -fmodule-map-file\=/Users/carsonjcohen/Library/Developer/Xcode/DerivedData/SlingApp-cqkoehzkjdxezmftyzgnqnqqnkvj/Build/Intermediates.noindex/GeneratedModuleMaps-iphonesimulator/GTMSessionFetcherCore.modulemap -Xcc -fmodule-map-file\=/Users/carsonjcohen/Library/Developer/Xcode/DerivedData/SlingApp-cqkoehzkjdxezmftyzgnqnqqnkvj/Build/Intermediates.noindex/GeneratedModuleMaps-iphonesimulator/RecaptchaInterop.modulemap -Xcc -fmodule-map-file\=/Users/carsonjcohen/Library/Developer/Xcode/DerivedData/SlingApp-cqkoehzkjdxezmftyzgnqnqqnkvj/Build/Intermediates.noindex/GeneratedModuleMaps-iphonesimulator/FirebaseAuth.modulemap -Xcc -fmodule-map-file\=/Users/carsonjcohen/Library/Developer/Xcode/DerivedData/SlingApp-cqkoehzkjdxezmftyzgnqnqqnkvj/Build/Intermediates.noindex/GeneratedModuleMaps-iphonesimulator/GoogleUtilities-UserDefaults.modulemap -Xcc -fmodule-map-file\=/Users/carsonjcohen/Library/Developer/Xcode/DerivedData/SlingApp-cqkoehzkjdxezmftyzgnqnqqnkvj/Build/Intermediates.noindex/GeneratedModuleMaps-iphonesimulator/FirebaseDatabaseInternal.modulemap -Xcc -fmodule-map-file\=/Users/carsonjcohen/Library/Developer/Xcode/DerivedData/SlingApp-cqkoehzkjdxezmftyzgnqnqqnkvj/Build/Intermediates.noindex/GeneratedModuleMaps-iphonesimulator/FirebaseFirestoreSwiftTarget.modulemap -Xcc -fmodule-map-file\=/Users/carsonjcohen/Library/Developer/Xcode/DerivedData/SlingApp-cqkoehzkjdxezmftyzgnqnqqnkvj/Build/Intermediates.noindex/GeneratedModuleMaps-iphonesimulator/GoogleUtilities-NSData.modulemap -Xcc -fmodule-map-file\=/Users/carsonjcohen/Library/Developer/Xcode/DerivedData/SlingApp-cqkoehzkjdxezmftyzgnqnqqnkvj/Build/Intermediates.noindex/GeneratedModuleMaps-iphonesimulator/GoogleUtilities-Environment.modulemap -Xcc -fmodule-map-file\=/Users/carsonjcohen/Library/Developer/Xcode/DerivedData/SlingApp-cqkoehzkjdxezmftyzgnqnqqnkvj/Build/Intermediates.noindex/GeneratedModuleMaps-iphonesimulator/third-party-IsAppEncrypted.modulemap -Xcc -fmodule-map-file\=/Users/carsonjcohen/Library/Developer/Xcode/DerivedData/SlingApp-cqkoehzkjdxezmftyzgnqnqqnkvj/Build/Intermediates.noindex/GeneratedModuleMaps-iphonesimulator/GoogleUtilities-Logger.modulemap -Xcc -fmodule-map-file\=/Users/carsonjcohen/Library/Developer/Xcode/DerivedData/SlingApp-cqkoehzkjdxezmftyzgnqnqqnkvj/Build/Intermediates.noindex/GeneratedModuleMaps-iphonesimulator/abslWrapper.modulemap -Xcc -fmodule-map-file\=/Users/carsonjcohen/Library/Developer/Xcode/DerivedData/SlingApp-cqkoehzkjdxezmftyzgnqnqqnkvj/Build/Intermediates.noindex/GeneratedModuleMaps-iphonesimulator/opensslWrapper.modulemap -Xcc -fmodule-map-file\=/Users/carsonjcohen/Library/Developer/Xcode/DerivedData/SlingApp-cqkoehzkjdxezmftyzgnqnqqnkvj/Build/Intermediates.noindex/GeneratedModuleMaps-iphonesimulator/grpcWrapper.modulemap -Xcc -fmodule-map-file\=/Users/carsonjcohen/Library/Developer/Xcode/DerivedData/SlingApp-cqkoehzkjdxezmftyzgnqnqqnkvj/Build/Intermediates.noindex/GeneratedModuleMaps-iphonesimulator/grpcppWrapper.modulemap -Xcc -fmodule-map-file\=/Users/carsonjcohen/Library/Developer/Xcode/DerivedData/SlingApp-cqkoehzkjdxezmftyzgnqnqqnkvj/Build/Intermediates.noindex/GeneratedModuleMaps-iphonesimulator/nanopb.modulemap -Xcc -fmodule-map-file\=/Users/carsonjcohen/Library/Developer/Xcode/DerivedData/SlingApp-cqkoehzkjdxezmftyzgnqnqqnkvj/Build/Intermediates.noindex/GeneratedModuleMaps-iphonesimulator/leveldb.modulemap -Xcc -fmodule-map-file\=/Users/carsonjcohen/Library/Developer/Xcode/DerivedData/SlingApp-cqkoehzkjdxezmftyzgnqnqqnkvj/Build/Intermediates.noindex/GeneratedModuleMaps-iphonesimulator/FirebaseCoreExtension.modulemap -Xcc -fmodule-map-file\=/Users/carsonjcohen/Library/Developer/Xcode/DerivedData/SlingApp-cqkoehzkjdxezmftyzgnqnqqnkvj/Build/Intermediates.noindex/GeneratedModuleMaps-iphonesimulator/FirebaseCore.modulemap -Xcc -fmodule-map-file\=/Users/carsonjcohen/Library/Developer/Xcode/DerivedData/SlingApp-cqkoehzkjdxezmftyzgnqnqqnkvj/Build/Intermediates.noindex/GeneratedModuleMaps-iphonesimulator/FirebaseAppCheckInterop.modulemap -Xcc -fmodule-map-file\=/Users/carsonjcohen/Library/Developer/Xcode/DerivedData/SlingApp-cqkoehzkjdxezmftyzgnqnqqnkvj/Build/Intermediates.noindex/GeneratedModuleMaps-iphonesimulator/FirebaseFirestoreInternalWrapper.modulemap -Xcc -fmodule-map-file\=/Users/carsonjcohen/Library/Developer/Xcode/DerivedData/SlingApp-cqkoehzkjdxezmftyzgnqnqqnkvj/Build/Intermediates.noindex/GeneratedModuleMaps-iphonesimulator/FirebaseFirestoreTarget.modulemap -Xcc -ivfsstatcache -Xcc /Users/carsonjcohen/Library/Developer/Xcode/DerivedData/SDKStatCaches.noindex/iphonesimulator18.5-22F76-d5fc8ad4295d2ef488fb7d0f804ce0c4.sdkstatcache -Xcc -I/Users/carsonjcohen/Library/Developer/Xcode/DerivedData/SlingApp-cqkoehzkjdxezmftyzgnqnqqnkvj/Build/Intermediates.noindex/SlingApp.build/Debug-iphonesimulator/SlingApp.build/swift-overrides.hmap -Xcc -iquote -Xcc /Users/carsonjcohen/Library/Developer/Xcode/DerivedData/SlingApp-cqkoehzkjdxezmftyzgnqnqqnkvj/Build/Intermediates.noindex/SlingApp.build/Debug-iphonesimulator/SlingApp.build/SlingApp-generated-files.hmap -Xcc -I/Users/carsonjcohen/Library/Developer/Xcode/DerivedData/SlingApp-cqkoehzkjdxezmftyzgnqnqqnkvj/Build/Intermediates.noindex/SlingApp.build/Debug-iphonesimulator/SlingApp.build/SlingApp-own-target-headers.hmap -Xcc -I/Users/carsonjcohen/Library/Developer/Xcode/DerivedData/SlingApp-cqkoehzkjdxezmftyzgnqnqqnkvj/Build/Intermediates.noindex/SlingApp.build/Debug-iphonesimulator/SlingApp.build/SlingApp-all-non-framework-target-headers.hmap -Xcc -ivfsoverlay -Xcc /Users/carsonjcohen/Library/Developer/Xcode/DerivedData/SlingApp-cqkoehzkjdxezmftyzgnqnqqnkvj/Build/Intermediates.noindex/SlingApp.build/Debug-iphonesimulator/SlingApp-ff795fe456420a1f90e86b81728cb571-VFS-iphonesimulator/all-product-headers.yaml -Xcc -iquote -Xcc /Users/carsonjcohen/Library/Developer/Xcode/DerivedData/SlingApp-cqkoehzkjdxezmftyzgnqnqqnkvj/Build/Intermediates.noindex/SlingApp.build/Debug-iphonesimulator/SlingApp.build/SlingApp-project-headers.hmap -Xcc -I/Users/carsonjcohen/Library/Developer/Xcode/DerivedData/SlingApp-cqkoehzkjdxezmftyzgnqnqqnkvj/SourcePackages/checkouts/GoogleAppMeasurement/GoogleAppMeasurementWrapper/include -Xcc -I/Users/carsonjcohen/Library/Developer/Xcode/DerivedData/SlingApp-cqkoehzkjdxezmftyzgnqnqqnkvj/SourcePackages/checkouts/GoogleUtilities/GoogleUtilities/MethodSwizzler/Public -Xcc -I/Users/carsonjcohen/Library/Developer/Xcode/DerivedData/SlingApp-cqkoehzkjdxezmftyzgnqnqqnkvj/SourcePackages/checkouts/firebase-ios-sdk/FirebaseAnalyticsWrapper/include -Xcc -I/Users/carsonjcohen/Library/Developer/Xcode/DerivedData/SlingApp-cqkoehzkjdxezmftyzgnqnqqnkvj/SourcePackages/checkouts/firebase-ios-sdk/FirebaseInstallations/Source/Library/Public -Xcc -I/Users/carsonjcohen/Library/Developer/Xcode/DerivedData/SlingApp-cqkoehzkjdxezmftyzgnqnqqnkvj/SourcePackages/checkouts/firebase-ios-sdk/SwiftPM-PlatformExclude/FirebaseAnalyticsWrap/include -Xcc -I/Users/carsonjcohen/Library/Developer/Xcode/DerivedData/SlingApp-cqkoehzkjdxezmftyzgnqnqqnkvj/SourcePackages/checkouts/GoogleUtilities/GoogleUtilities/Network/Public -Xcc -I/Users/carsonjcohen/Library/Developer/Xcode/DerivedData/SlingApp-cqkoehzkjdxezmftyzgnqnqqnkvj/SourcePackages/checkouts/GoogleUtilities/GoogleUtilities/Reachability/Public -Xcc -I/Users/carsonjcohen/Library/Developer/Xcode/DerivedData/SlingApp-cqkoehzkjdxezmftyzgnqnqqnkvj/SourcePackages/checkouts/GoogleUtilities/GoogleUtilities/AppDelegateSwizzler/Public -Xcc -I/Users/carsonjcohen/Library/Developer/Xcode/DerivedData/SlingApp-cqkoehzkjdxezmftyzgnqnqqnkvj/SourcePackages/checkouts/gtm-session-fetcher/Sources/Core/Public -Xcc -I/Users/carsonjcohen/Library/Developer/Xcode/DerivedData/SlingApp-cqkoehzkjdxezmftyzgnqnqqnkvj/SourcePackages/checkouts/interop-ios-for-google-sdks/RecaptchaEnterprise/RecaptchaInterop/Public -Xcc -I/Users/carsonjcohen/Library/Developer/Xcode/DerivedData/SlingApp-cqkoehzkjdxezmftyzgnqnqqnkvj/SourcePackages/checkouts/firebase-ios-sdk/FirebaseAuth/Sources/Public -Xcc -I/Users/carsonjcohen/Library/Developer/Xcode/DerivedData/SlingApp-cqkoehzkjdxezmftyzgnqnqqnkvj/SourcePackages/checkouts/GoogleUtilities/GoogleUtilities/UserDefaults/Public -Xcc -I/Users/carsonjcohen/Library/Developer/Xcode/DerivedData/SlingApp-cqkoehzkjdxezmftyzgnqnqqnkvj/SourcePackages/checkouts/firebase-ios-sdk/FirebaseDatabase/Sources/Public -Xcc -I/Users/carsonjcohen/Library/Developer/Xcode/DerivedData/SlingApp-cqkoehzkjdxezmftyzgnqnqqnkvj/SourcePackages/checkouts/firebase-ios-sdk/SwiftPM-PlatformExclude/FirebaseFirestoreSwiftWrap/include -Xcc -I/Users/carsonjcohen/Library/Developer/Xcode/DerivedData/SlingApp-cqkoehzkjdxezmftyzgnqnqqnkvj/SourcePackages/checkouts/GoogleUtilities/GoogleUtilities/NSData+zlib/Public -Xcc -I/Users/carsonjcohen/Library/Developer/Xcode/DerivedData/SlingApp-cqkoehzkjdxezmftyzgnqnqqnkvj/SourcePackages/checkouts/promises/Sources/FBLPromises/include -Xcc -I/Users/carsonjcohen/Library/Developer/Xcode/DerivedData/SlingApp-cqkoehzkjdxezmftyzgnqnqqnkvj/SourcePackages/checkouts/GoogleUtilities/GoogleUtilities/Environment/Public -Xcc -I/Users/carsonjcohen/Library/Developer/Xcode/DerivedData/SlingApp-cqkoehzkjdxezmftyzgnqnqqnkvj/SourcePackages/checkouts/GoogleUtilities/third_party/IsAppEncrypted/Public -Xcc -I/Users/carsonjcohen/Library/Developer/Xcode/DerivedData/SlingApp-cqkoehzkjdxezmftyzgnqnqqnkvj/SourcePackages/checkouts/GoogleUtilities/GoogleUtilities/Logger/Public -Xcc -I/Users/carsonjcohen/Library/Developer/Xcode/DerivedData/SlingApp-cqkoehzkjdxezmftyzgnqnqqnkvj/SourcePackages/checkouts/abseil-cpp-binary/absl-Wrapper/include -Xcc -I/Users/carsonjcohen/Library/Developer/Xcode/DerivedData/SlingApp-cqkoehzkjdxezmftyzgnqnqqnkvj/SourcePackages/checkouts/grpc-binary/openssl-grpc-Wrapper/include -Xcc -I/Users/carsonjcohen/Library/Developer/Xcode/DerivedData/SlingApp-cqkoehzkjdxezmftyzgnqnqqnkvj/SourcePackages/checkouts/grpc-binary/grpc-Wrapper/include -Xcc -I/Users/carsonjcohen/Library/Developer/Xcode/DerivedData/SlingApp-cqkoehzkjdxezmftyzgnqnqqnkvj/SourcePackages/checkouts/grpc-binary/grpcpp-Wrapper/include -Xcc -I/Users/carsonjcohen/Library/Developer/Xcode/DerivedData/SlingApp-cqkoehzkjdxezmftyzgnqnqqnkvj/SourcePackages/checkouts/nanopb/spm_headers -Xcc -I/Users/carsonjcohen/Library/Developer/Xcode/DerivedData/SlingApp-cqkoehzkjdxezmftyzgnqnqqnkvj/SourcePackages/checkouts/leveldb/include -Xcc -I/Users/carsonjcohen/Library/Developer/Xcode/DerivedData/SlingApp-cqkoehzkjdxezmftyzgnqnqqnkvj/SourcePackages/checkouts/firebase-ios-sdk/FirebaseCore/Extension -Xcc -I/Users/carsonjcohen/Library/Developer/Xcode/DerivedData/SlingApp-cqkoehzkjdxezmftyzgnqnqqnkvj/SourcePackages/checkouts/firebase-ios-sdk/FirebaseCore/Sources/Public -Xcc -I/Users/carsonjcohen/Library/Developer/Xcode/DerivedData/SlingApp-cqkoehzkjdxezmftyzgnqnqqnkvj/SourcePackages/checkouts/firebase-ios-sdk/CoreOnly/Sources -Xcc -I/Users/carsonjcohen/Library/Developer/Xcode/DerivedData/SlingApp-cqkoehzkjdxezmftyzgnqnqqnkvj/SourcePackages/checkouts/firebase-ios-sdk/FirebaseAppCheck/Interop/Public -Xcc -I/Users/carsonjcohen/Library/Developer/Xcode/DerivedData/SlingApp-cqkoehzkjdxezmftyzgnqnqqnkvj/SourcePackages/checkouts/firebase-ios-sdk/FirebaseFirestoreInternal -Xcc -I/Users/carsonjcohen/Library/Developer/Xcode/DerivedData/SlingApp-cqkoehzkjdxezmftyzgnqnqqnkvj/SourcePackages/checkouts/firebase-ios-sdk/SwiftPM-PlatformExclude/FirebaseFirestoreWrap/include -Xcc -I/Users/carsonjcohen/Library/Developer/Xcode/DerivedData/SlingApp-cqkoehzkjdxezmftyzgnqnqqnkvj/Build/Products/Debug-iphonesimulator/include -Xcc -I/Users/carsonjcohen/Library/Developer/Xcode/DerivedData/SlingApp-cqkoehzkjdxezmftyzgnqnqqnkvj/Build/Intermediates.noindex/SlingApp.build/Debug-iphonesimulator/SlingApp.build/DerivedSources-normal/arm64 -Xcc -I/Users/carsonjcohen/Library/Developer/Xcode/DerivedData/SlingApp-cqkoehzkjdxezmftyzgnqnqqnkvj/Build/Intermediates.noindex/SlingApp.build/Debug-iphonesimulator/SlingApp.build/DerivedSources/arm64 -Xcc -I/Users/carsonjcohen/Library/Developer/Xcode/DerivedData/SlingApp-cqkoehzkjdxezmftyzgnqnqqnkvj/Build/Intermediates.noindex/SlingApp.build/Debug-iphonesimulator/SlingApp.build/DerivedSources -Xcc -DDEBUG\=1 -module-name SlingApp -frontend-parseable-output -disable-clang-spi -target-sdk-version 18.5 -target-sdk-name iphonesimulator18.5 -external-plugin-path /Applications/Xcode.app/Contents/Developer/Platforms/iPhoneOS.platform/Developer/usr/lib/swift/host/plugins\#/Applications/Xcode.app/Contents/Developer/Platforms/iPhoneOS.platform/Developer/usr/bin/swift-plugin-server -external-plugin-path /Applications/Xcode.app/Contents/Developer/Platforms/iPhoneOS.platform/Developer/usr/local/lib/swift/host/plugins\#/Applications/Xcode.app/Contents/Developer/Platforms/iPhoneOS.platform/Developer/usr/bin/swift-plugin-server -in-process-plugin-server-path /Applications/Xcode.app/Contents/Developer/Toolchains/XcodeDefault.xctoolchain/usr/lib/swift/host/libSwiftInProcPluginServer.dylib -plugin-path /Applications/Xcode.app/Contents/Developer/Toolchains/XcodeDefault.xctoolchain/usr/lib/swift/host/plugins -plugin-path /Applications/Xcode.app/Contents/Developer/Toolchains/XcodeDefault.xctoolchain/usr/local/lib/swift/host/plugins -o /Users/carsonjcohen/Library/Developer/Xcode/DerivedData/SlingApp-cqkoehzkjdxezmftyzgnqnqqnkvj/Build/Intermediates.noindex/SlingApp.build/Debug-iphonesimulator/SlingApp.build/Objects-normal/arm64/Views.o -index-unit-output-path /SlingApp.build/Debug-iphonesimulator/SlingApp.build/Objects-normal/arm64/Views.o -index-store-path /Users/carsonjcohen/Library/Developer/Xcode/DerivedData/SlingApp-cqkoehzkjdxezmftyzgnqnqqnkvj/Index.noindex/DataStore -index-system-modules
SwiftEmitModule normal arm64 Emitting\ module\ for\ SlingApp (in target 'SlingApp' from project 'SlingApp')

EmitSwiftModule normal arm64 (in target 'SlingApp' from project 'SlingApp')
    cd /Users/carsonjcohen/Desktop/SlingApp
    

SwiftDriverJobDiscovery normal arm64 Emitting module for SlingApp (in target 'SlingApp' from project 'SlingApp')

SwiftDriver\ Compilation\ Requirements SlingApp normal arm64 com.apple.xcode.tools.swift.compiler (in target 'SlingApp' from project 'SlingApp')
    cd /Users/carsonjcohen/Desktop/SlingApp
    builtin-Swift-Compilation-Requirements -- /Applications/Xcode.app/Contents/Developer/Toolchains/XcodeDefault.xctoolchain/usr/bin/swiftc -module-name SlingApp -Onone -enforce-exclusivity\=checked @/Users/carsonjcohen/Library/Developer/Xcode/DerivedData/SlingApp-cqkoehzkjdxezmftyzgnqnqqnkvj/Build/Intermediates.noindex/SlingApp.build/Debug-iphonesimulator/SlingApp.build/Objects-normal/arm64/SlingApp.SwiftFileList -DDEBUG -Xcc -fmodule-map-file\=/Users/carsonjcohen/Library/Developer/Xcode/DerivedData/SlingApp-cqkoehzkjdxezmftyzgnqnqqnkvj/Build/Intermediates.noindex/GeneratedModuleMaps-iphonesimulator/GoogleAppMeasurementTarget.modulemap -Xcc -fmodule-map-file\=/Users/carsonjcohen/Library/Developer/Xcode/DerivedData/SlingApp-cqkoehzkjdxezmftyzgnqnqqnkvj/Build/Intermediates.noindex/GeneratedModuleMaps-iphonesimulator/GoogleUtilities-MethodSwizzler.modulemap -Xcc -fmodule-map-file\=/Users/carsonjcohen/Library/Developer/Xcode/DerivedData/SlingApp-cqkoehzkjdxezmftyzgnqnqqnkvj/Build/Intermediates.noindex/GeneratedModuleMaps-iphonesimulator/FirebaseAnalyticsWrapper.modulemap -Xcc -fmodule-map-file\=/Users/carsonjcohen/Library/Developer/Xcode/DerivedData/SlingApp-cqkoehzkjdxezmftyzgnqnqqnkvj/Build/Intermediates.noindex/GeneratedModuleMaps-iphonesimulator/FirebaseInstallations.modulemap -Xcc -fmodule-map-file\=/Users/carsonjcohen/Library/Developer/Xcode/DerivedData/SlingApp-cqkoehzkjdxezmftyzgnqnqqnkvj/Build/Intermediates.noindex/GeneratedModuleMaps-iphonesimulator/FirebaseAnalyticsTarget.modulemap -Xcc -fmodule-map-file\=/Users/carsonjcohen/Library/Developer/Xcode/DerivedData/SlingApp-cqkoehzkjdxezmftyzgnqnqqnkvj/Build/Intermediates.noindex/GeneratedModuleMaps-iphonesimulator/GoogleUtilities-Network.modulemap -Xcc -fmodule-map-file\=/Users/carsonjcohen/Library/Developer/Xcode/DerivedData/SlingApp-cqkoehzkjdxezmftyzgnqnqqnkvj/Build/Intermediates.noindex/GeneratedModuleMaps-iphonesimulator/GoogleUtilities-Reachability.modulemap -Xcc -fmodule-map-file\=/Users/carsonjcohen/Library/Developer/Xcode/DerivedData/SlingApp-cqkoehzkjdxezmftyzgnqnqqnkvj/Build/Intermediates.noindex/GeneratedModuleMaps-iphonesimulator/GoogleUtilities-AppDelegateSwizzler.modulemap -Xcc -fmodule-map-file\=/Users/carsonjcohen/Library/Developer/Xcode/DerivedData/SlingApp-cqkoehzkjdxezmftyzgnqnqqnkvj/Build/Intermediates.noindex/GeneratedModuleMaps-iphonesimulator/GTMSessionFetcherCore.modulemap -Xcc -fmodule-map-file\=/Users/carsonjcohen/Library/Developer/Xcode/DerivedData/SlingApp-cqkoehzkjdxezmftyzgnqnqqnkvj/Build/Intermediates.noindex/GeneratedModuleMaps-iphonesimulator/RecaptchaInterop.modulemap -Xcc -fmodule-map-file\=/Users/carsonjcohen/Library/Developer/Xcode/DerivedData/SlingApp-cqkoehzkjdxezmftyzgnqnqqnkvj/Build/Intermediates.noindex/GeneratedModuleMaps-iphonesimulator/FirebaseAuth.modulemap -Xcc -fmodule-map-file\=/Users/carsonjcohen/Library/Developer/Xcode/DerivedData/SlingApp-cqkoehzkjdxezmftyzgnqnqqnkvj/Build/Intermediates.noindex/GeneratedModuleMaps-iphonesimulator/GoogleUtilities-UserDefaults.modulemap -Xcc -fmodule-map-file\=/Users/carsonjcohen/Library/Developer/Xcode/DerivedData/SlingApp-cqkoehzkjdxezmftyzgnqnqqnkvj/Build/Intermediates.noindex/GeneratedModuleMaps-iphonesimulator/FirebaseDatabaseInternal.modulemap -Xcc -fmodule-map-file\=/Users/carsonjcohen/Library/Developer/Xcode/DerivedData/SlingApp-cqkoehzkjdxezmftyzgnqnqqnkvj/Build/Intermediates.noindex/GeneratedModuleMaps-iphonesimulator/FirebaseFirestoreSwiftTarget.modulemap -Xcc -fmodule-map-file\=/Users/carsonjcohen/Library/Developer/Xcode/DerivedData/SlingApp-cqkoehzkjdxezmftyzgnqnqqnkvj/Build/Intermediates.noindex/GeneratedModuleMaps-iphonesimulator/GoogleUtilities-NSData.modulemap -Xcc -fmodule-map-file\=/Users/carsonjcohen/Library/Developer/Xcode/DerivedData/SlingApp-cqkoehzkjdxezmftyzgnqnqqnkvj/Build/Intermediates.noindex/GeneratedModuleMaps-iphonesimulator/GoogleUtilities-Environment.modulemap -Xcc -fmodule-map-file\=/Users/carsonjcohen/Library/Developer/Xcode/DerivedData/SlingApp-cqkoehzkjdxezmftyzgnqnqqnkvj/Build/Intermediates.noindex/GeneratedModuleMaps-iphonesimulator/third-party-IsAppEncrypted.modulemap -Xcc -fmodule-map-file\=/Users/carsonjcohen/Library/Developer/Xcode/DerivedData/SlingApp-cqkoehzkjdxezmftyzgnqnqqnkvj/Build/Intermediates.noindex/GeneratedModuleMaps-iphonesimulator/GoogleUtilities-Logger.modulemap -Xcc -fmodule-map-file\=/Users/carsonjcohen/Library/Developer/Xcode/DerivedData/SlingApp-cqkoehzkjdxezmftyzgnqnqqnkvj/Build/Intermediates.noindex/GeneratedModuleMaps-iphonesimulator/abslWrapper.modulemap -Xcc -fmodule-map-file\=/Users/carsonjcohen/Library/Developer/Xcode/DerivedData/SlingApp-cqkoehzkjdxezmftyzgnqnqqnkvj/Build/Intermediates.noindex/GeneratedModuleMaps-iphonesimulator/opensslWrapper.modulemap -Xcc -fmodule-map-file\=/Users/carsonjcohen/Library/Developer/Xcode/DerivedData/SlingApp-cqkoehzkjdxezmftyzgnqnqqnkvj/Build/Intermediates.noindex/GeneratedModuleMaps-iphonesimulator/grpcWrapper.modulemap -Xcc -fmodule-map-file\=/Users/carsonjcohen/Library/Developer/Xcode/DerivedData/SlingApp-cqkoehzkjdxezmftyzgnqnqqnkvj/Build/Intermediates.noindex/GeneratedModuleMaps-iphonesimulator/grpcppWrapper.modulemap -Xcc -fmodule-map-file\=/Users/carsonjcohen/Library/Developer/Xcode/DerivedData/SlingApp-cqkoehzkjdxezmftyzgnqnqqnkvj/Build/Intermediates.noindex/GeneratedModuleMaps-iphonesimulator/nanopb.modulemap -Xcc -fmodule-map-file\=/Users/carsonjcohen/Library/Developer/Xcode/DerivedData/SlingApp-cqkoehzkjdxezmftyzgnqnqqnkvj/Build/Intermediates.noindex/GeneratedModuleMaps-iphonesimulator/leveldb.modulemap -Xcc -fmodule-map-file\=/Users/carsonjcohen/Library/Developer/Xcode/DerivedData/SlingApp-cqkoehzkjdxezmftyzgnqnqqnkvj/Build/Intermediates.noindex/GeneratedModuleMaps-iphonesimulator/FirebaseCoreExtension.modulemap -Xcc -fmodule-map-file\=/Users/carsonjcohen/Library/Developer/Xcode/DerivedData/SlingApp-cqkoehzkjdxezmftyzgnqnqqnkvj/Build/Intermediates.noindex/GeneratedModuleMaps-iphonesimulator/FirebaseCore.modulemap -Xcc -fmodule-map-file\=/Users/carsonjcohen/Library/Developer/Xcode/DerivedData/SlingApp-cqkoehzkjdxezmftyzgnqnqqnkvj/Build/Intermediates.noindex/GeneratedModuleMaps-iphonesimulator/FirebaseAppCheckInterop.modulemap -Xcc -fmodule-map-file\=/Users/carsonjcohen/Library/Developer/Xcode/DerivedData/SlingApp-cqkoehzkjdxezmftyzgnqnqqnkvj/Build/Intermediates.noindex/GeneratedModuleMaps-iphonesimulator/FirebaseFirestoreInternalWrapper.modulemap -Xcc -fmodule-map-file\=/Users/carsonjcohen/Library/Developer/Xcode/DerivedData/SlingApp-cqkoehzkjdxezmftyzgnqnqqnkvj/Build/Intermediates.noindex/GeneratedModuleMaps-iphonesimulator/FirebaseFirestoreTarget.modulemap -enable-bare-slash-regex -enable-experimental-feature DebugDescriptionMacro -sdk /Applications/Xcode.app/Contents/Developer/Platforms/iPhoneSimulator.platform/Developer/SDKs/iPhoneSimulator18.5.sdk -target arm64-apple-ios18.5-simulator -g -module-cache-path /Users/carsonjcohen/Library/Developer/Xcode/DerivedData/ModuleCache.noindex -Xfrontend -serialize-debugging-options -profile-coverage-mapping -profile-generate -enable-testing -index-store-path /Users/carsonjcohen/Library/Developer/Xcode/DerivedData/SlingApp-cqkoehzkjdxezmftyzgnqnqqnkvj/Index.noindex/DataStore -swift-version 5 -I /Users/carsonjcohen/Library/Developer/Xcode/DerivedData/SlingApp-cqkoehzkjdxezmftyzgnqnqqnkvj/Build/Products/Debug-iphonesimulator -F /Users/carsonjcohen/Library/Developer/Xcode/DerivedData/SlingApp-cqkoehzkjdxezmftyzgnqnqqnkvj/Build/Products/Debug-iphonesimulator/PackageFrameworks -F /Users/carsonjcohen/Library/Developer/Xcode/DerivedData/SlingApp-cqkoehzkjdxezmftyzgnqnqqnkvj/Build/Products/Debug-iphonesimulator/PackageFrameworks -F /Users/carsonjcohen/Library/Developer/Xcode/DerivedData/SlingApp-cqkoehzkjdxezmftyzgnqnqqnkvj/Build/Products/Debug-iphonesimulator/PackageFrameworks -F /Users/carsonjcohen/Library/Developer/Xcode/DerivedData/SlingApp-cqkoehzkjdxezmftyzgnqnqqnkvj/Build/Products/Debug-iphonesimulator/PackageFrameworks -F /Users/carsonjcohen/Library/Developer/Xcode/DerivedData/SlingApp-cqkoehzkjdxezmftyzgnqnqqnkvj/Build/Products/Debug-iphonesimulator/PackageFrameworks -F /Users/carsonjcohen/Library/Developer/Xcode/DerivedData/SlingApp-cqkoehzkjdxezmftyzgnqnqqnkvj/Build/Products/Debug-iphonesimulator/PackageFrameworks -F /Users/carsonjcohen/Library/Developer/Xcode/DerivedData/SlingApp-cqkoehzkjdxezmftyzgnqnqqnkvj/Build/Products/Debug-iphonesimulator/PackageFrameworks -F /Users/carsonjcohen/Library/Developer/Xcode/DerivedData/SlingApp-cqkoehzkjdxezmftyzgnqnqqnkvj/Build/Products/Debug-iphonesimulator/PackageFrameworks -F /Users/carsonjcohen/Library/Developer/Xcode/DerivedData/SlingApp-cqkoehzkjdxezmftyzgnqnqqnkvj/Build/Products/Debug-iphonesimulator/PackageFrameworks -F /Users/carsonjcohen/Library/Developer/Xcode/DerivedData/SlingApp-cqkoehzkjdxezmftyzgnqnqqnkvj/Build/Products/Debug-iphonesimulator/PackageFrameworks -F /Users/carsonjcohen/Library/Developer/Xcode/DerivedData/SlingApp-cqkoehzkjdxezmftyzgnqnqqnkvj/Build/Products/Debug-iphonesimulator/PackageFrameworks -F /Users/carsonjcohen/Library/Developer/Xcode/DerivedData/SlingApp-cqkoehzkjdxezmftyzgnqnqqnkvj/Build/Products/Debug-iphonesimulator/PackageFrameworks -F /Users/carsonjcohen/Library/Developer/Xcode/DerivedData/SlingApp-cqkoehzkjdxezmftyzgnqnqqnkvj/Build/Products/Debug-iphonesimulator/PackageFrameworks -F /Users/carsonjcohen/Library/Developer/Xcode/DerivedData/SlingApp-cqkoehzkjdxezmftyzgnqnqqnkvj/Build/Products/Debug-iphonesimulator/PackageFrameworks -F /Users/carsonjcohen/Library/Developer/Xcode/DerivedData/SlingApp-cqkoehzkjdxezmftyzgnqnqqnkvj/Build/Products/Debug-iphonesimulator/PackageFrameworks -F /Users/carsonjcohen/Library/Developer/Xcode/DerivedData/SlingApp-cqkoehzkjdxezmftyzgnqnqqnkvj/Build/Products/Debug-iphonesimulator/PackageFrameworks -F /Users/carsonjcohen/Library/Developer/Xcode/DerivedData/SlingApp-cqkoehzkjdxezmftyzgnqnqqnkvj/Build/Products/Debug-iphonesimulator/PackageFrameworks -F /Users/carsonjcohen/Library/Developer/Xcode/DerivedData/SlingApp-cqkoehzkjdxezmftyzgnqnqqnkvj/Build/Products/Debug-iphonesimulator/PackageFrameworks -F /Users/carsonjcohen/Library/Developer/Xcode/DerivedData/SlingApp-cqkoehzkjdxezmftyzgnqnqqnkvj/Build/Products/Debug-iphonesimulator/PackageFrameworks -F /Users/carsonjcohen/Library/Developer/Xcode/DerivedData/SlingApp-cqkoehzkjdxezmftyzgnqnqqnkvj/Build/Products/Debug-iphonesimulator/PackageFrameworks -F /Users/carsonjcohen/Library/Developer/Xcode/DerivedData/SlingApp-cqkoehzkjdxezmftyzgnqnqqnkvj/Build/Products/Debug-iphonesimulator/PackageFrameworks -F /Users/carsonjcohen/Library/Developer/Xcode/DerivedData/SlingApp-cqkoehzkjdxezmftyzgnqnqqnkvj/Build/Products/Debug-iphonesimulator/PackageFrameworks -F /Users/carsonjcohen/Library/Developer/Xcode/DerivedData/SlingApp-cqkoehzkjdxezmftyzgnqnqqnkvj/Build/Products/Debug-iphonesimulator/PackageFrameworks -F /Users/carsonjcohen/Library/Developer/Xcode/DerivedData/SlingApp-cqkoehzkjdxezmftyzgnqnqqnkvj/Build/Products/Debug-iphonesimulator/PackageFrameworks -F /Users/carsonjcohen/Library/Developer/Xcode/DerivedData/SlingApp-cqkoehzkjdxezmftyzgnqnqqnkvj/Build/Products/Debug-iphonesimulator/PackageFrameworks -F /Users/carsonjcohen/Library/Developer/Xcode/DerivedData/SlingApp-cqkoehzkjdxezmftyzgnqnqqnkvj/Build/Products/Debug-iphonesimulator/PackageFrameworks -F /Users/carsonjcohen/Library/Developer/Xcode/DerivedData/SlingApp-cqkoehzkjdxezmftyzgnqnqqnkvj/Build/Products/Debug-iphonesimulator/PackageFrameworks -F /Users/carsonjcohen/Library/Developer/Xcode/DerivedData/SlingApp-cqkoehzkjdxezmftyzgnqnqqnkvj/Build/Products/Debug-iphonesimulator/PackageFrameworks -F /Users/carsonjcohen/Library/Developer/Xcode/DerivedData/SlingApp-cqkoehzkjdxezmftyzgnqnqqnkvj/Build/Products/Debug-iphonesimulator/PackageFrameworks -F /Users/carsonjcohen/Library/Developer/Xcode/DerivedData/SlingApp-cqkoehzkjdxezmftyzgnqnqqnkvj/Build/Products/Debug-iphonesimulator/PackageFrameworks -F /Users/carsonjcohen/Library/Developer/Xcode/DerivedData/SlingApp-cqkoehzkjdxezmftyzgnqnqqnkvj/Build/Products/Debug-iphonesimulator/PackageFrameworks -F /Users/carsonjcohen/Library/Developer/Xcode/DerivedData/SlingApp-cqkoehzkjdxezmftyzgnqnqqnkvj/Build/Products/Debug-iphonesimulator/PackageFrameworks -F /Users/carsonjcohen/Library/Developer/Xcode/DerivedData/SlingApp-cqkoehzkjdxezmftyzgnqnqqnkvj/Build/Products/Debug-iphonesimulator/PackageFrameworks -F /Users/carsonjcohen/Library/Developer/Xcode/DerivedData/SlingApp-cqkoehzkjdxezmftyzgnqnqqnkvj/Build/Products/Debug-iphonesimulator/PackageFrameworks -F /Users/carsonjcohen/Library/Developer/Xcode/DerivedData/SlingApp-cqkoehzkjdxezmftyzgnqnqqnkvj/Build/Products/Debug-iphonesimulator/PackageFrameworks -F /Users/carsonjcohen/Library/Developer/Xcode/DerivedData/SlingApp-cqkoehzkjdxezmftyzgnqnqqnkvj/Build/Products/Debug-iphonesimulator/PackageFrameworks -F /Users/carsonjcohen/Library/Developer/Xcode/DerivedData/SlingApp-cqkoehzkjdxezmftyzgnqnqqnkvj/Build/Products/Debug-iphonesimulator -emit-localized-strings -emit-localized-strings-path /Users/carsonjcohen/Library/Developer/Xcode/DerivedData/SlingApp-cqkoehzkjdxezmftyzgnqnqqnkvj/Build/Intermediates.noindex/SlingApp.build/Debug-iphonesimulator/SlingApp.build/Objects-normal/arm64 -c -j10 -enable-batch-mode -incremental -Xcc -ivfsstatcache -Xcc /Users/carsonjcohen/Library/Developer/Xcode/DerivedData/SDKStatCaches.noindex/iphonesimulator18.5-22F76-d5fc8ad4295d2ef488fb7d0f804ce0c4.sdkstatcache -output-file-map /Users/carsonjcohen/Library/Developer/Xcode/DerivedData/SlingApp-cqkoehzkjdxezmftyzgnqnqqnkvj/Build/Intermediates.noindex/SlingApp.build/Debug-iphonesimulator/SlingApp.build/Objects-normal/arm64/SlingApp-OutputFileMap.json -use-frontend-parseable-output -save-temps -no-color-diagnostics -serialize-diagnostics -emit-dependencies -emit-module -emit-module-path /Users/carsonjcohen/Library/Developer/Xcode/DerivedData/SlingApp-cqkoehzkjdxezmftyzgnqnqqnkvj/Build/Intermediates.noindex/SlingApp.build/Debug-iphonesimulator/SlingApp.build/Objects-normal/arm64/SlingApp.swiftmodule -validate-clang-modules-once -clang-build-session-file /Users/carsonjcohen/Library/Developer/Xcode/DerivedData/ModuleCache.noindex/Session.modulevalidation -Xcc -I/Users/carsonjcohen/Library/Developer/Xcode/DerivedData/SlingApp-cqkoehzkjdxezmftyzgnqnqqnkvj/Build/Intermediates.noindex/SlingApp.build/Debug-iphonesimulator/SlingApp.build/swift-overrides.hmap -emit-const-values -Xfrontend -const-gather-protocols-file -Xfrontend /Users/carsonjcohen/Library/Developer/Xcode/DerivedData/SlingApp-cqkoehzkjdxezmftyzgnqnqqnkvj/Build/Intermediates.noindex/SlingApp.build/Debug-iphonesimulator/SlingApp.build/Objects-normal/arm64/SlingApp_const_extract_protocols.json -Xcc -iquote -Xcc /Users/carsonjcohen/Library/Developer/Xcode/DerivedData/SlingApp-cqkoehzkjdxezmftyzgnqnqqnkvj/Build/Intermediates.noindex/SlingApp.build/Debug-iphonesimulator/SlingApp.build/SlingApp-generated-files.hmap -Xcc -I/Users/carsonjcohen/Library/Developer/Xcode/DerivedData/SlingApp-cqkoehzkjdxezmftyzgnqnqqnkvj/Build/Intermediates.noindex/SlingApp.build/Debug-iphonesimulator/SlingApp.build/SlingApp-own-target-headers.hmap -Xcc -I/Users/carsonjcohen/Library/Developer/Xcode/DerivedData/SlingApp-cqkoehzkjdxezmftyzgnqnqqnkvj/Build/Intermediates.noindex/SlingApp.build/Debug-iphonesimulator/SlingApp.build/SlingApp-all-non-framework-target-headers.hmap -Xcc -ivfsoverlay -Xcc /Users/carsonjcohen/Library/Developer/Xcode/DerivedData/SlingApp-cqkoehzkjdxezmftyzgnqnqqnkvj/Build/Intermediates.noindex/SlingApp.build/Debug-iphonesimulator/SlingApp-ff795fe456420a1f90e86b81728cb571-VFS-iphonesimulator/all-product-headers.yaml -Xcc -iquote -Xcc /Users/carsonjcohen/Library/Developer/Xcode/DerivedData/SlingApp-cqkoehzkjdxezmftyzgnqnqqnkvj/Build/Intermediates.noindex/SlingApp.build/Debug-iphonesimulator/SlingApp.build/SlingApp-project-headers.hmap -Xcc -I/Users/carsonjcohen/Library/Developer/Xcode/DerivedData/SlingApp-cqkoehzkjdxezmftyzgnqnqqnkvj/SourcePackages/checkouts/GoogleAppMeasurement/GoogleAppMeasurementWrapper/include -Xcc -I/Users/carsonjcohen/Library/Developer/Xcode/DerivedData/SlingApp-cqkoehzkjdxezmftyzgnqnqqnkvj/SourcePackages/checkouts/GoogleUtilities/GoogleUtilities/MethodSwizzler/Public -Xcc -I/Users/carsonjcohen/Library/Developer/Xcode/DerivedData/SlingApp-cqkoehzkjdxezmftyzgnqnqqnkvj/SourcePackages/checkouts/firebase-ios-sdk/FirebaseAnalyticsWrapper/include -Xcc -I/Users/carsonjcohen/Library/Developer/Xcode/DerivedData/SlingApp-cqkoehzkjdxezmftyzgnqnqqnkvj/SourcePackages/checkouts/firebase-ios-sdk/FirebaseInstallations/Source/Library/Public -Xcc -I/Users/carsonjcohen/Library/Developer/Xcode/DerivedData/SlingApp-cqkoehzkjdxezmftyzgnqnqqnkvj/SourcePackages/checkouts/firebase-ios-sdk/SwiftPM-PlatformExclude/FirebaseAnalyticsWrap/include -Xcc -I/Users/carsonjcohen/Library/Developer/Xcode/DerivedData/SlingApp-cqkoehzkjdxezmftyzgnqnqqnkvj/SourcePackages/checkouts/GoogleUtilities/GoogleUtilities/Network/Public -Xcc -I/Users/carsonjcohen/Library/Developer/Xcode/DerivedData/SlingApp-cqkoehzkjdxezmftyzgnqnqqnkvj/SourcePackages/checkouts/GoogleUtilities/GoogleUtilities/Reachability/Public -Xcc -I/Users/carsonjcohen/Library/Developer/Xcode/DerivedData/SlingApp-cqkoehzkjdxezmftyzgnqnqqnkvj/SourcePackages/checkouts/GoogleUtilities/GoogleUtilities/AppDelegateSwizzler/Public -Xcc -I/Users/carsonjcohen/Library/Developer/Xcode/DerivedData/SlingApp-cqkoehzkjdxezmftyzgnqnqqnkvj/SourcePackages/checkouts/gtm-session-fetcher/Sources/Core/Public -Xcc -I/Users/carsonjcohen/Library/Developer/Xcode/DerivedData/SlingApp-cqkoehzkjdxezmftyzgnqnqqnkvj/SourcePackages/checkouts/interop-ios-for-google-sdks/RecaptchaEnterprise/RecaptchaInterop/Public -Xcc -I/Users/carsonjcohen/Library/Developer/Xcode/DerivedData/SlingApp-cqkoehzkjdxezmftyzgnqnqqnkvj/SourcePackages/checkouts/firebase-ios-sdk/FirebaseAuth/Sources/Public -Xcc -I/Users/carsonjcohen/Library/Developer/Xcode/DerivedData/SlingApp-cqkoehzkjdxezmftyzgnqnqqnkvj/SourcePackages/checkouts/GoogleUtilities/GoogleUtilities/UserDefaults/Public -Xcc -I/Users/carsonjcohen/Library/Developer/Xcode/DerivedData/SlingApp-cqkoehzkjdxezmftyzgnqnqqnkvj/SourcePackages/checkouts/firebase-ios-sdk/FirebaseDatabase/Sources/Public -Xcc -I/Users/carsonjcohen/Library/Developer/Xcode/DerivedData/SlingApp-cqkoehzkjdxezmftyzgnqnqqnkvj/SourcePackages/checkouts/firebase-ios-sdk/SwiftPM-PlatformExclude/FirebaseFirestoreSwiftWrap/include -Xcc -I/Users/carsonjcohen/Library/Developer/Xcode/DerivedData/SlingApp-cqkoehzkjdxezmftyzgnqnqqnkvj/SourcePackages/checkouts/GoogleUtilities/GoogleUtilities/NSData+zlib/Public -Xcc -I/Users/carsonjcohen/Library/Developer/Xcode/DerivedData/SlingApp-cqkoehzkjdxezmftyzgnqnqqnkvj/SourcePackages/checkouts/promises/Sources/FBLPromises/include -Xcc -I/Users/carsonjcohen/Library/Developer/Xcode/DerivedData/SlingApp-cqkoehzkjdxezmftyzgnqnqqnkvj/SourcePackages/checkouts/GoogleUtilities/GoogleUtilities/Environment/Public -Xcc -I/Users/carsonjcohen/Library/Developer/Xcode/DerivedData/SlingApp-cqkoehzkjdxezmftyzgnqnqqnkvj/SourcePackages/checkouts/GoogleUtilities/third_party/IsAppEncrypted/Public -Xcc -I/Users/carsonjcohen/Library/Developer/Xcode/DerivedData/SlingApp-cqkoehzkjdxezmftyzgnqnqqnkvj/SourcePackages/checkouts/GoogleUtilities/GoogleUtilities/Logger/Public -Xcc -I/Users/carsonjcohen/Library/Developer/Xcode/DerivedData/SlingApp-cqkoehzkjdxezmftyzgnqnqqnkvj/SourcePackages/checkouts/abseil-cpp-binary/absl-Wrapper/include -Xcc -I/Users/carsonjcohen/Library/Developer/Xcode/DerivedData/SlingApp-cqkoehzkjdxezmftyzgnqnqqnkvj/SourcePackages/checkouts/grpc-binary/openssl-grpc-Wrapper/include -Xcc -I/Users/carsonjcohen/Library/Developer/Xcode/DerivedData/SlingApp-cqkoehzkjdxezmftyzgnqnqqnkvj/SourcePackages/checkouts/grpc-binary/grpc-Wrapper/include -Xcc -I/Users/carsonjcohen/Library/Developer/Xcode/DerivedData/SlingApp-cqkoehzkjdxezmftyzgnqnqqnkvj/SourcePackages/checkouts/grpc-binary/grpcpp-Wrapper/include -Xcc -I/Users/carsonjcohen/Library/Developer/Xcode/DerivedData/SlingApp-cqkoehzkjdxezmftyzgnqnqqnkvj/SourcePackages/checkouts/nanopb/spm_headers -Xcc -I/Users/carsonjcohen/Library/Developer/Xcode/DerivedData/SlingApp-cqkoehzkjdxezmftyzgnqnqqnkvj/SourcePackages/checkouts/leveldb/include -Xcc -I/Users/carsonjcohen/Library/Developer/Xcode/DerivedData/SlingApp-cqkoehzkjdxezmftyzgnqnqqnkvj/SourcePackages/checkouts/firebase-ios-sdk/FirebaseCore/Extension -Xcc -I/Users/carsonjcohen/Library/Developer/Xcode/DerivedData/SlingApp-cqkoehzkjdxezmftyzgnqnqqnkvj/SourcePackages/checkouts/firebase-ios-sdk/FirebaseCore/Sources/Public -Xcc -I/Users/carsonjcohen/Library/Developer/Xcode/DerivedData/SlingApp-cqkoehzkjdxezmftyzgnqnqqnkvj/SourcePackages/checkouts/firebase-ios-sdk/CoreOnly/Sources -Xcc -I/Users/carsonjcohen/Library/Developer/Xcode/DerivedData/SlingApp-cqkoehzkjdxezmftyzgnqnqqnkvj/SourcePackages/checkouts/firebase-ios-sdk/FirebaseAppCheck/Interop/Public -Xcc -I/Users/carsonjcohen/Library/Developer/Xcode/DerivedData/SlingApp-cqkoehzkjdxezmftyzgnqnqqnkvj/SourcePackages/checkouts/firebase-ios-sdk/FirebaseFirestoreInternal -Xcc -I/Users/carsonjcohen/Library/Developer/Xcode/DerivedData/SlingApp-cqkoehzkjdxezmftyzgnqnqqnkvj/SourcePackages/checkouts/firebase-ios-sdk/SwiftPM-PlatformExclude/FirebaseFirestoreWrap/include -Xcc -I/Users/carsonjcohen/Library/Developer/Xcode/DerivedData/SlingApp-cqkoehzkjdxezmftyzgnqnqqnkvj/Build/Products/Debug-iphonesimulator/include -Xcc -I/Users/carsonjcohen/Library/Developer/Xcode/DerivedData/SlingApp-cqkoehzkjdxezmftyzgnqnqqnkvj/Build/Intermediates.noindex/SlingApp.build/Debug-iphonesimulator/SlingApp.build/DerivedSources-normal/arm64 -Xcc -I/Users/carsonjcohen/Library/Developer/Xcode/DerivedData/SlingApp-cqkoehzkjdxezmftyzgnqnqqnkvj/Build/Intermediates.noindex/SlingApp.build/Debug-iphonesimulator/SlingApp.build/DerivedSources/arm64 -Xcc -I/Users/carsonjcohen/Library/Developer/Xcode/DerivedData/SlingApp-cqkoehzkjdxezmftyzgnqnqqnkvj/Build/Intermediates.noindex/SlingApp.build/Debug-iphonesimulator/SlingApp.build/DerivedSources -Xcc -DDEBUG\=1 -emit-objc-header -emit-objc-header-path /Users/carsonjcohen/Library/Developer/Xcode/DerivedData/SlingApp-cqkoehzkjdxezmftyzgnqnqqnkvj/Build/Intermediates.noindex/SlingApp.build/Debug-iphonesimulator/SlingApp.build/Objects-normal/arm64/SlingApp-Swift.h -working-directory /Users/carsonjcohen/Desktop/SlingApp -experimental-emit-module-separately -disable-cmo

Copy /Users/carsonjcohen/Library/Developer/Xcode/DerivedData/SlingApp-cqkoehzkjdxezmftyzgnqnqqnkvj/Build/Products/Debug-iphonesimulator/SlingApp.swiftmodule/arm64-apple-ios-simulator.abi.json /Users/carsonjcohen/Library/Developer/Xcode/DerivedData/SlingApp-cqkoehzkjdxezmftyzgnqnqqnkvj/Build/Intermediates.noindex/SlingApp.build/Debug-iphonesimulator/SlingApp.build/Objects-normal/arm64/SlingApp.abi.json (in target 'SlingApp' from project 'SlingApp')
    cd /Users/carsonjcohen/Desktop/SlingApp
    builtin-copy -exclude .DS_Store -exclude CVS -exclude .svn -exclude .git -exclude .hg -resolve-src-symlinks -rename /Users/carsonjcohen/Library/Developer/Xcode/DerivedData/SlingApp-cqkoehzkjdxezmftyzgnqnqqnkvj/Build/Intermediates.noindex/SlingApp.build/Debug-iphonesimulator/SlingApp.build/Objects-normal/arm64/SlingApp.abi.json /Users/carsonjcohen/Library/Developer/Xcode/DerivedData/SlingApp-cqkoehzkjdxezmftyzgnqnqqnkvj/Build/Products/Debug-iphonesimulator/SlingApp.swiftmodule/arm64-apple-ios-simulator.abi.json

Copy /Users/carsonjcohen/Library/Developer/Xcode/DerivedData/SlingApp-cqkoehzkjdxezmftyzgnqnqqnkvj/Build/Products/Debug-iphonesimulator/SlingApp.swiftmodule/arm64-apple-ios-simulator.swiftmodule /Users/carsonjcohen/Library/Developer/Xcode/DerivedData/SlingApp-cqkoehzkjdxezmftyzgnqnqqnkvj/Build/Intermediates.noindex/SlingApp.build/Debug-iphonesimulator/SlingApp.build/Objects-normal/arm64/SlingApp.swiftmodule (in target 'SlingApp' from project 'SlingApp')
    cd /Users/carsonjcohen/Desktop/SlingApp
    builtin-copy -exclude .DS_Store -exclude CVS -exclude .svn -exclude .git -exclude .hg -resolve-src-symlinks -rename /Users/carsonjcohen/Library/Developer/Xcode/DerivedData/SlingApp-cqkoehzkjdxezmftyzgnqnqqnkvj/Build/Intermediates.noindex/SlingApp.build/Debug-iphonesimulator/SlingApp.build/Objects-normal/arm64/SlingApp.swiftmodule /Users/carsonjcohen/Library/Developer/Xcode/DerivedData/SlingApp-cqkoehzkjdxezmftyzgnqnqqnkvj/Build/Products/Debug-iphonesimulator/SlingApp.swiftmodule/arm64-apple-ios-simulator.swiftmodule

Copy /Users/carsonjcohen/Library/Developer/Xcode/DerivedData/SlingApp-cqkoehzkjdxezmftyzgnqnqqnkvj/Build/Products/Debug-iphonesimulator/SlingApp.swiftmodule/Project/arm64-apple-ios-simulator.swiftsourceinfo /Users/carsonjcohen/Library/Developer/Xcode/DerivedData/SlingApp-cqkoehzkjdxezmftyzgnqnqqnkvj/Build/Intermediates.noindex/SlingApp.build/Debug-iphonesimulator/SlingApp.build/Objects-normal/arm64/SlingApp.swiftsourceinfo (in target 'SlingApp' from project 'SlingApp')
    cd /Users/carsonjcohen/Desktop/SlingApp
    builtin-copy -exclude .DS_Store -exclude CVS -exclude .svn -exclude .git -exclude .hg -resolve-src-symlinks -rename /Users/carsonjcohen/Library/Developer/Xcode/DerivedData/SlingApp-cqkoehzkjdxezmftyzgnqnqqnkvj/Build/Intermediates.noindex/SlingApp.build/Debug-iphonesimulator/SlingApp.build/Objects-normal/arm64/SlingApp.swiftsourceinfo /Users/carsonjcohen/Library/Developer/Xcode/DerivedData/SlingApp-cqkoehzkjdxezmftyzgnqnqqnkvj/Build/Products/Debug-iphonesimulator/SlingApp.swiftmodule/Project/arm64-apple-ios-simulator.swiftsourceinfo

** BUILD FAILED **


The following build commands failed:
	SwiftCompile normal arm64 /Users/carsonjcohen/Desktop/SlingApp/SlingApp/Views.swift (in target 'SlingApp' from project 'SlingApp')
	SwiftCompile normal arm64 Compiling\ Views.swift /Users/carsonjcohen/Desktop/SlingApp/SlingApp/Views.swift (in target 'SlingApp' from project 'SlingApp')
	Building project SlingApp with scheme SlingApp
(3 failures)
